Archive member included to satisfy reference by file (symbol)

/home/rutuja/sjtwo-c/compiler/linux/gcc-arm-none-eabi-8-2019-q3-update/bin/../lib/gcc/arm-none-eabi/8.3.1/thumb/v7e-m+fp/hard/libgcc.a(_aeabi_uldivmod.o)
                              _build_lpc40xx_freertos/obj/delay.o (__aeabi_uldivmod)
/home/rutuja/sjtwo-c/compiler/linux/gcc-arm-none-eabi-8-2019-q3-update/bin/../lib/gcc/arm-none-eabi/8.3.1/thumb/v7e-m+fp/hard/libgcc.a(_udivmoddi4.o)
                              /home/rutuja/sjtwo-c/compiler/linux/gcc-arm-none-eabi-8-2019-q3-update/bin/../lib/gcc/arm-none-eabi/8.3.1/thumb/v7e-m+fp/hard/libgcc.a(_aeabi_uldivmod.o) (__udivmoddi4)
/home/rutuja/sjtwo-c/compiler/linux/gcc-arm-none-eabi-8-2019-q3-update/bin/../lib/gcc/arm-none-eabi/8.3.1/thumb/v7e-m+fp/hard/libgcc.a(_dvmd_tls.o)
                              /home/rutuja/sjtwo-c/compiler/linux/gcc-arm-none-eabi-8-2019-q3-update/bin/../lib/gcc/arm-none-eabi/8.3.1/thumb/v7e-m+fp/hard/libgcc.a(_aeabi_uldivmod.o) (__aeabi_ldiv0)
/home/rutuja/sjtwo-c/compiler/linux/gcc-arm-none-eabi-8-2019-q3-update/bin/../lib/gcc/arm-none-eabi/8.3.1/../../../../arm-none-eabi/lib/thumb/v7e-m+fp/hard/libg_nano.a(lib_a-malloc.o)
                              _build_lpc40xx_freertos/obj/heap_3.o (malloc)
/home/rutuja/sjtwo-c/compiler/linux/gcc-arm-none-eabi-8-2019-q3-update/bin/../lib/gcc/arm-none-eabi/8.3.1/../../../../arm-none-eabi/lib/thumb/v7e-m+fp/hard/libg_nano.a(lib_a-memcpy-stub.o)
                              _build_lpc40xx_freertos/obj/queue.o (memcpy)
/home/rutuja/sjtwo-c/compiler/linux/gcc-arm-none-eabi-8-2019-q3-update/bin/../lib/gcc/arm-none-eabi/8.3.1/../../../../arm-none-eabi/lib/thumb/v7e-m+fp/hard/libg_nano.a(lib_a-memset.o)
                              _build_lpc40xx_freertos/obj/stream_buffer.o (memset)
/home/rutuja/sjtwo-c/compiler/linux/gcc-arm-none-eabi-8-2019-q3-update/bin/../lib/gcc/arm-none-eabi/8.3.1/../../../../arm-none-eabi/lib/thumb/v7e-m+fp/hard/libg_nano.a(lib_a-nano-freer.o)
                              /home/rutuja/sjtwo-c/compiler/linux/gcc-arm-none-eabi-8-2019-q3-update/bin/../lib/gcc/arm-none-eabi/8.3.1/../../../../arm-none-eabi/lib/thumb/v7e-m+fp/hard/libg_nano.a(lib_a-malloc.o) (_free_r)
/home/rutuja/sjtwo-c/compiler/linux/gcc-arm-none-eabi-8-2019-q3-update/bin/../lib/gcc/arm-none-eabi/8.3.1/../../../../arm-none-eabi/lib/thumb/v7e-m+fp/hard/libg_nano.a(lib_a-nano-mallocr.o)
                              /home/rutuja/sjtwo-c/compiler/linux/gcc-arm-none-eabi-8-2019-q3-update/bin/../lib/gcc/arm-none-eabi/8.3.1/../../../../arm-none-eabi/lib/thumb/v7e-m+fp/hard/libg_nano.a(lib_a-malloc.o) (_malloc_r)
/home/rutuja/sjtwo-c/compiler/linux/gcc-arm-none-eabi-8-2019-q3-update/bin/../lib/gcc/arm-none-eabi/8.3.1/../../../../arm-none-eabi/lib/thumb/v7e-m+fp/hard/libg_nano.a(lib_a-sbrkr.o)
                              /home/rutuja/sjtwo-c/compiler/linux/gcc-arm-none-eabi-8-2019-q3-update/bin/../lib/gcc/arm-none-eabi/8.3.1/../../../../arm-none-eabi/lib/thumb/v7e-m+fp/hard/libg_nano.a(lib_a-nano-mallocr.o) (_sbrk_r)
/home/rutuja/sjtwo-c/compiler/linux/gcc-arm-none-eabi-8-2019-q3-update/bin/../lib/gcc/arm-none-eabi/8.3.1/../../../../arm-none-eabi/lib/thumb/v7e-m+fp/hard/libg_nano.a(lib_a-strlen.o)
                              _build_lpc40xx_freertos/obj/uart_printf.o (strlen)
/home/rutuja/sjtwo-c/compiler/linux/gcc-arm-none-eabi-8-2019-q3-update/bin/../lib/gcc/arm-none-eabi/8.3.1/../../../../arm-none-eabi/lib/thumb/v7e-m+fp/hard/libg_nano.a(lib_a-vsnprintf.o)
                              _build_lpc40xx_freertos/obj/uart_printf.o (vsnprintf)
/home/rutuja/sjtwo-c/compiler/linux/gcc-arm-none-eabi-8-2019-q3-update/bin/../lib/gcc/arm-none-eabi/8.3.1/../../../../arm-none-eabi/lib/thumb/v7e-m+fp/hard/libg_nano.a(lib_a-impure.o)
                              /home/rutuja/sjtwo-c/compiler/linux/gcc-arm-none-eabi-8-2019-q3-update/bin/../lib/gcc/arm-none-eabi/8.3.1/../../../../arm-none-eabi/lib/thumb/v7e-m+fp/hard/libg_nano.a(lib_a-malloc.o) (_impure_ptr)
/home/rutuja/sjtwo-c/compiler/linux/gcc-arm-none-eabi-8-2019-q3-update/bin/../lib/gcc/arm-none-eabi/8.3.1/../../../../arm-none-eabi/lib/thumb/v7e-m+fp/hard/libg_nano.a(lib_a-mlock.o)
                              /home/rutuja/sjtwo-c/compiler/linux/gcc-arm-none-eabi-8-2019-q3-update/bin/../lib/gcc/arm-none-eabi/8.3.1/../../../../arm-none-eabi/lib/thumb/v7e-m+fp/hard/libg_nano.a(lib_a-nano-freer.o) (__malloc_lock)
/home/rutuja/sjtwo-c/compiler/linux/gcc-arm-none-eabi-8-2019-q3-update/bin/../lib/gcc/arm-none-eabi/8.3.1/../../../../arm-none-eabi/lib/thumb/v7e-m+fp/hard/libg_nano.a(lib_a-nano-svfprintf.o)
                              /home/rutuja/sjtwo-c/compiler/linux/gcc-arm-none-eabi-8-2019-q3-update/bin/../lib/gcc/arm-none-eabi/8.3.1/../../../../arm-none-eabi/lib/thumb/v7e-m+fp/hard/libg_nano.a(lib_a-vsnprintf.o) (_svfprintf_r)
[...]
Memory Configuration

Name             Origin             Length             Attributes
MFlash512        0x0000000000000000 0x0000000000080000 xr
RamLoc64         0x0000000010000000 0x0000000000010000 xrw
RamPeriph32      0x0000000020000000 0x0000000000008000 xrw
*default*        0x0000000000000000 0xffffffffffffffff

Linker script and memory map

LOAD _build_lpc40xx_freertos/obj/entry_point.o
LOAD _build_lpc40xx_freertos/obj/interrupt_vector_table.o
LOAD _build_lpc40xx_freertos/obj/main.o
LOAD _build_lpc40xx_freertos/obj/rtos_hooks.o
LOAD _build_lpc40xx_freertos/obj/croutine.o
LOAD _build_lpc40xx_freertos/obj/event_groups.o
LOAD _build_lpc40xx_freertos/obj/list.o
LOAD _build_lpc40xx_freertos/obj/queue.o
LOAD _build_lpc40xx_freertos/obj/stream_buffer.o
LOAD _build_lpc40xx_freertos/obj/tasks.o
LOAD _build_lpc40xx_freertos/obj/timers.o
LOAD _build_lpc40xx_freertos/obj/heap_3.o
LOAD _build_lpc40xx_freertos/obj/port.o
LOAD _build_lpc40xx_freertos/obj/clock.o
LOAD _build_lpc40xx_freertos/obj/ram.o
LOAD _build_lpc40xx_freertos/obj/startup.o
LOAD _build_lpc40xx_freertos/obj/syscall.o
LOAD _build_lpc40xx_freertos/obj/gpio.o
LOAD _build_lpc40xx_freertos/obj/gpio_lab.o
LOAD _build_lpc40xx_freertos/obj/hw_timer.o
LOAD _build_lpc40xx_freertos/obj/lpc_peripherals.o
LOAD _build_lpc40xx_freertos/obj/uart.o
LOAD _build_lpc40xx_freertos/obj/delay.o
LOAD _build_lpc40xx_freertos/obj/sys_time.o
LOAD _build_lpc40xx_freertos/obj/uart_printf.o
START GROUP
LOAD /home/rutuja/sjtwo-c/compiler/linux/gcc-arm-none-eabi-8-2019-q3-update/bin/../lib/gcc/arm-none-eabi/8.3.1/thumb/v7e-m+fp/hard/libgcc.a
LOAD /home/rutuja/sjtwo-c/compiler/linux/gcc-arm-none-eabi-8-2019-q3-update/bin/../lib/gcc/arm-none-eabi/8.3.1/../../../../arm-none-eabi/lib/thumb/v7e-m+fp/hard/libg_nano.a
LOAD /home/rutuja/sjtwo-c/compiler/linux/gcc-arm-none-eabi-8-2019-q3-update/bin/../lib/gcc/arm-none-eabi/8.3.1/../../../../arm-none-eabi/lib/thumb/v7e-m+fp/hard/libc_nano.a
END GROUP
START GROUP
LOAD /home/rutuja/sjtwo-c/compiler/linux/gcc-arm-none-eabi-8-2019-q3-update/bin/../lib/gcc/arm-none-eabi/8.3.1/thumb/v7e-m+fp/hard/libgcc.a
LOAD /home/rutuja/sjtwo-c/compiler/linux/gcc-arm-none-eabi-8-2019-q3-update/bin/../lib/gcc/arm-none-eabi/8.3.1/../../../../arm-none-eabi/lib/thumb/v7e-m+fp/hard/libc_nano.a
LOAD /home/rutuja/sjtwo-c/compiler/linux/gcc-arm-none-eabi-8-2019-q3-update/bin/../lib/gcc/arm-none-eabi/8.3.1/../../../../arm-none-eabi/lib/thumb/v7e-m+fp/hard/libnosys.a
END GROUP
START GROUP
LOAD /home/rutuja/sjtwo-c/compiler/linux/gcc-arm-none-eabi-8-2019-q3-update/bin/../lib/gcc/arm-none-eabi/8.3.1/thumb/v7e-m+fp/hard/libgcc.a
LOAD /home/rutuja/sjtwo-c/compiler/linux/gcc-arm-none-eabi-8-2019-q3-update/bin/../lib/gcc/arm-none-eabi/8.3.1/../../../../arm-none-eabi/lib/thumb/v7e-m+fp/hard/libc_nano.a
LOAD /home/rutuja/sjtwo-c/compiler/linux/gcc-arm-none-eabi-8-2019-q3-update/bin/../lib/gcc/arm-none-eabi/8.3.1/../../../../arm-none-eabi/lib/thumb/v7e-m+fp/hard/libnosys.a
END GROUP
                0x0000000000000000                __base_MFlash512 = 0x0
                0x0000000000000000                __base_Flash = 0x0
                0x0000000000080000                __top_MFlash512 = 0x80000
                0x0000000000080000                __top_Flash = 0x80000
                0x0000000010000000                __base_RamLoc64 = 0x10000000
                0x0000000010000000                __base_RAM = 0x10000000
                0x0000000010010000                __top_RamLoc64 = 0x10010000
                0x0000000010010000                __top_RAM = 0x10010000
                0x0000000020000000                __base_RamPeriph32 = 0x20000000
                0x0000000020000000                __base_RAM2 = 0x20000000
                0x0000000020008000                __top_RamPeriph32 = 0x20008000
                0x0000000020008000                __top_RAM2 = 0x20008000
                0x0000000020000000                __user_heap_base = __base_RAM2

.text           0x0000000000000000     0x1b64
 FILL mask 0xff
                0x0000000000000000                __vectors_start__ = ABSOLUTE (.)
 *(.interrupt_vector_table)
 .interrupt_vector_table
                0x0000000000000000       0xe4 _build_lpc40xx_freertos/obj/interrupt_vector_table.o
                0x0000000000000000                interrupt_vector_table
                0x00000000000000e4                . = ALIGN (0x4)
                0x00000000000000e4                section_table_start = .
                0x00000000000000e4                data_section_table = .
                0x00000000000000e4        0x4 LONG 0x1b64 LOADADDR (.data)
                0x00000000000000e8        0x4 LONG 0x10000000 ADDR (.data)
                0x00000000000000ec        0x4 LONG 0x16c SIZEOF (.data)
                0x00000000000000f0        0x4 LONG 0x1b64 LOADADDR (.data_RAM2)
                0x00000000000000f4        0x4 LONG 0x20000000 ADDR (.data_RAM2)
                0x00000000000000f8        0x4 LONG 0x0 SIZEOF (.data_RAM2)
                0x00000000000000fc                data_section_table_end = .
                0x00000000000000fc                bss_section_table = .
                0x00000000000000fc        0x4 LONG 0x1000016c ADDR (.bss)
                0x0000000000000100        0x4 LONG 0x154 SIZEOF (.bss)
                0x0000000000000104        0x4 LONG 0x20000000 ADDR (.bss_RAM2)
                0x0000000000000108        0x4 LONG 0x0 SIZEOF (.bss_RAM2)
                0x000000000000010c                bss_section_table_end = .
                0x000000000000010c                section_table_end = .
 *(.after_vectors*)
                0x000000000000010c                . = ALIGN (0x4)
 *(.init)
                0x000000000000010c                . = ALIGN (0x4)
                0x000000000000010c                __preinit_array_start = .
 *(.preinit_array)
                0x000000000000010c                __preinit_array_end = .
                0x000000000000010c                . = ALIGN (0x4)
                0x000000000000010c                __init_array_start = .
 *(SORT_BY_NAME(.init_array.*))
 *(.init_array)
                0x000000000000010c                __init_array_end = .
 *(.fini)
                0x000000000000010c                . = ALIGN (0x4)
 *crtbegin.o(.ctors)
 *(EXCLUDE_FILE(*crtend.o) .ctors)
 *(SORT_BY_NAME(.ctors.*))
 *crtend.o(.ctors)
                0x000000000000010c                . = ALIGN (0x4)
 *crtbegin.o(.dtors)
 *(EXCLUDE_FILE(*crtend.o) .dtors)
 *(SORT_BY_NAME(.dtors.*))
 *crtend.o(.dtors)
 *(.text*)
 .text.entry_point
                0x000000000000010c       0x1c _build_lpc40xx_freertos/obj/entry_point.o
                0x000000000000010c                entry_point
 .text.halt     0x0000000000000128        0x2 _build_lpc40xx_freertos/obj/interrupt_vector_table.o
 .text.switch_task
                0x000000000000012a       0x3c _build_lpc40xx_freertos/obj/main.o
 .text.led_task
                0x0000000000000166       0x60 _build_lpc40xx_freertos/obj/main.o
 *fill*         0x00000000000001c6        0x2 ff
 .text.startup.main
                0x00000000000001c8      0x11c _build_lpc40xx_freertos/obj/main.o
                0x00000000000001c8                main
 .text.vApplicationStackOverflowHook
                0x00000000000002e4        0xa _build_lpc40xx_freertos/obj/rtos_hooks.o
                0x00000000000002e4                vApplicationStackOverflowHook
 *fill*         0x00000000000002ee        0x2 ff
 .text.vApplicationMallocFailedHook
                0x00000000000002f0       0x10 _build_lpc40xx_freertos/obj/rtos_hooks.o
                0x00000000000002f0                vApplicationMallocFailedHook
 .text.vApplicationIdleHook
                0x0000000000000300        0x2 _build_lpc40xx_freertos/obj/rtos_hooks.o
                0x0000000000000300                vApplicationIdleHook
 .text.vListInitialise
                0x0000000000000302       0x16 _build_lpc40xx_freertos/obj/list.o
                0x0000000000000302                vListInitialise
 .text.vListInitialiseItem
                0x0000000000000318        0x6 _build_lpc40xx_freertos/obj/list.o
                0x0000000000000318                vListInitialiseItem
 .text.vListInsertEnd
                0x000000000000031e       0x18 _build_lpc40xx_freertos/obj/list.o
                0x000000000000031e                vListInsertEnd
 .text.vListInsert
                0x0000000000000336       0x2e _build_lpc40xx_freertos/obj/list.o
                0x0000000000000336                vListInsert
 .text.uxListRemove
                0x0000000000000364       0x20 _build_lpc40xx_freertos/obj/list.o
                0x0000000000000364                uxListRemove
 .text.prvIsQueueEmpty
                0x0000000000000384       0x16 _build_lpc40xx_freertos/obj/queue.o
 .text.prvCopyDataToQueue
                0x000000000000039a       0x6a _build_lpc40xx_freertos/obj/queue.o
 .text.prvNotifyQueueSetContainer
                0x0000000000000404       0x4a _build_lpc40xx_freertos/obj/queue.o
 .text.prvCopyDataFromQueue
                0x000000000000044e       0x2a _build_lpc40xx_freertos/obj/queue.o
 .text.prvUnlockQueue
                0x0000000000000478       0x7e _build_lpc40xx_freertos/obj/queue.o
 *fill*         0x00000000000004f6        0x2 ff
 .text.xQueueGenericReset
                0x00000000000004f8       0x6c _build_lpc40xx_freertos/obj/queue.o
                0x00000000000004f8                xQueueGenericReset
 .text.xQueueGenericCreate
                0x0000000000000564       0x32 _build_lpc40xx_freertos/obj/queue.o
                0x0000000000000564                xQueueGenericCreate
 *fill*         0x0000000000000596        0x2 ff
 .text.xQueueGenericSend
                0x0000000000000598      0x114 _build_lpc40xx_freertos/obj/queue.o
                0x0000000000000598                xQueueGenericSend
 .text.xQueueGenericSendFromISR
                0x00000000000006ac       0x80 _build_lpc40xx_freertos/obj/queue.o
                0x00000000000006ac                xQueueGenericSendFromISR
 .text.xQueueSemaphoreTake
                0x000000000000072c      0x128 _build_lpc40xx_freertos/obj/queue.o
                0x000000000000072c                xQueueSemaphoreTake
 .text.xQueueReceiveFromISR
                0x0000000000000854       0x68 _build_lpc40xx_freertos/obj/queue.o
                0x0000000000000854                xQueueReceiveFromISR
 .text.prvIdleTask
                0x00000000000008bc       0x28 _build_lpc40xx_freertos/obj/tasks.o
 .text.prvResetNextTaskUnblockTime
                0x00000000000008e4       0x24 _build_lpc40xx_freertos/obj/tasks.o
 .text.prvAddCurrentTaskToDelayedList
                0x0000000000000908       0x8c _build_lpc40xx_freertos/obj/tasks.o
 .text.xTaskCreate
                0x0000000000000994      0x1c0 _build_lpc40xx_freertos/obj/tasks.o
                0x0000000000000994                xTaskCreate
 .text.vTaskStartScheduler
                0x0000000000000b54       0x60 _build_lpc40xx_freertos/obj/tasks.o
                0x0000000000000b54                vTaskStartScheduler
 .text.vTaskSuspendAll
                0x0000000000000bb4       0x10 _build_lpc40xx_freertos/obj/tasks.o
                0x0000000000000bb4                vTaskSuspendAll
 .text.xTaskIncrementTick
                0x0000000000000bc4      0x10c _build_lpc40xx_freertos/obj/tasks.o
                0x0000000000000bc4                xTaskIncrementTick
 .text.xTaskResumeAll
                0x0000000000000cd0       0xd8 _build_lpc40xx_freertos/obj/tasks.o
                0x0000000000000cd0                xTaskResumeAll
 .text.vTaskDelay
                0x0000000000000da8       0x30 _build_lpc40xx_freertos/obj/tasks.o
                0x0000000000000da8                vTaskDelay
 .text.vTaskSwitchContext
                0x0000000000000dd8       0x8c _build_lpc40xx_freertos/obj/tasks.o
                0x0000000000000dd8                vTaskSwitchContext
 .text.vTaskPlaceOnEventList
                0x0000000000000e64       0x20 _build_lpc40xx_freertos/obj/tasks.o
                0x0000000000000e64                vTaskPlaceOnEventList
 .text.xTaskRemoveFromEventList
                0x0000000000000e84       0x70 _build_lpc40xx_freertos/obj/tasks.o
                0x0000000000000e84                xTaskRemoveFromEventList
 .text.vTaskInternalSetTimeOutState
                0x0000000000000ef4       0x18 _build_lpc40xx_freertos/obj/tasks.o
                0x0000000000000ef4                vTaskInternalSetTimeOutState
 .text.xTaskCheckForTimeOut
                0x0000000000000f0c       0x50 _build_lpc40xx_freertos/obj/tasks.o
                0x0000000000000f0c                xTaskCheckForTimeOut
 .text.vTaskMissedYield
                0x0000000000000f5c        0xc _build_lpc40xx_freertos/obj/tasks.o
                0x0000000000000f5c                vTaskMissedYield
 .text.xTaskGetSchedulerState
                0x0000000000000f68       0x20 _build_lpc40xx_freertos/obj/tasks.o
                0x0000000000000f68                xTaskGetSchedulerState
 .text.xTaskPriorityInherit
                0x0000000000000f88       0xa4 _build_lpc40xx_freertos/obj/tasks.o
                0x0000000000000f88                xTaskPriorityInherit
 .text.xTaskPriorityDisinherit
                0x000000000000102c       0x70 _build_lpc40xx_freertos/obj/tasks.o
                0x000000000000102c                xTaskPriorityDisinherit
 .text.vTaskPriorityDisinheritAfterTimeout
                0x000000000000109c       0x80 _build_lpc40xx_freertos/obj/tasks.o
                0x000000000000109c                vTaskPriorityDisinheritAfterTimeout
 .text.pvTaskIncrementMutexHeldCount
                0x000000000000111c       0x18 _build_lpc40xx_freertos/obj/tasks.o
                0x000000000000111c                pvTaskIncrementMutexHeldCount
 .text.pvPortMalloc
                0x0000000000001134       0x1e _build_lpc40xx_freertos/obj/heap_3.o
                0x0000000000001134                pvPortMalloc
 .text.vPortFree
                0x0000000000001152       0x1a _build_lpc40xx_freertos/obj/heap_3.o
                0x0000000000001152                vPortFree
 .text.prvTaskExitError
                0x000000000000116c       0x20 _build_lpc40xx_freertos/obj/port.o
 .text.prvPortStartFirstTask
                0x000000000000118c       0x28 _build_lpc40xx_freertos/obj/port.o
 .text.vPortEnableVFP
                0x00000000000011b4       0x14 _build_lpc40xx_freertos/obj/port.o
 .text.pxPortInitialiseStack
                0x00000000000011c8       0x2c _build_lpc40xx_freertos/obj/port.o
                0x00000000000011c8                pxPortInitialiseStack
 *fill*         0x00000000000011f4        0xc ff
 .text.vPortSVCHandler
                0x0000000000001200       0x24 _build_lpc40xx_freertos/obj/port.o
                0x0000000000001200                vPortSVCHandler
 .text.vPortEnterCritical
                0x0000000000001224       0x20 _build_lpc40xx_freertos/obj/port.o
                0x0000000000001224                vPortEnterCritical
 .text.vPortExitCritical
                0x0000000000001244       0x14 _build_lpc40xx_freertos/obj/port.o
                0x0000000000001244                vPortExitCritical
 *fill*         0x0000000000001258        0x8 ff
 .text.xPortPendSVHandler
                0x0000000000001260       0x64 _build_lpc40xx_freertos/obj/port.o
                0x0000000000001260                xPortPendSVHandler
 .text.xPortSysTickHandler
                0x00000000000012c4       0x2c _build_lpc40xx_freertos/obj/port.o
                0x00000000000012c4                xPortSysTickHandler
 .text.vPortSetupTimerInterrupt
                0x00000000000012f0       0x30 _build_lpc40xx_freertos/obj/port.o
                0x00000000000012f0                vPortSetupTimerInterrupt
 .text.xPortStartScheduler
                0x0000000000001320       0x48 _build_lpc40xx_freertos/obj/port.o
                0x0000000000001320                xPortStartScheduler
 .text.clock__get_core_clock_hz
                0x0000000000001368        0x8 _build_lpc40xx_freertos/obj/clock.o
                0x0000000000001368                clock__get_core_clock_hz
 .text.clock__initialize_system_clock_96mhz
                0x0000000000001370       0x40 _build_lpc40xx_freertos/obj/clock.o
                0x0000000000001370                clock__initialize_system_clock_96mhz
 .text.ram__init_data
                0x00000000000013b0       0x44 _build_lpc40xx_freertos/obj/ram.o
                0x00000000000013b0                ram__init_data
 .text.ram__init_bss
                0x00000000000013f4       0x34 _build_lpc40xx_freertos/obj/ram.o
                0x00000000000013f4                ram__init_bss
 .text.startup__initialize_ram
                0x0000000000001428        0xe _build_lpc40xx_freertos/obj/startup.o
                0x0000000000001428                startup__initialize_ram
 *fill*         0x0000000000001436        0x2 ff
 .text.startup__initialize_cpu
                0x0000000000001438       0x14 _build_lpc40xx_freertos/obj/startup.o
                0x0000000000001438                startup__initialize_cpu
 .text._sbrk    0x000000000000144c       0x28 _build_lpc40xx_freertos/obj/syscall.o
                0x000000000000144c                _sbrk
 .text.gpio__set_function
                0x0000000000001474       0x30 _build_lpc40xx_freertos/obj/gpio.o
                0x0000000000001474                gpio__set_function
 .text.gpio__construct_with_function
                0x00000000000014a4       0x1e _build_lpc40xx_freertos/obj/gpio.o
                0x00000000000014a4                gpio__construct_with_function
 *fill*         0x00000000000014c2        0x2 ff
 .text.gpiol__set_as_input
                0x00000000000014c4       0x1c _build_lpc40xx_freertos/obj/gpio_lab.o
                0x00000000000014c4                gpiol__set_as_input
 .text.gpiol__set_as_output
                0x00000000000014e0       0x18 _build_lpc40xx_freertos/obj/gpio_lab.o
                0x00000000000014e0                gpiol__set_as_output
 .text.gpiol__set_high
                0x00000000000014f8       0x14 _build_lpc40xx_freertos/obj/gpio_lab.o
                0x00000000000014f8                gpiol__set_high
 .text.gpiol__set_low
                0x000000000000150c       0x14 _build_lpc40xx_freertos/obj/gpio_lab.o
                0x000000000000150c                gpiol__set_low
 .text.gpiol__get_level
                0x0000000000001520       0x1c _build_lpc40xx_freertos/obj/gpio_lab.o
                0x0000000000001520                gpiol__get_level
 .text.hw_timer__enable
                0x000000000000153c       0x38 _build_lpc40xx_freertos/obj/hw_timer.o
                0x000000000000153c                hw_timer__enable
 .text.hw_timer__enable_match_isr_and_reset
                0x0000000000001574       0x2c _build_lpc40xx_freertos/obj/hw_timer.o
                0x0000000000001574                hw_timer__enable_match_isr_and_reset
 .text.hw_timer__acknowledge_interrupt
                0x00000000000015a0       0x14 _build_lpc40xx_freertos/obj/hw_timer.o
                0x00000000000015a0                hw_timer__acknowledge_interrupt
 .text.lpc_peripheral__halt_handler
                0x00000000000015b4        0x2 _build_lpc40xx_freertos/obj/lpc_peripherals.o
 *fill*         0x00000000000015b6        0x2 ff
 .text.lpc_peripheral__interrupt_dispatcher
                0x00000000000015b8       0x18 _build_lpc40xx_freertos/obj/lpc_peripherals.o
                0x00000000000015b8                lpc_peripheral__interrupt_dispatcher
 .text.lpc_peripheral__turn_on_power_to
                0x00000000000015d0       0x24 _build_lpc40xx_freertos/obj/lpc_peripherals.o
                0x00000000000015d0                lpc_peripheral__turn_on_power_to
 .text.lpc_peripheral__enable_interrupt
                0x00000000000015f4       0x28 _build_lpc40xx_freertos/obj/lpc_peripherals.o
                0x00000000000015f4                lpc_peripheral__enable_interrupt
 .text.uart__isr_common
                0x000000000000161c       0x94 _build_lpc40xx_freertos/obj/uart.o
 .text.uart3_isr
                0x00000000000016b0        0xc _build_lpc40xx_freertos/obj/uart.o
 .text.uart2_isr
                0x00000000000016bc        0xc _build_lpc40xx_freertos/obj/uart.o
 .text.uart1_isr
                0x00000000000016c8        0xc _build_lpc40xx_freertos/obj/uart.o
 .text.uart0_isr
                0x00000000000016d4        0xc _build_lpc40xx_freertos/obj/uart.o
 .text.uart__enable_receive_and_transmit_interrupts
                0x00000000000016e0       0x1c _build_lpc40xx_freertos/obj/uart.o
                0x00000000000016e0                uart__enable_receive_and_transmit_interrupts
 .text.uart__init
                0x00000000000016fc       0x64 _build_lpc40xx_freertos/obj/uart.o
                0x00000000000016fc                uart__init
 .text.uart__enable_queues
                0x0000000000001760       0x48 _build_lpc40xx_freertos/obj/uart.o
                0x0000000000001760                uart__enable_queues
 .text.uart__put
                0x00000000000017a8       0x68 _build_lpc40xx_freertos/obj/uart.o
                0x00000000000017a8                uart__put
 .text.uart__polled_put
                0x0000000000001810       0x48 _build_lpc40xx_freertos/obj/uart.o
                0x0000000000001810                uart__polled_put
 .text.sys_time__1sec_isr
                0x0000000000001858       0x14 _build_lpc40xx_freertos/obj/sys_time.o
 .text.sys_time__init
                0x000000000000186c       0x28 _build_lpc40xx_freertos/obj/sys_time.o
                0x000000000000186c                sys_time__init
 .text.uart_puts__polled
                0x0000000000001894       0x2a _build_lpc40xx_freertos/obj/uart_printf.o
                0x0000000000001894                uart_puts__polled
 *fill*         0x00000000000018be        0x2 ff
 .text.malloc   0x00000000000018c0       0x10 /home/rutuja/sjtwo-c/compiler/linux/gcc-arm-none-eabi-8-2019-q3-update/bin/../lib/gcc/arm-none-eabi/8.3.1/../../../../arm-none-eabi/lib/thumb/v7e-m+fp/hard/libg_nano.a(lib_a-malloc.o)
                0x00000000000018c0                malloc
 .text.free     0x00000000000018d0       0x10 /home/rutuja/sjtwo-c/compiler/linux/gcc-arm-none-eabi-8-2019-q3-update/bin/../lib/gcc/arm-none-eabi/8.3.1/../../../../arm-none-eabi/lib/thumb/v7e-m+fp/hard/libg_nano.a(lib_a-malloc.o)
                0x00000000000018d0                free
 .text.memcpy   0x00000000000018e0       0x1c /home/rutuja/sjtwo-c/compiler/linux/gcc-arm-none-eabi-8-2019-q3-update/bin/../lib/gcc/arm-none-eabi/8.3.1/../../../../arm-none-eabi/lib/thumb/v7e-m+fp/hard/libg_nano.a(lib_a-memcpy-stub.o)
                0x00000000000018e0                memcpy
 .text.memset   0x00000000000018fc       0x10 /home/rutuja/sjtwo-c/compiler/linux/gcc-arm-none-eabi-8-2019-q3-update/bin/../lib/gcc/arm-none-eabi/8.3.1/../../../../arm-none-eabi/lib/thumb/v7e-m+fp/hard/libg_nano.a(lib_a-memset.o)
                0x00000000000018fc                memset
 .text._free_r  0x000000000000190c       0x9c /home/rutuja/sjtwo-c/compiler/linux/gcc-arm-none-eabi-8-2019-q3-update/bin/../lib/gcc/arm-none-eabi/8.3.1/../../../../arm-none-eabi/lib/thumb/v7e-m+fp/hard/libg_nano.a(lib_a-nano-freer.o)
                0x000000000000190c                _free_r
 .text._malloc_r
                0x00000000000019a8       0xb4 /home/rutuja/sjtwo-c/compiler/linux/gcc-arm-none-eabi-8-2019-q3-update/bin/../lib/gcc/arm-none-eabi/8.3.1/../../../../arm-none-eabi/lib/thumb/v7e-m+fp/hard/libg_nano.a(lib_a-nano-mallocr.o)
                0x00000000000019a8                _malloc_r
 .text._sbrk_r  0x0000000000001a5c       0x20 /home/rutuja/sjtwo-c/compiler/linux/gcc-arm-none-eabi-8-2019-q3-update/bin/../lib/gcc/arm-none-eabi/8.3.1/../../../../arm-none-eabi/lib/thumb/v7e-m+fp/hard/libg_nano.a(lib_a-sbrkr.o)
                0x0000000000001a5c                _sbrk_r
 .text          0x0000000000001a7c       0x10 /home/rutuja/sjtwo-c/compiler/linux/gcc-arm-none-eabi-8-2019-q3-update/bin/../lib/gcc/arm-none-eabi/8.3.1/../../../../arm-none-eabi/lib/thumb/v7e-m+fp/hard/libg_nano.a(lib_a-strlen.o)
                0x0000000000001a7c                strlen
 .text.__malloc_lock
                0x0000000000001a8c        0xc /home/rutuja/sjtwo-c/compiler/linux/gcc-arm-none-eabi-8-2019-q3-update/bin/../lib/gcc/arm-none-eabi/8.3.1/../../../../arm-none-eabi/lib/thumb/v7e-m+fp/hard/libg_nano.a(lib_a-mlock.o)
                0x0000000000001a8c                __malloc_lock
 .text.__malloc_unlock
                0x0000000000001a98        0xc /home/rutuja/sjtwo-c/compiler/linux/gcc-arm-none-eabi-8-2019-q3-update/bin/../lib/gcc/arm-none-eabi/8.3.1/../../../../arm-none-eabi/lib/thumb/v7e-m+fp/hard/libg_nano.a(lib_a-mlock.o)
                0x0000000000001a98                __malloc_unlock
 .text.__retarget_lock_acquire_recursive
                0x0000000000001aa4        0x2 /home/rutuja/sjtwo-c/compiler/linux/gcc-arm-none-eabi-8-2019-q3-update/bin/../lib/gcc/arm-none-eabi/8.3.1/../../../../arm-none-eabi/lib/thumb/v7e-m+fp/hard/libg_nano.a(lib_a-lock.o)
                0x0000000000001aa4                __retarget_lock_acquire_recursive
 .text.__retarget_lock_release_recursive
                0x0000000000001aa6        0x2 /home/rutuja/sjtwo-c/compiler/linux/gcc-arm-none-eabi-8-2019-q3-update/bin/../lib/gcc/arm-none-eabi/8.3.1/../../../../arm-none-eabi/lib/thumb/v7e-m+fp/hard/libg_nano.a(lib_a-lock.o)
                0x0000000000001aa6                __retarget_lock_release_recursive
 *(.rodata .rodata.* .constdata .constdata.*)
 .rodata.main.str1.1
                0x0000000000001aa8       0x3a _build_lpc40xx_freertos/obj/main.o
 .rodata.vApplicationMallocFailedHook.str1.1
                0x0000000000001ae2       0x36 _build_lpc40xx_freertos/obj/rtos_hooks.o
 .rodata.vTaskStartScheduler.str1.1
                0x0000000000001b18        0x5 _build_lpc40xx_freertos/obj/tasks.o
 *fill*         0x0000000000001b1d        0x3 ff
 .rodata.gpio_regs_pointers
                0x0000000000001b20       0x18 _build_lpc40xx_freertos/obj/gpio_lab.o
 .rodata.hw_timers
                0x0000000000001b38       0x20 _build_lpc40xx_freertos/obj/hw_timer.o
 .rodata.lpc_peripheral_pconp_bit_map
                0x0000000000001b58        0x9 _build_lpc40xx_freertos/obj/lpc_peripherals.o
                0x0000000000001b64                . = ALIGN (0x4)
 *fill*         0x0000000000001b61        0x3 ff

.glue_7         0x0000000000001b64        0x0
 .glue_7        0x0000000000001b64        0x0 linker stubs

.glue_7t        0x0000000000001b64        0x0
 .glue_7t       0x0000000000001b64        0x0 linker stubs

.vfp11_veneer   0x0000000000001b64        0x0
 .vfp11_veneer  0x0000000000001b64        0x0 linker stubs

.v4_bx          0x0000000000001b64        0x0
 .v4_bx         0x0000000000001b64        0x0 linker stubs

.iplt           0x0000000000001b64        0x0
 .iplt          0x0000000000001b64        0x0 _build_lpc40xx_freertos/obj/entry_point.o

.rel.dyn        0x0000000000001b64        0x0
 .rel.iplt      0x0000000000001b64        0x0 _build_lpc40xx_freertos/obj/entry_point.o

.ARM.extab
 *(.ARM.extab* .gnu.linkonce.armextab.*)
                0x0000000000001b64                __exidx_start = .

.ARM.exidx
 *(.ARM.exidx* .gnu.linkonce.armexidx.*)
                0x0000000000001b64                __exidx_end = .
                0x0000000000001b64                _etext = .

.data_RAM2      0x0000000020000000        0x0 load address 0x0000000000001b64
 FILL mask 0xff
                [!provide]                        PROVIDE (__start_data_RAM2 = .)
 *(.ramfunc.$RAM2)
 *(.ramfunc.$RamPeriph32)
 *(.data.$RAM2*)
 *(.data.$RamPeriph32*)
                0x0000000020000000                . = ALIGN (0x4)
                0x0000000020000000                PROVIDE (__end_data_RAM2 = .)

.uninit_RESERVED
                0x0000000010000000        0x0
 *(.bss.$RESERVED*)
                0x0000000010000000                . = ALIGN (0x4)
                0x0000000010000000                _end_uninit_RESERVED = .

.data           0x0000000010000000      0x16c load address 0x0000000000001b64
 FILL mask 0xff
                0x0000000010000000                _data = .
 *(vtable)
 *(.ramfunc*)
 *(.data*)
 .data.uxCriticalNesting
                0x0000000010000000        0x4 _build_lpc40xx_freertos/obj/port.o
 .data.lpc_peripheral__isr_registrations
                0x0000000010000004       0xa4 _build_lpc40xx_freertos/obj/lpc_peripherals.o
 .data.uarts    0x00000000100000a8       0x60 _build_lpc40xx_freertos/obj/uart.o
 .data._impure_ptr
                0x0000000010000108        0x4 /home/rutuja/sjtwo-c/compiler/linux/gcc-arm-none-eabi-8-2019-q3-update/bin/../lib/gcc/arm-none-eabi/8.3.1/../../../../arm-none-eabi/lib/thumb/v7e-m+fp/hard/libg_nano.a(lib_a-impure.o)
                0x0000000010000108                _impure_ptr
 .data.impure_data
                0x000000001000010c       0x60 /home/rutuja/sjtwo-c/compiler/linux/gcc-arm-none-eabi-8-2019-q3-update/bin/../lib/gcc/arm-none-eabi/8.3.1/../../../../arm-none-eabi/lib/thumb/v7e-m+fp/hard/libg_nano.a(lib_a-impure.o)
                0x000000001000016c                . = ALIGN (0x4)
                0x000000001000016c                PROVIDE (_edata = .)

.igot.plt       0x000000001000016c        0x0 load address 0x0000000000001cd0
 .igot.plt      0x000000001000016c        0x0 _build_lpc40xx_freertos/obj/entry_point.o

.bss_RAM2       0x0000000020000000        0x0
                0x0000000020000000                PROVIDE (__start_bss_RAM2 = .)
 *(.bss.$RAM2*)
 *(.bss.$RamPeriph32*)
                0x0000000020000000                . = ALIGN ((. != 0x0)?0x4:0x1)
                0x0000000020000000                PROVIDE (__end_bss_RAM2 = .)

.bss            0x000000001000016c      0x154
                0x000000001000016c                _bss = .
 *(.bss*)
 .bss.led_i.7878
                0x000000001000016c       0x10 _build_lpc40xx_freertos/obj/main.o
 .bss.led_x.7880
                0x000000001000017c       0x10 _build_lpc40xx_freertos/obj/main.o
 .bss.switch_i.7879
                0x000000001000018c       0x10 _build_lpc40xx_freertos/obj/main.o
 .bss.switch_x.7881
                0x000000001000019c       0x10 _build_lpc40xx_freertos/obj/main.o
 .bss.xSemaphore_i
                0x00000000100001ac        0x4 _build_lpc40xx_freertos/obj/main.o
                0x00000000100001ac                xSemaphore_i
 .bss.xSemaphore_x
                0x00000000100001b0        0x4 _build_lpc40xx_freertos/obj/main.o
                0x00000000100001b0                xSemaphore_x
 .bss.pxCurrentTCB
                0x00000000100001b4        0x4 _build_lpc40xx_freertos/obj/tasks.o
                0x00000000100001b4                pxCurrentTCB
 .bss.pxDelayedTaskList
                0x00000000100001b8        0x4 _build_lpc40xx_freertos/obj/tasks.o
 .bss.pxOverflowDelayedTaskList
                0x00000000100001bc        0x4 _build_lpc40xx_freertos/obj/tasks.o
 .bss.pxReadyTasksLists
                0x00000000100001c0       0x64 _build_lpc40xx_freertos/obj/tasks.o
 .bss.uxCurrentNumberOfTasks
                0x0000000010000224        0x4 _build_lpc40xx_freertos/obj/tasks.o
 .bss.uxPendedTicks
                0x0000000010000228        0x4 _build_lpc40xx_freertos/obj/tasks.o
 .bss.uxSchedulerSuspended
                0x000000001000022c        0x4 _build_lpc40xx_freertos/obj/tasks.o
 .bss.uxTaskNumber
                0x0000000010000230        0x4 _build_lpc40xx_freertos/obj/tasks.o
 .bss.uxTopReadyPriority
                0x0000000010000234        0x4 _build_lpc40xx_freertos/obj/tasks.o
 .bss.xDelayedTaskList1
                0x0000000010000238       0x14 _build_lpc40xx_freertos/obj/tasks.o
 .bss.xDelayedTaskList2
                0x000000001000024c       0x14 _build_lpc40xx_freertos/obj/tasks.o
 .bss.xIdleTaskHandle
                0x0000000010000260        0x4 _build_lpc40xx_freertos/obj/tasks.o
 .bss.xNextTaskUnblockTime
                0x0000000010000264        0x4 _build_lpc40xx_freertos/obj/tasks.o
 .bss.xNumOfOverflows
                0x0000000010000268        0x4 _build_lpc40xx_freertos/obj/tasks.o
 .bss.xPendingReadyList
                0x000000001000026c       0x14 _build_lpc40xx_freertos/obj/tasks.o
 .bss.xSchedulerRunning
                0x0000000010000280        0x4 _build_lpc40xx_freertos/obj/tasks.o
 .bss.xSuspendedTaskList
                0x0000000010000284       0x14 _build_lpc40xx_freertos/obj/tasks.o
 .bss.xTickCount
                0x0000000010000298        0x4 _build_lpc40xx_freertos/obj/tasks.o
 .bss.xYieldPending
                0x000000001000029c        0x4 _build_lpc40xx_freertos/obj/tasks.o
 .bss.current_heap_base_ptr.5383
                0x00000000100002a0        0x4 _build_lpc40xx_freertos/obj/syscall.o
 .bss.sys_time__sec_counter
                0x00000000100002a4        0x4 _build_lpc40xx_freertos/obj/sys_time.o
 .bss.__malloc_free_list
                0x00000000100002a8        0x4 /home/rutuja/sjtwo-c/compiler/linux/gcc-arm-none-eabi-8-2019-q3-update/bin/../lib/gcc/arm-none-eabi/8.3.1/../../../../arm-none-eabi/lib/thumb/v7e-m+fp/hard/libg_nano.a(lib_a-nano-mallocr.o)
                0x00000000100002a8                __malloc_free_list
 .bss.__malloc_sbrk_start
                0x00000000100002ac        0x4 /home/rutuja/sjtwo-c/compiler/linux/gcc-arm-none-eabi-8-2019-q3-update/bin/../lib/gcc/arm-none-eabi/8.3.1/../../../../arm-none-eabi/lib/thumb/v7e-m+fp/hard/libg_nano.a(lib_a-nano-mallocr.o)
                0x00000000100002ac                __malloc_sbrk_start
 *(COMMON)
 COMMON         0x00000000100002b0        0x4 /home/rutuja/sjtwo-c/compiler/linux/gcc-arm-none-eabi-8-2019-q3-update/bin/../lib/gcc/arm-none-eabi/8.3.1/../../../../arm-none-eabi/lib/thumb/v7e-m+fp/hard/libg_nano.a(lib_a-reent.o)
                0x00000000100002b0                errno
 COMMON         0x00000000100002b4        0x9 /home/rutuja/sjtwo-c/compiler/linux/gcc-arm-none-eabi-8-2019-q3-update/bin/../lib/gcc/arm-none-eabi/8.3.1/../../../../arm-none-eabi/lib/thumb/v7e-m+fp/hard/libg_nano.a(lib_a-lock.o)
                0x00000000100002b4                __lock___atexit_recursive_mutex
                0x00000000100002b5                __lock___arc4random_mutex
                0x00000000100002b6                __lock___env_recursive_mutex
                0x00000000100002b7                __lock___sinit_recursive_mutex
                0x00000000100002b8                __lock___malloc_recursive_mutex
                0x00000000100002b9                __lock___at_quick_exit_mutex
                0x00000000100002ba                __lock___dd_hash_mutex
                0x00000000100002bb                __lock___tz_mutex
                0x00000000100002bc                __lock___sfp_recursive_mutex
                0x00000000100002c0                . = ALIGN (0x4)
 *fill*         0x00000000100002bd        0x3 
                0x00000000100002c0                PROVIDE (_ebss = .)
                [!provide]                        PROVIDE (end = .)

.noinit_RAM2    0x0000000020000000        0x0
 *(.noinit.$RAM2*)
 *(.noinit.$RamPeriph32*)
                0x0000000020000000                . = ALIGN (0x4)

.noinit         0x00000000100002c0        0x0
                0x00000000100002c0                _noinit = .
 *(.noinit*)
                0x00000000100002c0                . = ALIGN (0x4)
                0x00000000100002c0                _end_noinit = .
                0x0000000020000000                PROVIDE (heap = DEFINED (__user_heap_base)?__user_heap_base:.)
                0x0000000020008000                PROVIDE (heap_end = __top_RAM2)
                0x0000000010010000                PROVIDE (StackTop = DEFINED (__user_stack_top)?__user_stack_top:(__top_RamLoc64 - 0x0))
                0x0000000020000000                PROVIDE (_bheap = heap)
                0x0000000020008000                PROVIDE (_eheap = heap_end)
                0x0000000010010000                PROVIDE (_estack = StackTop)
                0x0000000000001b64                PROVIDE (_bdata_lma = LOADADDR (.data))
                0x0000000010000000                PROVIDE (_bdata_vma = ADDR (.data))
                0x0000000000001b64                PROVIDE (_bdata_lma_peripheral = LOADADDR (.data_RAM2))
                0x0000000020000000                PROVIDE (_bdata_vma_peripheral = ADDR (.data_RAM2))
                0x0000000020000000                PROVIDE (_edata_peripheral = __end_data_RAM2)
                0x000000001000016c                PROVIDE (_bbss = _bss)
                0x0000000020000000                PROVIDE (_bbss_peripheral = __start_bss_RAM2)
                0x0000000020000000                PROVIDE (_ebss_peripheral = __end_bss_RAM2)
OUTPUT(_build_lpc40xx_freertos/lpc40xx_freertos.elf elf32-littlearm)

.debug_info     0x0000000000000000     0xc6be
 .debug_info    0x0000000000000000      0x101 _build_lpc40xx_freertos/obj/entry_point.o
 .debug_info    0x0000000000000101       0xc1 _build_lpc40xx_freertos/obj/interrupt_vector_table.o
 .debug_info    0x00000000000001c2      0x7df _build_lpc40xx_freertos/obj/main.o
 .debug_info    0x00000000000009a1      0x1e5 _build_lpc40xx_freertos/obj/rtos_hooks.o
 .debug_info    0x0000000000000b86      0xb9c _build_lpc40xx_freertos/obj/list.o
 .debug_info    0x0000000000001722     0x262a _build_lpc40xx_freertos/obj/queue.o
 .debug_info    0x0000000000003d4c     0x2cbe _build_lpc40xx_freertos/obj/tasks.o
 .debug_info    0x0000000000006a0a      0xa5a _build_lpc40xx_freertos/obj/heap_3.o
 .debug_info    0x0000000000007464      0x3c4 _build_lpc40xx_freertos/obj/port.o
 .debug_info    0x0000000000007828      0x442 _build_lpc40xx_freertos/obj/clock.o
 .debug_info    0x0000000000007c6a      0x27c _build_lpc40xx_freertos/obj/ram.o
 .debug_info    0x0000000000007ee6      0x450 _build_lpc40xx_freertos/obj/startup.o
 .debug_info    0x0000000000008336      0x13e _build_lpc40xx_freertos/obj/syscall.o
 .debug_info    0x0000000000008474      0xf83 _build_lpc40xx_freertos/obj/gpio.o
 .debug_info    0x00000000000093f7      0x3c8 _build_lpc40xx_freertos/obj/gpio_lab.o
 .debug_info    0x00000000000097bf      0x49f _build_lpc40xx_freertos/obj/hw_timer.o
 .debug_info    0x0000000000009c5e      0x82e _build_lpc40xx_freertos/obj/lpc_peripherals.o
 .debug_info    0x000000000000a48c     0x1253 _build_lpc40xx_freertos/obj/uart.o
 .debug_info    0x000000000000b6df      0x2c2 _build_lpc40xx_freertos/obj/sys_time.o
 .debug_info    0x000000000000b9a1      0xd1d _build_lpc40xx_freertos/obj/uart_printf.o

.debug_abbrev   0x0000000000000000     0x28e2
 .debug_abbrev  0x0000000000000000       0x64 _build_lpc40xx_freertos/obj/entry_point.o
 .debug_abbrev  0x0000000000000064       0xa0 _build_lpc40xx_freertos/obj/interrupt_vector_table.o
 .debug_abbrev  0x0000000000000104      0x202 _build_lpc40xx_freertos/obj/main.o
 .debug_abbrev  0x0000000000000306      0x147 _build_lpc40xx_freertos/obj/rtos_hooks.o
 .debug_abbrev  0x000000000000044d      0x236 _build_lpc40xx_freertos/obj/list.o
 .debug_abbrev  0x0000000000000683      0x42f _build_lpc40xx_freertos/obj/queue.o
 .debug_abbrev  0x0000000000000ab2      0x557 _build_lpc40xx_freertos/obj/tasks.o
 .debug_abbrev  0x0000000000001009      0x295 _build_lpc40xx_freertos/obj/heap_3.o
 .debug_abbrev  0x000000000000129e      0x246 _build_lpc40xx_freertos/obj/port.o
 .debug_abbrev  0x00000000000014e4      0x11c _build_lpc40xx_freertos/obj/clock.o
 .debug_abbrev  0x0000000000001600      0x10b _build_lpc40xx_freertos/obj/ram.o
 .debug_abbrev  0x000000000000170b      0x140 _build_lpc40xx_freertos/obj/startup.o
 .debug_abbrev  0x000000000000184b       0xc7 _build_lpc40xx_freertos/obj/syscall.o
 .debug_abbrev  0x0000000000001912      0x287 _build_lpc40xx_freertos/obj/gpio.o
 .debug_abbrev  0x0000000000001b99      0x16b _build_lpc40xx_freertos/obj/gpio_lab.o
 .debug_abbrev  0x0000000000001d04      0x1b3 _build_lpc40xx_freertos/obj/hw_timer.o
 .debug_abbrev  0x0000000000001eb7      0x234 _build_lpc40xx_freertos/obj/lpc_peripherals.o
 .debug_abbrev  0x00000000000020eb      0x3dc _build_lpc40xx_freertos/obj/uart.o
 .debug_abbrev  0x00000000000024c7      0x150 _build_lpc40xx_freertos/obj/sys_time.o
 .debug_abbrev  0x0000000000002617      0x2cb _build_lpc40xx_freertos/obj/uart_printf.o

.debug_aranges  0x0000000000000000      0x698
 .debug_aranges
                0x0000000000000000       0x20 _build_lpc40xx_freertos/obj/entry_point.o
 .debug_aranges
                0x0000000000000020       0x20 _build_lpc40xx_freertos/obj/interrupt_vector_table.o
 .debug_aranges
                0x0000000000000040       0x30 _build_lpc40xx_freertos/obj/main.o
 .debug_aranges
                0x0000000000000070       0x30 _build_lpc40xx_freertos/obj/rtos_hooks.o
 .debug_aranges
                0x00000000000000a0       0x40 _build_lpc40xx_freertos/obj/list.o
 .debug_aranges
                0x00000000000000e0       0xf8 _build_lpc40xx_freertos/obj/queue.o
 .debug_aranges
                0x00000000000001d8      0x178 _build_lpc40xx_freertos/obj/tasks.o
 .debug_aranges
                0x0000000000000350       0x28 _build_lpc40xx_freertos/obj/heap_3.o
 .debug_aranges
                0x0000000000000378       0x78 _build_lpc40xx_freertos/obj/port.o
 .debug_aranges
                0x00000000000003f0       0x28 _build_lpc40xx_freertos/obj/clock.o
 .debug_aranges
                0x0000000000000418       0x28 _build_lpc40xx_freertos/obj/ram.o
 .debug_aranges
                0x0000000000000440       0x28 _build_lpc40xx_freertos/obj/startup.o
 .debug_aranges
                0x0000000000000468       0x20 _build_lpc40xx_freertos/obj/syscall.o
 .debug_aranges
                0x0000000000000488       0x70 _build_lpc40xx_freertos/obj/gpio.o
 .debug_aranges
                0x00000000000004f8       0x48 _build_lpc40xx_freertos/obj/gpio_lab.o
 .debug_aranges
                0x0000000000000540       0x38 _build_lpc40xx_freertos/obj/hw_timer.o
 .debug_aranges
                0x0000000000000578       0x38 _build_lpc40xx_freertos/obj/lpc_peripherals.o
 .debug_aranges
                0x00000000000005b0       0x80 _build_lpc40xx_freertos/obj/uart.o
 .debug_aranges
                0x0000000000000630       0x30 _build_lpc40xx_freertos/obj/sys_time.o
 .debug_aranges
                0x0000000000000660       0x38 _build_lpc40xx_freertos/obj/uart_printf.o

.debug_ranges   0x0000000000000000      0xb90
 .debug_ranges  0x0000000000000000       0x10 _build_lpc40xx_freertos/obj/entry_point.o
 .debug_ranges  0x0000000000000010       0x10 _build_lpc40xx_freertos/obj/interrupt_vector_table.o
 .debug_ranges  0x0000000000000020       0x38 _build_lpc40xx_freertos/obj/main.o
 .debug_ranges  0x0000000000000058       0x50 _build_lpc40xx_freertos/obj/rtos_hooks.o
 .debug_ranges  0x00000000000000a8       0x30 _build_lpc40xx_freertos/obj/list.o
 .debug_ranges  0x00000000000000d8      0x2b8 _build_lpc40xx_freertos/obj/queue.o
 .debug_ranges  0x0000000000000390      0x2d0 _build_lpc40xx_freertos/obj/tasks.o
 .debug_ranges  0x0000000000000660       0x18 _build_lpc40xx_freertos/obj/heap_3.o
 .debug_ranges  0x0000000000000678       0x80 _build_lpc40xx_freertos/obj/port.o
 .debug_ranges  0x00000000000006f8       0x18 _build_lpc40xx_freertos/obj/clock.o
 .debug_ranges  0x0000000000000710       0x78 _build_lpc40xx_freertos/obj/ram.o
 .debug_ranges  0x0000000000000788       0x18 _build_lpc40xx_freertos/obj/startup.o
 .debug_ranges  0x00000000000007a0       0x10 _build_lpc40xx_freertos/obj/syscall.o
 .debug_ranges  0x00000000000007b0      0x198 _build_lpc40xx_freertos/obj/gpio.o
 .debug_ranges  0x0000000000000948       0x38 _build_lpc40xx_freertos/obj/gpio_lab.o
 .debug_ranges  0x0000000000000980       0x28 _build_lpc40xx_freertos/obj/hw_timer.o
 .debug_ranges  0x00000000000009a8       0x28 _build_lpc40xx_freertos/obj/lpc_peripherals.o
 .debug_ranges  0x00000000000009d0      0x108 _build_lpc40xx_freertos/obj/uart.o
 .debug_ranges  0x0000000000000ad8       0x20 _build_lpc40xx_freertos/obj/sys_time.o
 .debug_ranges  0x0000000000000af8       0x98 _build_lpc40xx_freertos/obj/uart_printf.o

.debug_line     0x0000000000000000     0x6403
 .debug_line    0x0000000000000000       0xe6 _build_lpc40xx_freertos/obj/entry_point.o
 .debug_line    0x00000000000000e6       0xa0 _build_lpc40xx_freertos/obj/interrupt_vector_table.o
 .debug_line    0x0000000000000186      0x3f2 _build_lpc40xx_freertos/obj/main.o
 .debug_line    0x0000000000000578      0x25b _build_lpc40xx_freertos/obj/rtos_hooks.o
 .debug_line    0x00000000000007d3      0x430 _build_lpc40xx_freertos/obj/list.o
 .debug_line    0x0000000000000c03     0x1232 _build_lpc40xx_freertos/obj/queue.o
 .debug_line    0x0000000000001e35     0x1b2b _build_lpc40xx_freertos/obj/tasks.o
 .debug_line    0x0000000000003960      0x329 _build_lpc40xx_freertos/obj/heap_3.o
 .debug_line    0x0000000000003c89      0x495 _build_lpc40xx_freertos/obj/port.o
 .debug_line    0x000000000000411e      0x229 _build_lpc40xx_freertos/obj/clock.o
 .debug_line    0x0000000000004347      0x1ee _build_lpc40xx_freertos/obj/ram.o
 .debug_line    0x0000000000004535      0x1e7 _build_lpc40xx_freertos/obj/startup.o
 .debug_line    0x000000000000471c      0x202 _build_lpc40xx_freertos/obj/syscall.o
 .debug_line    0x000000000000491e      0x441 _build_lpc40xx_freertos/obj/gpio.o
 .debug_line    0x0000000000004d5f      0x2b3 _build_lpc40xx_freertos/obj/gpio_lab.o
 .debug_line    0x0000000000005012      0x2cb _build_lpc40xx_freertos/obj/hw_timer.o
 .debug_line    0x00000000000052dd      0x2b0 _build_lpc40xx_freertos/obj/lpc_peripherals.o
 .debug_line    0x000000000000558d      0x82a _build_lpc40xx_freertos/obj/uart.o
 .debug_line    0x0000000000005db7      0x20f _build_lpc40xx_freertos/obj/sys_time.o
 .debug_line    0x0000000000005fc6      0x43d _build_lpc40xx_freertos/obj/uart_printf.o

.debug_str      0x0000000000000000     0x342e
 .debug_str     0x0000000000000000      0x1db _build_lpc40xx_freertos/obj/entry_point.o
                                        0x214 (size before relaxing)
 .debug_str     0x00000000000001db       0x5f _build_lpc40xx_freertos/obj/interrupt_vector_table.o
                                        0x1c6 (size before relaxing)
 .debug_str     0x000000000000023a      0x38c _build_lpc40xx_freertos/obj/main.o
                                        0x540 (size before relaxing)
 .debug_str     0x00000000000005c6       0xce _build_lpc40xx_freertos/obj/rtos_hooks.o
                                        0x27e (size before relaxing)
 .debug_str     0x0000000000000694      0x4eb _build_lpc40xx_freertos/obj/list.o
                                        0x6e5 (size before relaxing)
 .debug_str     0x0000000000000b7f      0x759 _build_lpc40xx_freertos/obj/queue.o
                                        0xe8c (size before relaxing)
 .debug_str     0x00000000000012d8      0xa2c _build_lpc40xx_freertos/obj/tasks.o
                                       0x1389 (size before relaxing)
 .debug_str     0x0000000000001d04       0x51 _build_lpc40xx_freertos/obj/heap_3.o
                                        0x619 (size before relaxing)
 .debug_str     0x0000000000001d55       0xe1 _build_lpc40xx_freertos/obj/port.o
                                        0x3b5 (size before relaxing)
 .debug_str     0x0000000000001e36      0x1ee _build_lpc40xx_freertos/obj/clock.o
                                        0x3e0 (size before relaxing)
 .debug_str     0x0000000000002024      0x144 _build_lpc40xx_freertos/obj/ram.o
                                        0x2bd (size before relaxing)
 .debug_str     0x0000000000002168      0x2f3 _build_lpc40xx_freertos/obj/startup.o
                                        0x506 (size before relaxing)
 .debug_str     0x000000000000245b       0x95 _build_lpc40xx_freertos/obj/syscall.o
                                        0x229 (size before relaxing)
 .debug_str     0x00000000000024f0      0x52f _build_lpc40xx_freertos/obj/gpio.o
                                        0x817 (size before relaxing)
 .debug_str     0x0000000000002a1f       0x67 _build_lpc40xx_freertos/obj/gpio_lab.o
                                        0x297 (size before relaxing)
 .debug_str     0x0000000000002a86      0x2c4 _build_lpc40xx_freertos/obj/hw_timer.o
                                        0x489 (size before relaxing)
 .debug_str     0x0000000000002d4a      0x11f _build_lpc40xx_freertos/obj/lpc_peripherals.o
                                        0x7e8 (size before relaxing)
 .debug_str     0x0000000000002e69      0x41f _build_lpc40xx_freertos/obj/uart.o
                                        0x8c2 (size before relaxing)
 .debug_str     0x0000000000003288       0xe6 _build_lpc40xx_freertos/obj/sys_time.o
                                        0x371 (size before relaxing)
 .debug_str     0x000000000000336e       0xc0 _build_lpc40xx_freertos/obj/uart_printf.o
                                        0x6a1 (size before relaxing)

.comment        0x0000000000000000       0x76
 .comment       0x0000000000000000       0x76 _build_lpc40xx_freertos/obj/entry_point.o
                                         0x77 (size before relaxing)
 .comment       0x0000000000000076       0x77 _build_lpc40xx_freertos/obj/interrupt_vector_table.o
 .comment       0x0000000000000076       0x77 _build_lpc40xx_freertos/obj/main.o
 .comment       0x0000000000000076       0x77 _build_lpc40xx_freertos/obj/rtos_hooks.o
 .comment       0x0000000000000076       0x77 _build_lpc40xx_freertos/obj/list.o
 .comment       0x0000000000000076       0x77 _build_lpc40xx_freertos/obj/queue.o
 .comment       0x0000000000000076       0x77 _build_lpc40xx_freertos/obj/tasks.o
 .comment       0x0000000000000076       0x77 _build_lpc40xx_freertos/obj/heap_3.o
 .comment       0x0000000000000076       0x77 _build_lpc40xx_freertos/obj/port.o
 .comment       0x0000000000000076       0x77 _build_lpc40xx_freertos/obj/clock.o
 .comment       0x0000000000000076       0x77 _build_lpc40xx_freertos/obj/ram.o
 .comment       0x0000000000000076       0x77 _build_lpc40xx_freertos/obj/startup.o
 .comment       0x0000000000000076       0x77 _build_lpc40xx_freertos/obj/syscall.o
 .comment       0x0000000000000076       0x77 _build_lpc40xx_freertos/obj/gpio.o
 .comment       0x0000000000000076       0x77 _build_lpc40xx_freertos/obj/gpio_lab.o
 .comment       0x0000000000000076       0x77 _build_lpc40xx_freertos/obj/hw_timer.o
 .comment       0x0000000000000076       0x77 _build_lpc40xx_freertos/obj/lpc_peripherals.o
 .comment       0x0000000000000076       0x77 _build_lpc40xx_freertos/obj/uart.o
 .comment       0x0000000000000076       0x77 _build_lpc40xx_freertos/obj/sys_time.o
 .comment       0x0000000000000076       0x77 _build_lpc40xx_freertos/obj/uart_printf.o

.ARM.attributes
                0x0000000000000000       0x32
 .ARM.attributes
                0x0000000000000000       0x34 _build_lpc40xx_freertos/obj/entry_point.o
 .ARM.attributes
                0x0000000000000034       0x34 _build_lpc40xx_freertos/obj/interrupt_vector_table.o
 .ARM.attributes
                0x0000000000000068       0x34 _build_lpc40xx_freertos/obj/main.o
 .ARM.attributes
                0x000000000000009c       0x34 _build_lpc40xx_freertos/obj/rtos_hooks.o
 .ARM.attributes
                0x00000000000000d0       0x34 _build_lpc40xx_freertos/obj/list.o
 .ARM.attributes
                0x0000000000000104       0x34 _build_lpc40xx_freertos/obj/queue.o
 .ARM.attributes
                0x0000000000000138       0x34 _build_lpc40xx_freertos/obj/tasks.o
 .ARM.attributes
                0x000000000000016c       0x34 _build_lpc40xx_freertos/obj/heap_3.o
 .ARM.attributes
                0x00000000000001a0       0x34 _build_lpc40xx_freertos/obj/port.o
 .ARM.attributes
                0x00000000000001d4       0x34 _build_lpc40xx_freertos/obj/clock.o
 .ARM.attributes
                0x0000000000000208       0x34 _build_lpc40xx_freertos/obj/ram.o
 .ARM.attributes
                0x000000000000023c       0x34 _build_lpc40xx_freertos/obj/startup.o
 .ARM.attributes
                0x0000000000000270       0x34 _build_lpc40xx_freertos/obj/syscall.o
 .ARM.attributes
                0x00000000000002a4       0x34 _build_lpc40xx_freertos/obj/gpio.o
 .ARM.attributes
                0x00000000000002d8       0x34 _build_lpc40xx_freertos/obj/gpio_lab.o
 .ARM.attributes
                0x000000000000030c       0x34 _build_lpc40xx_freertos/obj/hw_timer.o
 .ARM.attributes
                0x0000000000000340       0x34 _build_lpc40xx_freertos/obj/lpc_peripherals.o
 .ARM.attributes
                0x0000000000000374       0x34 _build_lpc40xx_freertos/obj/uart.o
 .ARM.attributes
                0x00000000000003a8       0x34 _build_lpc40xx_freertos/obj/sys_time.o
 .ARM.attributes
                0x00000000000003dc       0x34 _build_lpc40xx_freertos/obj/uart_printf.o
 .ARM.attributes
                0x0000000000000410       0x34 /home/rutuja/sjtwo-c/compiler/linux/gcc-arm-none-eabi-8-2019-q3-update/bin/../lib/gcc/arm-none-eabi/8.3.1/../../../../arm-none-eabi/lib/thumb/v7e-m+fp/hard/libg_nano.a(lib_a-malloc.o)
 .ARM.attributes
                0x0000000000000444       0x34 /home/rutuja/sjtwo-c/compiler/linux/gcc-arm-none-eabi-8-2019-q3-update/bin/../lib/gcc/arm-none-eabi/8.3.1/../../../../arm-none-eabi/lib/thumb/v7e-m+fp/hard/libg_nano.a(lib_a-memcpy-stub.o)
 .ARM.attributes
                0x0000000000000478       0x34 /home/rutuja/sjtwo-c/compiler/linux/gcc-arm-none-eabi-8-2019-q3-update/bin/../lib/gcc/arm-none-eabi/8.3.1/../../../../arm-none-eabi/lib/thumb/v7e-m+fp/hard/libg_nano.a(lib_a-memset.o)
 .ARM.attributes
                0x00000000000004ac       0x34 /home/rutuja/sjtwo-c/compiler/linux/gcc-arm-none-eabi-8-2019-q3-update/bin/../lib/gcc/arm-none-eabi/8.3.1/../../../../arm-none-eabi/lib/thumb/v7e-m+fp/hard/libg_nano.a(lib_a-nano-freer.o)
 .ARM.attributes
                0x00000000000004e0       0x34 /home/rutuja/sjtwo-c/compiler/linux/gcc-arm-none-eabi-8-2019-q3-update/bin/../lib/gcc/arm-none-eabi/8.3.1/../../../../arm-none-eabi/lib/thumb/v7e-m+fp/hard/libg_nano.a(lib_a-nano-mallocr.o)
 .ARM.attributes
                0x0000000000000514       0x34 /home/rutuja/sjtwo-c/compiler/linux/gcc-arm-none-eabi-8-2019-q3-update/bin/../lib/gcc/arm-none-eabi/8.3.1/../../../../arm-none-eabi/lib/thumb/v7e-m+fp/hard/libg_nano.a(lib_a-sbrkr.o)
 .ARM.attributes
                0x0000000000000548       0x17 /home/rutuja/sjtwo-c/compiler/linux/gcc-arm-none-eabi-8-2019-q3-update/bin/../lib/gcc/arm-none-eabi/8.3.1/../../../../arm-none-eabi/lib/thumb/v7e-m+fp/hard/libg_nano.a(lib_a-strlen.o)
 .ARM.attributes
                0x000000000000055f       0x32 /home/rutuja/sjtwo-c/compiler/linux/gcc-arm-none-eabi-8-2019-q3-update/bin/../lib/gcc/arm-none-eabi/8.3.1/../../../../arm-none-eabi/lib/thumb/v7e-m+fp/hard/libg_nano.a(lib_a-impure.o)
 .ARM.attributes
                0x0000000000000591       0x34 /home/rutuja/sjtwo-c/compiler/linux/gcc-arm-none-eabi-8-2019-q3-update/bin/../lib/gcc/arm-none-eabi/8.3.1/../../../../arm-none-eabi/lib/thumb/v7e-m+fp/hard/libg_nano.a(lib_a-mlock.o)
 .ARM.attributes
                0x00000000000005c5       0x34 /home/rutuja/sjtwo-c/compiler/linux/gcc-arm-none-eabi-8-2019-q3-update/bin/../lib/gcc/arm-none-eabi/8.3.1/../../../../arm-none-eabi/lib/thumb/v7e-m+fp/hard/libg_nano.a(lib_a-reent.o)
 .ARM.attributes
                0x00000000000005f9       0x34 /home/rutuja/sjtwo-c/compiler/linux/gcc-arm-none-eabi-8-2019-q3-update/bin/../lib/gcc/arm-none-eabi/8.3.1/../../../../arm-none-eabi/lib/thumb/v7e-m+fp/hard/libg_nano.a(lib_a-lock.o)

.debug_frame    0x0000000000000000     0x12b0
 .debug_frame   0x0000000000000000       0x28 _build_lpc40xx_freertos/obj/entry_point.o
 .debug_frame   0x0000000000000028       0x20 _build_lpc40xx_freertos/obj/interrupt_vector_table.o
 .debug_frame   0x0000000000000048       0x70 _build_lpc40xx_freertos/obj/main.o
 .debug_frame   0x00000000000000b8       0x50 _build_lpc40xx_freertos/obj/rtos_hooks.o
 .debug_frame   0x0000000000000108       0x6c _build_lpc40xx_freertos/obj/list.o
 .debug_frame   0x0000000000000174      0x330 _build_lpc40xx_freertos/obj/queue.o
 .debug_frame   0x00000000000004a4      0x4d0 _build_lpc40xx_freertos/obj/tasks.o
 .debug_frame   0x0000000000000974       0x48 _build_lpc40xx_freertos/obj/heap_3.o
 .debug_frame   0x00000000000009bc       0xf0 _build_lpc40xx_freertos/obj/port.o
 .debug_frame   0x0000000000000aac       0x30 _build_lpc40xx_freertos/obj/clock.o
 .debug_frame   0x0000000000000adc       0x30 _build_lpc40xx_freertos/obj/ram.o
 .debug_frame   0x0000000000000b0c       0x3c _build_lpc40xx_freertos/obj/startup.o
 .debug_frame   0x0000000000000b48       0x20 _build_lpc40xx_freertos/obj/syscall.o
 .debug_frame   0x0000000000000b68      0x134 _build_lpc40xx_freertos/obj/gpio.o
 .debug_frame   0x0000000000000c9c       0x70 _build_lpc40xx_freertos/obj/gpio_lab.o
 .debug_frame   0x0000000000000d0c       0x6c _build_lpc40xx_freertos/obj/hw_timer.o
 .debug_frame   0x0000000000000d78       0x50 _build_lpc40xx_freertos/obj/lpc_peripherals.o
 .debug_frame   0x0000000000000dc8      0x160 _build_lpc40xx_freertos/obj/uart.o
 .debug_frame   0x0000000000000f28       0x58 _build_lpc40xx_freertos/obj/sys_time.o
 .debug_frame   0x0000000000000f80       0xe8 _build_lpc40xx_freertos/obj/uart_printf.o
 .debug_frame   0x0000000000001068       0x30 /home/rutuja/sjtwo-c/compiler/linux/gcc-arm-none-eabi-8-2019-q3-update/bin/../lib/gcc/arm-none-eabi/8.3.1/../../../../arm-none-eabi/lib/thumb/v7e-m+fp/hard/libg_nano.a(lib_a-malloc.o)
 .debug_frame   0x0000000000001098       0x28 /home/rutuja/sjtwo-c/compiler/linux/gcc-arm-none-eabi-8-2019-q3-update/bin/../lib/gcc/arm-none-eabi/8.3.1/../../../../arm-none-eabi/lib/thumb/v7e-m+fp/hard/libg_nano.a(lib_a-memcpy-stub.o)
 .debug_frame   0x00000000000010c0       0x20 /home/rutuja/sjtwo-c/compiler/linux/gcc-arm-none-eabi-8-2019-q3-update/bin/../lib/gcc/arm-none-eabi/8.3.1/../../../../arm-none-eabi/lib/thumb/v7e-m+fp/hard/libg_nano.a(lib_a-memset.o)
 .debug_frame   0x00000000000010e0       0x38 /home/rutuja/sjtwo-c/compiler/linux/gcc-arm-none-eabi-8-2019-q3-update/bin/../lib/gcc/arm-none-eabi/8.3.1/../../../../arm-none-eabi/lib/thumb/v7e-m+fp/hard/libg_nano.a(lib_a-nano-freer.o)
 .debug_frame   0x0000000000001118       0x30 /home/rutuja/sjtwo-c/compiler/linux/gcc-arm-none-eabi-8-2019-q3-update/bin/../lib/gcc/arm-none-eabi/8.3.1/../../../../arm-none-eabi/lib/thumb/v7e-m+fp/hard/libg_nano.a(lib_a-nano-mallocr.o)
 .debug_frame   0x0000000000001148       0x2c /home/rutuja/sjtwo-c/compiler/linux/gcc-arm-none-eabi-8-2019-q3-update/bin/../lib/gcc/arm-none-eabi/8.3.1/../../../../arm-none-eabi/lib/thumb/v7e-m+fp/hard/libg_nano.a(lib_a-sbrkr.o)
 .debug_frame   0x0000000000001174       0x30 /home/rutuja/sjtwo-c/compiler/linux/gcc-arm-none-eabi-8-2019-q3-update/bin/../lib/gcc/arm-none-eabi/8.3.1/../../../../arm-none-eabi/lib/thumb/v7e-m+fp/hard/libg_nano.a(lib_a-mlock.o)
 .debug_frame   0x00000000000011a4       0x5c /home/rutuja/sjtwo-c/compiler/linux/gcc-arm-none-eabi-8-2019-q3-update/bin/../lib/gcc/arm-none-eabi/8.3.1/../../../../arm-none-eabi/lib/thumb/v7e-m+fp/hard/libg_nano.a(lib_a-reent.o)
 .debug_frame   0x0000000000001200       0xb0 /home/rutuja/sjtwo-c/compiler/linux/gcc-arm-none-eabi-8-2019-q3-update/bin/../lib/gcc/arm-none-eabi/8.3.1/../../../../arm-none-eabi/lib/thumb/v7e-m+fp/hard/libg_nano.a(lib_a-lock.o)

.debug_loc      0x0000000000000000     0x4cb8
 .debug_loc     0x0000000000000000      0x128 _build_lpc40xx_freertos/obj/main.o
 .debug_loc     0x0000000000000128       0x6f _build_lpc40xx_freertos/obj/rtos_hooks.o
 .debug_loc     0x0000000000000197       0xbd _build_lpc40xx_freertos/obj/list.o
 .debug_loc     0x0000000000000254     0x16d1 _build_lpc40xx_freertos/obj/queue.o
 .debug_loc     0x0000000000001925     0x1b8d _build_lpc40xx_freertos/obj/tasks.o
 .debug_loc     0x00000000000034b2       0x93 _build_lpc40xx_freertos/obj/heap_3.o
 .debug_loc     0x0000000000003545       0xce _build_lpc40xx_freertos/obj/port.o
 .debug_loc     0x0000000000003613       0x23 _build_lpc40xx_freertos/obj/clock.o
 .debug_loc     0x0000000000003636       0xf8 _build_lpc40xx_freertos/obj/ram.o
 .debug_loc     0x000000000000372e       0x78 _build_lpc40xx_freertos/obj/syscall.o
 .debug_loc     0x00000000000037a6      0x25c _build_lpc40xx_freertos/obj/gpio.o
 .debug_loc     0x0000000000003a02      0x1b6 _build_lpc40xx_freertos/obj/gpio_lab.o
 .debug_loc     0x0000000000003bb8      0x1aa _build_lpc40xx_freertos/obj/hw_timer.o
 .debug_loc     0x0000000000003d62      0x194 _build_lpc40xx_freertos/obj/lpc_peripherals.o
 .debug_loc     0x0000000000003ef6      0x97a _build_lpc40xx_freertos/obj/uart.o
 .debug_loc     0x0000000000004870      0x146 _build_lpc40xx_freertos/obj/sys_time.o
 .debug_loc     0x00000000000049b6      0x302 _build_lpc40xx_freertos/obj/uart_printf.o
