Archive member included to satisfy reference by file (symbol)

c:/road_max_fury/compiler/windows/gcc-arm-none-eabi-8-2019-q3-update/bin/../lib/gcc/arm-none-eabi/8.3.1/thumb/v7e-m+fp/hard\libgcc.a(_arm_addsubdf3.o)
                              _build_lpc40xx_freertos\obj\pwm1.o (__aeabi_ui2d)
c:/road_max_fury/compiler/windows/gcc-arm-none-eabi-8-2019-q3-update/bin/../lib/gcc/arm-none-eabi/8.3.1/thumb/v7e-m+fp/hard\libgcc.a(_arm_muldivdf3.o)
                              _build_lpc40xx_freertos\obj\pwm1.o (__aeabi_dmul)
c:/road_max_fury/compiler/windows/gcc-arm-none-eabi-8-2019-q3-update/bin/../lib/gcc/arm-none-eabi/8.3.1/thumb/v7e-m+fp/hard\libgcc.a(_arm_fixunsdfsi.o)
                              _build_lpc40xx_freertos\obj\pwm1.o (__aeabi_d2uiz)
c:/road_max_fury/compiler/windows/gcc-arm-none-eabi-8-2019-q3-update/bin/../lib/gcc/arm-none-eabi/8.3.1/thumb/v7e-m+fp/hard\libgcc.a(_aeabi_ldivmod.o)
                              _build_lpc40xx_freertos\obj\tasks.o (__aeabi_ldivmod)
c:/road_max_fury/compiler/windows/gcc-arm-none-eabi-8-2019-q3-update/bin/../lib/gcc/arm-none-eabi/8.3.1/thumb/v7e-m+fp/hard\libgcc.a(_aeabi_uldivmod.o)
                              _build_lpc40xx_freertos\obj\tasks.o (__aeabi_uldivmod)
c:/road_max_fury/compiler/windows/gcc-arm-none-eabi-8-2019-q3-update/bin/../lib/gcc/arm-none-eabi/8.3.1/thumb/v7e-m+fp/hard\libgcc.a(_udivmoddi4.o)
                              c:/road_max_fury/compiler/windows/gcc-arm-none-eabi-8-2019-q3-update/bin/../lib/gcc/arm-none-eabi/8.3.1/thumb/v7e-m+fp/hard\libgcc.a(_aeabi_ldivmod.o) (__udivmoddi4)
c:/road_max_fury/compiler/windows/gcc-arm-none-eabi-8-2019-q3-update/bin/../lib/gcc/arm-none-eabi/8.3.1/thumb/v7e-m+fp/hard\libgcc.a(_dvmd_tls.o)
                              c:/road_max_fury/compiler/windows/gcc-arm-none-eabi-8-2019-q3-update/bin/../lib/gcc/arm-none-eabi/8.3.1/thumb/v7e-m+fp/hard\libgcc.a(_aeabi_ldivmod.o) (__aeabi_ldiv0)
c:/road_max_fury/compiler/windows/gcc-arm-none-eabi-8-2019-q3-update/bin/../lib/gcc/arm-none-eabi/8.3.1/../../../../arm-none-eabi/lib/thumb/v7e-m+fp/hard\libg_nano.a(lib_a-atof.o)
                              _build_lpc40xx_freertos\obj\sl_string.o (atof)
c:/road_max_fury/compiler/windows/gcc-arm-none-eabi-8-2019-q3-update/bin/../lib/gcc/arm-none-eabi/8.3.1/../../../../arm-none-eabi/lib/thumb/v7e-m+fp/hard\libg_nano.a(lib_a-atoi.o)
                              _build_lpc40xx_freertos\obj\sl_string.o (atoi)
c:/road_max_fury/compiler/windows/gcc-arm-none-eabi-8-2019-q3-update/bin/../lib/gcc/arm-none-eabi/8.3.1/../../../../arm-none-eabi/lib/thumb/v7e-m+fp/hard\libg_nano.a(lib_a-ctype_.o)
                              _build_lpc40xx_freertos\obj\sl_string.o (_ctype_)
c:/road_max_fury/compiler/windows/gcc-arm-none-eabi-8-2019-q3-update/bin/../lib/gcc/arm-none-eabi/8.3.1/../../../../arm-none-eabi/lib/thumb/v7e-m+fp/hard\libg_nano.a(lib_a-fprintf.o)
                              _build_lpc40xx_freertos\obj\interrupt_vector_table.o (fprintf)
c:/road_max_fury/compiler/windows/gcc-arm-none-eabi-8-2019-q3-update/bin/../lib/gcc/arm-none-eabi/8.3.1/../../../../arm-none-eabi/lib/thumb/v7e-m+fp/hard\libg_nano.a(lib_a-fputs.o)
                              _build_lpc40xx_freertos\obj\entry_point.o (fputs)
c:/road_max_fury/compiler/windows/gcc-arm-none-eabi-8-2019-q3-update/bin/../lib/gcc/arm-none-eabi/8.3.1/../../../../arm-none-eabi/lib/thumb/v7e-m+fp/hard\libg_nano.a(lib_a-getchar.o)
                              _build_lpc40xx_freertos\obj\sj2_cli.o (getchar)
c:/road_max_fury/compiler/windows/gcc-arm-none-eabi-8-2019-q3-update/bin/../lib/gcc/arm-none-eabi/8.3.1/../../../../arm-none-eabi/lib/thumb/v7e-m+fp/hard\libg_nano.a(lib_a-impure.o)
                              _build_lpc40xx_freertos\obj\entry_point.o (_impure_ptr)
c:/road_max_fury/compiler/windows/gcc-arm-none-eabi-8-2019-q3-update/bin/../lib/gcc/arm-none-eabi/8.3.1/../../../../arm-none-eabi/lib/thumb/v7e-m+fp/hard\libg_nano.a(lib_a-lock.o)
                              c:/road_max_fury/compiler/windows/gcc-arm-none-eabi-8-2019-q3-update/bin/../lib/gcc/arm-none-eabi/8.3.1/../../../../arm-none-eabi/lib/thumb/v7e-m+fp/hard\libg_nano.a(lib_a-fputs.o) (__retarget_lock_acquire_recursive)
c:/road_max_fury/compiler/windows/gcc-arm-none-eabi-8-2019-q3-update/bin/../lib/gcc/arm-none-eabi/8.3.1/../../../../arm-none-eabi/lib/thumb/v7e-m+fp/hard\libg_nano.a(lib_a-malloc.o)
                              _build_lpc40xx_freertos\obj\heap_3.o (malloc)
c:/road_max_fury/compiler/windows/gcc-arm-none-eabi-8-2019-q3-update/bin/../lib/gcc/arm-none-eabi/8.3.1/../../../../arm-none-eabi/lib/thumb/v7e-m+fp/hard\libg_nano.a(lib_a-memcpy-stub.o)
                              _build_lpc40xx_freertos\obj\queue.o (memcpy)
c:/road_max_fury/compiler/windows/gcc-arm-none-eabi-8-2019-q3-update/bin/../lib/gcc/arm-none-eabi/8.3.1/../../../../arm-none-eabi/lib/thumb/v7e-m+fp/hard\libg_nano.a(lib_a-memmove.o)
                              _build_lpc40xx_freertos\obj\sl_string.o (memmove)
[...]
Memory Configuration

Name             Origin             Length             Attributes
flash_512k       0x00000000         0x00080000         xr
ram_64k          0x10000000         0x00010000         xrw
ram_32k          0x20000000         0x00008000         xrw
*default*        0x00000000         0xffffffff

Linker script and memory map

LOAD _build_lpc40xx_freertos\obj\entry_point.o
LOAD _build_lpc40xx_freertos\obj\interrupt_vector_table.o
LOAD _build_lpc40xx_freertos\obj\clock.o
LOAD _build_lpc40xx_freertos\obj\crash.o
LOAD _build_lpc40xx_freertos\obj\syscall.o
LOAD _build_lpc40xx_freertos\obj\startup.o
LOAD _build_lpc40xx_freertos\obj\freertos_interrupt_handlers.o
LOAD _build_lpc40xx_freertos\obj\port.o
LOAD _build_lpc40xx_freertos\obj\heap_3.o
LOAD _build_lpc40xx_freertos\obj\croutine.o
LOAD _build_lpc40xx_freertos\obj\event_groups.o
LOAD _build_lpc40xx_freertos\obj\list.o
LOAD _build_lpc40xx_freertos\obj\queue.o
LOAD _build_lpc40xx_freertos\obj\stream_buffer.o
LOAD _build_lpc40xx_freertos\obj\tasks.o
LOAD _build_lpc40xx_freertos\obj\timers.o
LOAD _build_lpc40xx_freertos\obj\leightweight_lock.o
LOAD _build_lpc40xx_freertos\obj\sl_string.o
LOAD _build_lpc40xx_freertos\obj\adc.o
LOAD _build_lpc40xx_freertos\obj\board_io.o
LOAD _build_lpc40xx_freertos\obj\gpio.o
LOAD _build_lpc40xx_freertos\obj\hw_timer.o
LOAD _build_lpc40xx_freertos\obj\i2c.o
LOAD _build_lpc40xx_freertos\obj\lpc_peripherals.o
LOAD _build_lpc40xx_freertos\obj\pwm1.o
LOAD _build_lpc40xx_freertos\obj\ssp2.o
LOAD _build_lpc40xx_freertos\obj\uart.o
LOAD _build_lpc40xx_freertos\obj\app_cli.o
LOAD _build_lpc40xx_freertos\obj\sj2_cli.o
LOAD _build_lpc40xx_freertos\obj\handler_i2c.o
LOAD _build_lpc40xx_freertos\obj\handlers_general.o
LOAD _build_lpc40xx_freertos\obj\file_io_example.o
LOAD _build_lpc40xx_freertos\obj\ff.o
LOAD _build_lpc40xx_freertos\obj\ffsystem.o
LOAD _build_lpc40xx_freertos\obj\ffunicode.o
LOAD _build_lpc40xx_freertos\obj\disk_glue_logic.o
LOAD _build_lpc40xx_freertos\obj\fatfs_time.o
LOAD _build_lpc40xx_freertos\obj\sd_card.o
LOAD _build_lpc40xx_freertos\obj\system_calls.o
LOAD _build_lpc40xx_freertos\obj\acceleration.o
LOAD _build_lpc40xx_freertos\obj\sensors.o
LOAD _build_lpc40xx_freertos\obj\delay.o
LOAD _build_lpc40xx_freertos\obj\peripherals_init.o
LOAD _build_lpc40xx_freertos\obj\ssp2_mutex.o
LOAD _build_lpc40xx_freertos\obj\sys_time.o
LOAD _build_lpc40xx_freertos\obj\uart_printf.o
LOAD _build_lpc40xx_freertos\obj\led_matrix.o
LOAD _build_lpc40xx_freertos\obj\main.o
LOAD _build_lpc40xx_freertos\obj\rtos_hooks.o
LOAD _build_lpc40xx_freertos\obj\periodic_callbacks.o
LOAD _build_lpc40xx_freertos\obj\periodic_scheduler.o
LOAD c:/road_max_fury/compiler/windows/gcc-arm-none-eabi-8-2019-q3-update/bin/../lib/gcc/arm-none-eabi/8.3.1/../../../../arm-none-eabi/lib/thumb/v7e-m+fp/hard\libm.a
START GROUP
LOAD c:/road_max_fury/compiler/windows/gcc-arm-none-eabi-8-2019-q3-update/bin/../lib/gcc/arm-none-eabi/8.3.1/thumb/v7e-m+fp/hard\libgcc.a
LOAD c:/road_max_fury/compiler/windows/gcc-arm-none-eabi-8-2019-q3-update/bin/../lib/gcc/arm-none-eabi/8.3.1/../../../../arm-none-eabi/lib/thumb/v7e-m+fp/hard\libg_nano.a
LOAD c:/road_max_fury/compiler/windows/gcc-arm-none-eabi-8-2019-q3-update/bin/../lib/gcc/arm-none-eabi/8.3.1/../../../../arm-none-eabi/lib/thumb/v7e-m+fp/hard\libc_nano.a
END GROUP
START GROUP
LOAD c:/road_max_fury/compiler/windows/gcc-arm-none-eabi-8-2019-q3-update/bin/../lib/gcc/arm-none-eabi/8.3.1/thumb/v7e-m+fp/hard\libgcc.a
LOAD c:/road_max_fury/compiler/windows/gcc-arm-none-eabi-8-2019-q3-update/bin/../lib/gcc/arm-none-eabi/8.3.1/../../../../arm-none-eabi/lib/thumb/v7e-m+fp/hard\libc_nano.a
LOAD c:/road_max_fury/compiler/windows/gcc-arm-none-eabi-8-2019-q3-update/bin/../lib/gcc/arm-none-eabi/8.3.1/../../../../arm-none-eabi/lib/thumb/v7e-m+fp/hard\libnosys.a
END GROUP
START GROUP
LOAD c:/road_max_fury/compiler/windows/gcc-arm-none-eabi-8-2019-q3-update/bin/../lib/gcc/arm-none-eabi/8.3.1/thumb/v7e-m+fp/hard\libgcc.a
LOAD c:/road_max_fury/compiler/windows/gcc-arm-none-eabi-8-2019-q3-update/bin/../lib/gcc/arm-none-eabi/8.3.1/../../../../arm-none-eabi/lib/thumb/v7e-m+fp/hard\libc_nano.a
LOAD c:/road_max_fury/compiler/windows/gcc-arm-none-eabi-8-2019-q3-update/bin/../lib/gcc/arm-none-eabi/8.3.1/../../../../arm-none-eabi/lib/thumb/v7e-m+fp/hard\libnosys.a
END GROUP
                0x00000000                __base_flash = ORIGIN (flash_512k)
                0x00080000                __top_flash = (__base_flash + LENGTH (flash_512k))
                0x10000000                __base_ram_64k = ORIGIN (ram_64k)
                0x10010000                __top_ram_64k = (__base_ram_64k + LENGTH (ram_64k))
                0x20000000                __base_ram_32k = ORIGIN (ram_32k)
                0x20008000                __top_ram_32k = (__base_ram_32k + LENGTH (ram_32k))

.text           0x00000000     0xbc44
 FILL mask 0xff
 *(.interrupt_vector_table)
 .interrupt_vector_table
                0x00000000       0xe4 _build_lpc40xx_freertos\obj\interrupt_vector_table.o
                0x00000000                interrupt_vector_table
                0x000000e4                . = ALIGN (0x4)
 *(.init)
                0x000000e4                . = ALIGN (0x4)
                0x000000e4                __preinit_array_start = .
 *(.preinit_array)
                0x000000e4                __preinit_array_end = .
                0x000000e4                . = ALIGN (0x4)
                0x000000e4                __init_array_start = .
 *(SORT_BY_NAME(.init_array.*))
 *(.init_array)
                0x000000e4                __init_array_end = .
 *(.fini)
                0x000000e4                . = ALIGN (0x4)
 *crtbegin.o(.ctors)
 *(EXCLUDE_FILE(*crtend.o) .ctors)
 *(SORT_BY_NAME(.ctors.*))
 *crtend.o(.ctors)
                0x000000e4                . = ALIGN (0x4)
 *crtbegin.o(.dtors)
 *(EXCLUDE_FILE(*crtend.o) .dtors)
 *(SORT_BY_NAME(.dtors.*))
 *crtend.o(.dtors)
 *(.text*)
 .text.entry_point
                0x000000e4       0x74 _build_lpc40xx_freertos\obj\entry_point.o
                0x000000e4                entry_point
 .text.isr_hard_fault
                0x00000158       0x1a _build_lpc40xx_freertos\obj\interrupt_vector_table.o
 *fill*         0x00000172        0x2 ff
 .text.halt     0x00000174       0x5c _build_lpc40xx_freertos\obj\interrupt_vector_table.o
 .text.isr_hard_fault_handler
                0x000001d0       0x4c _build_lpc40xx_freertos\obj\interrupt_vector_table.o
                0x000001d0                isr_hard_fault_handler
 .text.clock__get_core_clock_hz
                0x0000021c        0x8 _build_lpc40xx_freertos\obj\clock.o
                0x0000021c                clock__get_core_clock_hz
 .text.clock__get_peripheral_clock_hz
                0x00000224        0x8 _build_lpc40xx_freertos\obj\clock.o
                0x00000224                clock__get_peripheral_clock_hz
 .text.clock__initialize_system_clock_96mhz
                0x0000022c       0x40 _build_lpc40xx_freertos\obj\clock.o
                0x0000022c                clock__initialize_system_clock_96mhz
 .text.crash__record_get
                0x0000026c       0x18 _build_lpc40xx_freertos\obj\crash.o
                0x0000026c                crash__record_get
 .text.crash__report_if_occurred
                0x00000284       0xc0 _build_lpc40xx_freertos\obj\crash.o
                0x00000284                crash__report_if_occurred
 .text._sbrk    0x00000344       0x54 _build_lpc40xx_freertos\obj\syscall.o
                0x00000344                _sbrk
 .text.startup__initialize_ram
                0x00000398       0x3c _build_lpc40xx_freertos\obj\startup.o
                0x00000398                startup__initialize_ram
 .text.startup__initialize_fpu
                0x000003d4       0x14 _build_lpc40xx_freertos\obj\startup.o
                0x000003d4                startup__initialize_fpu
 .text.startup__initialize_interrupts
                0x000003e8       0x18 _build_lpc40xx_freertos\obj\startup.o
                0x000003e8                startup__initialize_interrupts
 .text.vPortSVCHandler_wrapper
                0x00000400       0x12 _build_lpc40xx_freertos\obj\freertos_interrupt_handlers.o
                0x00000400                vPortSVCHandler_wrapper
 .text.xPortPendSVHandler_wrapper
                0x00000412       0x12 _build_lpc40xx_freertos\obj\freertos_interrupt_handlers.o
                0x00000412                xPortPendSVHandler_wrapper
 .text.xPortSysTickHandler_wrapper
                0x00000424       0x12 _build_lpc40xx_freertos\obj\freertos_interrupt_handlers.o
                0x00000424                xPortSysTickHandler_wrapper
 *fill*         0x00000436        0x2 ff
 .text.prvPortStartFirstTask
                0x00000438       0x28 _build_lpc40xx_freertos\obj\port.o
 .text.vPortEnableVFP
                0x00000460       0x14 _build_lpc40xx_freertos\obj\port.o
 .text.prvTaskExitError
                0x00000474       0x3c _build_lpc40xx_freertos\obj\port.o
 .text.pxPortInitialiseStack
                0x000004b0       0x2c _build_lpc40xx_freertos\obj\port.o
                0x000004b0                pxPortInitialiseStack
 *fill*         0x000004dc        0x4 ff
 .text.vPortSVCHandler
                0x000004e0       0x24 _build_lpc40xx_freertos\obj\port.o
                0x000004e0                vPortSVCHandler
 .text.vPortEnterCritical
                0x00000504       0x44 _build_lpc40xx_freertos\obj\port.o
                0x00000504                vPortEnterCritical
 .text.vPortExitCritical
                0x00000548       0x28 _build_lpc40xx_freertos\obj\port.o
                0x00000548                vPortExitCritical
 .text.xPortPendSVHandler
                0x00000570       0x64 _build_lpc40xx_freertos\obj\port.o
                0x00000570                xPortPendSVHandler
 .text.xPortSysTickHandler
                0x000005d4       0x2c _build_lpc40xx_freertos\obj\port.o
                0x000005d4                xPortSysTickHandler
 .text.vPortSetupTimerInterrupt
                0x00000600       0x30 _build_lpc40xx_freertos\obj\port.o
                0x00000600                vPortSetupTimerInterrupt
 .text.xPortStartScheduler
                0x00000630      0x100 _build_lpc40xx_freertos\obj\port.o
                0x00000630                xPortStartScheduler
 .text.vPortValidateInterruptPriority
                0x00000730       0x58 _build_lpc40xx_freertos\obj\port.o
                0x00000730                vPortValidateInterruptPriority
 .text.pvPortMalloc
                0x00000788       0x1e _build_lpc40xx_freertos\obj\heap_3.o
                0x00000788                pvPortMalloc
 .text.vPortFree
                0x000007a6       0x1a _build_lpc40xx_freertos\obj\heap_3.o
                0x000007a6                vPortFree
 .text.vListInitialise
                0x000007c0       0x16 _build_lpc40xx_freertos\obj\list.o
                0x000007c0                vListInitialise
 .text.vListInitialiseItem
                0x000007d6        0x6 _build_lpc40xx_freertos\obj\list.o
                0x000007d6                vListInitialiseItem
 .text.vListInsertEnd
                0x000007dc       0x18 _build_lpc40xx_freertos\obj\list.o
                0x000007dc                vListInsertEnd
 .text.vListInsert
                0x000007f4       0x2e _build_lpc40xx_freertos\obj\list.o
                0x000007f4                vListInsert
 .text.uxListRemove
                0x00000822       0x20 _build_lpc40xx_freertos\obj\list.o
                0x00000822                uxListRemove
 .text.prvIsQueueEmpty
                0x00000842       0x16 _build_lpc40xx_freertos\obj\queue.o
 .text.prvCopyDataToQueue
                0x00000858       0x6a _build_lpc40xx_freertos\obj\queue.o
 .text.prvCopyDataFromQueue
                0x000008c2       0x2a _build_lpc40xx_freertos\obj\queue.o
 .text.prvUnlockQueue
                0x000008ec       0x70 _build_lpc40xx_freertos\obj\queue.o
 .text.xQueueGenericReset
                0x0000095c       0x7c _build_lpc40xx_freertos\obj\queue.o
                0x0000095c                xQueueGenericReset
 .text.xQueueGenericCreateStatic
                0x000009d8       0x94 _build_lpc40xx_freertos\obj\queue.o
                0x000009d8                xQueueGenericCreateStatic
 .text.xQueueGenericCreate
                0x00000a6c       0x4c _build_lpc40xx_freertos\obj\queue.o
                0x00000a6c                xQueueGenericCreate
 .text.xQueueGenericSend
                0x00000ab8      0x15c _build_lpc40xx_freertos\obj\queue.o
                0x00000ab8                xQueueGenericSend
 .text.xQueueCreateMutexStatic
                0x00000c14       0x2a _build_lpc40xx_freertos\obj\queue.o
                0x00000c14                xQueueCreateMutexStatic
 .text.xQueueCreateMutex
                0x00000c3e       0x24 _build_lpc40xx_freertos\obj\queue.o
                0x00000c3e                xQueueCreateMutex
 *fill*         0x00000c62        0x2 ff
 .text.xQueueGenericSendFromISR
                0x00000c64       0xbc _build_lpc40xx_freertos\obj\queue.o
                0x00000c64                xQueueGenericSendFromISR
 .text.xQueueGiveFromISR
                0x00000d20       0xa4 _build_lpc40xx_freertos\obj\queue.o
                0x00000d20                xQueueGiveFromISR
 .text.xQueueReceive
                0x00000dc4      0x13c _build_lpc40xx_freertos\obj\queue.o
                0x00000dc4                xQueueReceive
 .text.xQueueSemaphoreTake
                0x00000f00      0x180 _build_lpc40xx_freertos\obj\queue.o
                0x00000f00                xQueueSemaphoreTake
 .text.xQueueReceiveFromISR
                0x00001080       0x9c _build_lpc40xx_freertos\obj\queue.o
                0x00001080                xQueueReceiveFromISR
 .text.vQueueDelete
                0x0000111c       0x24 _build_lpc40xx_freertos\obj\queue.o
                0x0000111c                vQueueDelete
 .text.prvResetRunTimeStatsInList
                0x00001140       0x2e _build_lpc40xx_freertos\obj\tasks.o
 *fill*         0x0000116e        0x2 ff
 .text.prvAddNewTaskToReadyList
                0x00001170       0xf4 _build_lpc40xx_freertos\obj\tasks.o
 .text.prvIdleTask
                0x00001264       0x28 _build_lpc40xx_freertos\obj\tasks.o
 .text.prvResetNextTaskUnblockTime
                0x0000128c       0x24 _build_lpc40xx_freertos\obj\tasks.o
 .text.prvInitialiseNewTask.isra.2
                0x000012b0       0x98 _build_lpc40xx_freertos\obj\tasks.o
 .text.prvAddCurrentTaskToDelayedList
                0x00001348       0x8c _build_lpc40xx_freertos\obj\tasks.o
 .text.xTaskCreateStatic
                0x000013d4       0x6c _build_lpc40xx_freertos\obj\tasks.o
                0x000013d4                xTaskCreateStatic
 .text.xTaskCreate
                0x00001440       0x5a _build_lpc40xx_freertos\obj\tasks.o
                0x00001440                xTaskCreate
 *fill*         0x0000149a        0x2 ff
 .text.eTaskGetState
                0x0000149c       0x6c _build_lpc40xx_freertos\obj\tasks.o
                0x0000149c                eTaskGetState
 .text.vTaskStartScheduler
                0x00001508       0x74 _build_lpc40xx_freertos\obj\tasks.o
                0x00001508                vTaskStartScheduler
 .text.vTaskSuspendAll
                0x0000157c       0x10 _build_lpc40xx_freertos\obj\tasks.o
                0x0000157c                vTaskSuspendAll
 .text.xTaskIncrementTick
                0x0000158c      0x124 _build_lpc40xx_freertos\obj\tasks.o
                0x0000158c                xTaskIncrementTick
 .text.xTaskResumeAll
                0x000016b0       0xec _build_lpc40xx_freertos\obj\tasks.o
                0x000016b0                xTaskResumeAll
 .text.vTaskDelay
                0x0000179c       0x48 _build_lpc40xx_freertos\obj\tasks.o
                0x0000179c                vTaskDelay
 .text.vTaskSwitchContext
                0x000017e4       0xbc _build_lpc40xx_freertos\obj\tasks.o
                0x000017e4                vTaskSwitchContext
 .text.vTaskPlaceOnEventList
                0x000018a0       0x30 _build_lpc40xx_freertos\obj\tasks.o
                0x000018a0                vTaskPlaceOnEventList
 .text.xTaskRemoveFromEventList
                0x000018d0       0x80 _build_lpc40xx_freertos\obj\tasks.o
                0x000018d0                xTaskRemoveFromEventList
 .text.vTaskInternalSetTimeOutState
                0x00001950       0x18 _build_lpc40xx_freertos\obj\tasks.o
                0x00001950                vTaskInternalSetTimeOutState
 .text.xTaskCheckForTimeOut
                0x00001968       0x74 _build_lpc40xx_freertos\obj\tasks.o
                0x00001968                xTaskCheckForTimeOut
 .text.vTaskMissedYield
                0x000019dc        0xc _build_lpc40xx_freertos\obj\tasks.o
                0x000019dc                vTaskMissedYield
 .text.vTaskGetInfo
                0x000019e8       0x7c _build_lpc40xx_freertos\obj\tasks.o
                0x000019e8                vTaskGetInfo
 .text.prvListTasksWithinSingleList
                0x00001a64       0x5a _build_lpc40xx_freertos\obj\tasks.o
 *fill*         0x00001abe        0x2 ff
 .text.uxTaskGetSystemState
                0x00001ac0       0x98 _build_lpc40xx_freertos\obj\tasks.o
                0x00001ac0                uxTaskGetSystemState
 .text.xTaskGetSchedulerState
                0x00001b58       0x20 _build_lpc40xx_freertos\obj\tasks.o
                0x00001b58                xTaskGetSchedulerState
 .text.xTaskPriorityInherit
                0x00001b78       0xa4 _build_lpc40xx_freertos\obj\tasks.o
                0x00001b78                xTaskPriorityInherit
 .text.xTaskPriorityDisinherit
                0x00001c1c       0x9c _build_lpc40xx_freertos\obj\tasks.o
                0x00001c1c                xTaskPriorityDisinherit
 .text.vTaskPriorityDisinheritAfterTimeout
                0x00001cb8       0xb0 _build_lpc40xx_freertos\obj\tasks.o
                0x00001cb8                vTaskPriorityDisinheritAfterTimeout
 .text.pvTaskIncrementMutexHeldCount
                0x00001d68       0x18 _build_lpc40xx_freertos\obj\tasks.o
                0x00001d68                pvTaskIncrementMutexHeldCount
 .text.vTaskResetRunTimeStats
                0x00001d80       0x6c _build_lpc40xx_freertos\obj\tasks.o
                0x00001d80                vTaskResetRunTimeStats
 .text.vRunTimeStatIsrEntry
                0x00001dec       0x28 _build_lpc40xx_freertos\obj\tasks.o
                0x00001dec                vRunTimeStatIsrEntry
 .text.vRunTimeStatIsrExit
                0x00001e14       0x10 _build_lpc40xx_freertos\obj\tasks.o
                0x00001e14                vRunTimeStatIsrExit
 .text.sl_string__initialize
                0x00001e24       0x28 _build_lpc40xx_freertos\obj\sl_string.o
                0x00001e24                sl_string__initialize
 .text.sl_string__get_capacity
                0x00001e4c       0x12 _build_lpc40xx_freertos\obj\sl_string.o
                0x00001e4c                sl_string__get_capacity
 .text.sl_string__get_capacity_including_null_char
                0x00001e5e        0xc _build_lpc40xx_freertos\obj\sl_string.o
                0x00001e5e                sl_string__get_capacity_including_null_char
 .text.sl_string__get_length
                0x00001e6a        0xc _build_lpc40xx_freertos\obj\sl_string.o
                0x00001e6a                sl_string__get_length
 .text.sl_string__is_full
                0x00001e76       0x1a _build_lpc40xx_freertos\obj\sl_string.o
                0x00001e76                sl_string__is_full
 .text.sl_string__to_int
                0x00001e90        0x4 _build_lpc40xx_freertos\obj\sl_string.o
                0x00001e90                sl_string__to_int
 .text.sl_string__clear
                0x00001e94        0x6 _build_lpc40xx_freertos\obj\sl_string.o
                0x00001e94                sl_string__clear
 .text.sl_string__vprintf
                0x00001e9a       0x1c _build_lpc40xx_freertos\obj\sl_string.o
                0x00001e9a                sl_string__vprintf
 .text.sl_string__printf
                0x00001eb6       0x1a _build_lpc40xx_freertos\obj\sl_string.o
                0x00001eb6                sl_string__printf
 .text.sl_string__scanf
                0x00001ed0       0x22 _build_lpc40xx_freertos\obj\sl_string.o
                0x00001ed0                sl_string__scanf
 .text.sl_string__set
                0x00001ef2       0x2e _build_lpc40xx_freertos\obj\sl_string.o
                0x00001ef2                sl_string__set
 .text.sl_string__initialize_from
                0x00001f20       0x16 _build_lpc40xx_freertos\obj\sl_string.o
                0x00001f20                sl_string__initialize_from
 .text.sl_string__insert_at
                0x00001f36       0x54 _build_lpc40xx_freertos\obj\sl_string.o
                0x00001f36                sl_string__insert_at
 .text.sl_string__append
                0x00001f8a       0x38 _build_lpc40xx_freertos\obj\sl_string.o
                0x00001f8a                sl_string__append
 .text.sl_string__append_char
                0x00001fc2       0x18 _build_lpc40xx_freertos\obj\sl_string.o
                0x00001fc2                sl_string__append_char
 .text.sl_string__equals_to_ignore_case
                0x00001fda       0x14 _build_lpc40xx_freertos\obj\sl_string.o
                0x00001fda                sl_string__equals_to_ignore_case
 .text.sl_string__begins_with_limited_chars
                0x00001fee       0x28 _build_lpc40xx_freertos\obj\sl_string.o
                0x00001fee                sl_string__begins_with_limited_chars
 .text.sl_string__begins_with_ignore_case
                0x00002016       0x2e _build_lpc40xx_freertos\obj\sl_string.o
                0x00002016                sl_string__begins_with_ignore_case
 .text.sl_string__begins_with_whole_word
                0x00002044       0x44 _build_lpc40xx_freertos\obj\sl_string.o
                0x00002044                sl_string__begins_with_whole_word
 .text.sl_string__ends_with_newline
                0x00002088       0x22 _build_lpc40xx_freertos\obj\sl_string.o
                0x00002088                sl_string__ends_with_newline
 .text.sl_string__erase_after
                0x000020aa       0x38 _build_lpc40xx_freertos\obj\sl_string.o
                0x000020aa                sl_string__erase_after
 .text.sl_string__erase_first
                0x000020e2        0x8 _build_lpc40xx_freertos\obj\sl_string.o
                0x000020e2                sl_string__erase_first
 .text.sl_string__erase_last
                0x000020ea       0x22 _build_lpc40xx_freertos\obj\sl_string.o
                0x000020ea                sl_string__erase_last
 .text.sl_string__erase_at_substring
                0x0000210c       0x1c _build_lpc40xx_freertos\obj\sl_string.o
                0x0000210c                sl_string__erase_at_substring
 .text.sl_string__erase_first_word
                0x00002128       0x1c _build_lpc40xx_freertos\obj\sl_string.o
                0x00002128                sl_string__erase_first_word
 .text.sl_string__erase_int
                0x00002144       0x50 _build_lpc40xx_freertos\obj\sl_string.o
                0x00002144                sl_string__erase_int
 .text.sl_string__trim_end
                0x00002194       0x40 _build_lpc40xx_freertos\obj\sl_string.o
                0x00002194                sl_string__trim_end
 .text.board_io__initialize
                0x000021d4      0x100 _build_lpc40xx_freertos\obj\board_io.o
                0x000021d4                board_io__initialize
 .text.board_io__sd_card_cs
                0x000022d4       0x10 _build_lpc40xx_freertos\obj\board_io.o
                0x000022d4                board_io__sd_card_cs
 .text.board_io__sd_card_ds
                0x000022e4       0x10 _build_lpc40xx_freertos\obj\board_io.o
                0x000022e4                board_io__sd_card_ds
 .text.board_io__sd_card_is_present
                0x000022f4       0x14 _build_lpc40xx_freertos\obj\board_io.o
                0x000022f4                board_io__sd_card_is_present
 .text.board_io__get_led0
                0x00002308       0x24 _build_lpc40xx_freertos\obj\board_io.o
                0x00002308                board_io__get_led0
 .text.board_io__get_led1
                0x0000232c       0x24 _build_lpc40xx_freertos\obj\board_io.o
                0x0000232c                board_io__get_led1
 .text.board_io__get_led2
                0x00002350       0x24 _build_lpc40xx_freertos\obj\board_io.o
                0x00002350                board_io__get_led2
 .text.board_io__get_led3
                0x00002374       0x24 _build_lpc40xx_freertos\obj\board_io.o
                0x00002374                board_io__get_led3
 .text.gpio__set_function
                0x00002398       0x30 _build_lpc40xx_freertos\obj\gpio.o
                0x00002398                gpio__set_function
 .text.gpio__construct_with_function
                0x000023c8       0x1e _build_lpc40xx_freertos\obj\gpio.o
                0x000023c8                gpio__construct_with_function
 .text.gpio__enable_open_drain
                0x000023e6       0x26 _build_lpc40xx_freertos\obj\gpio.o
                0x000023e6                gpio__enable_open_drain
 .text.gpio__set_as_input
                0x0000240c       0x28 _build_lpc40xx_freertos\obj\gpio.o
                0x0000240c                gpio__set_as_input
 .text.gpio__construct_as_input
                0x00002434       0x1c _build_lpc40xx_freertos\obj\gpio.o
                0x00002434                gpio__construct_as_input
 .text.gpio__set_as_output
                0x00002450       0x24 _build_lpc40xx_freertos\obj\gpio.o
                0x00002450                gpio__set_as_output
 .text.gpio__construct_as_output
                0x00002474       0x1c _build_lpc40xx_freertos\obj\gpio.o
                0x00002474                gpio__construct_as_output
 .text.gpio__get
                0x00002490       0x28 _build_lpc40xx_freertos\obj\gpio.o
                0x00002490                gpio__get
 .text.gpio__set
                0x000024b8       0x1c _build_lpc40xx_freertos\obj\gpio.o
                0x000024b8                gpio__set
 .text.gpio__reset
                0x000024d4       0x1c _build_lpc40xx_freertos\obj\gpio.o
                0x000024d4                gpio__reset
 .text.gpio__toggle
                0x000024f0       0x26 _build_lpc40xx_freertos\obj\gpio.o
                0x000024f0                gpio__toggle
 *fill*         0x00002516        0x2 ff
 .text.hw_timer__enable
                0x00002518       0x48 _build_lpc40xx_freertos\obj\hw_timer.o
                0x00002518                hw_timer__enable
 .text.hw_timer__enable_match_isr
                0x00002560       0x24 _build_lpc40xx_freertos\obj\hw_timer.o
                0x00002560                hw_timer__enable_match_isr
 .text.hw_timer__acknowledge_interrupt
                0x00002584       0x14 _build_lpc40xx_freertos\obj\hw_timer.o
                0x00002584                hw_timer__acknowledge_interrupt
 .text.hw_timer__get_value
                0x00002598       0x10 _build_lpc40xx_freertos\obj\hw_timer.o
                0x00002598                hw_timer__get_value
 .text.hw_timer__set_value
                0x000025a8       0x10 _build_lpc40xx_freertos\obj\hw_timer.o
                0x000025a8                hw_timer__set_value
 .text.i2c__transfer_unprotected
                0x000025b8       0x5e _build_lpc40xx_freertos\obj\i2c.o
 *fill*         0x00002616        0x2 ff
 .text.i2c__handle_interrupt
                0x00002618      0x128 _build_lpc40xx_freertos\obj\i2c.o
 .text.i2c2_isr
                0x00002740        0xc _build_lpc40xx_freertos\obj\i2c.o
 .text.i2c1_isr
                0x0000274c        0xc _build_lpc40xx_freertos\obj\i2c.o
 .text.i2c0_isr
                0x00002758        0xc _build_lpc40xx_freertos\obj\i2c.o
 .text.i2c__initialize
                0x00002764       0xb8 _build_lpc40xx_freertos\obj\i2c.o
                0x00002764                i2c__initialize
 .text.i2c__read_slave_data
                0x0000281c       0x58 _build_lpc40xx_freertos\obj\i2c.o
                0x0000281c                i2c__read_slave_data
 .text.i2c__read_single
                0x00002874       0x1e _build_lpc40xx_freertos\obj\i2c.o
                0x00002874                i2c__read_single
 *fill*         0x00002892        0x2 ff
 .text.i2c__write_slave_data
                0x00002894       0x50 _build_lpc40xx_freertos\obj\i2c.o
                0x00002894                i2c__write_slave_data
 .text.i2c__detect
                0x000028e4       0x18 _build_lpc40xx_freertos\obj\i2c.o
                0x000028e4                i2c__detect
 .text.i2c__write_single
                0x000028fc       0x18 _build_lpc40xx_freertos\obj\i2c.o
                0x000028fc                i2c__write_single
 .text.lpc_peripheral__halt_handler
                0x00002914        0x2 _build_lpc40xx_freertos\obj\lpc_peripherals.o
 *fill*         0x00002916        0x2 ff
 .text.lpc_peripheral__interrupt_dispatcher
                0x00002918       0x34 _build_lpc40xx_freertos\obj\lpc_peripherals.o
                0x00002918                lpc_peripheral__interrupt_dispatcher
 .text.lpc_peripheral__turn_on_power_to
                0x0000294c       0x24 _build_lpc40xx_freertos\obj\lpc_peripherals.o
                0x0000294c                lpc_peripheral__turn_on_power_to
 .text.lpc_peripheral__is_powered_on
                0x00002970       0x24 _build_lpc40xx_freertos\obj\lpc_peripherals.o
                0x00002970                lpc_peripheral__is_powered_on
 .text.lpc_peripheral__enable_interrupt
                0x00002994       0x28 _build_lpc40xx_freertos\obj\lpc_peripherals.o
                0x00002994                lpc_peripheral__enable_interrupt
 .text.ssp2__dma_transfer_block
                0x000029bc       0x98 _build_lpc40xx_freertos\obj\ssp2.o
 .text.ssp2__set_max_clock
                0x00002a54       0x2c _build_lpc40xx_freertos\obj\ssp2.o
                0x00002a54                ssp2__set_max_clock
 .text.ssp2__initialize
                0x00002a80       0x44 _build_lpc40xx_freertos\obj\ssp2.o
                0x00002a80                ssp2__initialize
 .text.ssp2__exchange_byte
                0x00002ac4       0x14 _build_lpc40xx_freertos\obj\ssp2.o
                0x00002ac4                ssp2__exchange_byte
 .text.ssp2__dma_write_block
                0x00002ad8        0x6 _build_lpc40xx_freertos\obj\ssp2.o
                0x00002ad8                ssp2__dma_write_block
 .text.ssp2__dma_read_block
                0x00002ade        0x6 _build_lpc40xx_freertos\obj\ssp2.o
                0x00002ade                ssp2__dma_read_block
 .text.uart__isr_common
                0x00002ae4       0x94 _build_lpc40xx_freertos\obj\uart.o
 .text.uart3_isr
                0x00002b78        0xc _build_lpc40xx_freertos\obj\uart.o
 .text.uart2_isr
                0x00002b84        0xc _build_lpc40xx_freertos\obj\uart.o
 .text.uart1_isr
                0x00002b90        0xc _build_lpc40xx_freertos\obj\uart.o
 .text.uart0_isr
                0x00002b9c        0xc _build_lpc40xx_freertos\obj\uart.o
 .text.uart__init
                0x00002ba8       0x58 _build_lpc40xx_freertos\obj\uart.o
                0x00002ba8                uart__init
 .text.uart__is_initialized
                0x00002c00       0x28 _build_lpc40xx_freertos\obj\uart.o
                0x00002c00                uart__is_initialized
 .text.uart__is_transmit_queue_initialized
                0x00002c28       0x18 _build_lpc40xx_freertos\obj\uart.o
                0x00002c28                uart__is_transmit_queue_initialized
 .text.uart__enable_queues
                0x00002c40       0x7c _build_lpc40xx_freertos\obj\uart.o
                0x00002c40                uart__enable_queues
 .text.uart__polled_put
                0x00002cbc       0x28 _build_lpc40xx_freertos\obj\uart.o
                0x00002cbc                uart__polled_put
 .text.uart__get
                0x00002ce4       0x50 _build_lpc40xx_freertos\obj\uart.o
                0x00002ce4                uart__get
 .text.uart__polled_get
                0x00002d34       0x58 _build_lpc40xx_freertos\obj\uart.o
                0x00002d34                uart__polled_get
 .text.uart__put
                0x00002d8c       0x84 _build_lpc40xx_freertos\obj\uart.o
                0x00002d8c                uart__put
 .text.app_cli__private_print_list_of_all_commands
                0x00002e10       0x98 _build_lpc40xx_freertos\obj\app_cli.o
 .text.app_cli__initialize
                0x00002ea8       0x16 _build_lpc40xx_freertos\obj\app_cli.o
                0x00002ea8                app_cli__initialize
 .text.app_cli__add_command_handler
                0x00002ebe        0xa _build_lpc40xx_freertos\obj\app_cli.o
                0x00002ebe                app_cli__add_command_handler
 .text.app_cli__process_input
                0x00002ec8      0x134 _build_lpc40xx_freertos\obj\app_cli.o
                0x00002ec8                app_cli__process_input
 .text.sj2_cli__output_function
                0x00002ffc       0x12 _build_lpc40xx_freertos\obj\sj2_cli.o
 *fill*         0x0000300e        0x2 ff
 .text.sj2_cli__task
                0x00003010       0x78 _build_lpc40xx_freertos\obj\sj2_cli.o
 .text.sj2_cli__init
                0x00003088       0x7c _build_lpc40xx_freertos\obj\sj2_cli.o
                0x00003088                sj2_cli__init
 .text.cli__i2c_read
                0x00003104       0xc8 _build_lpc40xx_freertos\obj\handler_i2c.o
 .text.cli__i2c_write
                0x000031cc       0xe8 _build_lpc40xx_freertos\obj\handler_i2c.o
 .text.cli__i2c
                0x000032b4       0x48 _build_lpc40xx_freertos\obj\handler_i2c.o
                0x000032b4                cli__i2c
 .text.cli__crash_me
                0x000032fc        0x6 _build_lpc40xx_freertos\obj\handlers_general.o
                0x000032fc                cli__crash_me
 *fill*         0x00003302        0x2 ff
 .text.cli__task_list
                0x00003304       0xdc _build_lpc40xx_freertos\obj\handlers_general.o
                0x00003304                cli__task_list
 .text.ld_dword
                0x000033e0       0x10 _build_lpc40xx_freertos\obj\ff.o
 .text.mem_cmp  0x000033f0       0x1c _build_lpc40xx_freertos\obj\ff.o
 .text.get_ldnumber
                0x0000340c       0x2a _build_lpc40xx_freertos\obj\ff.o
 .text.sync_window.part.6
                0x00003436       0x40 _build_lpc40xx_freertos\obj\ff.o
 .text.move_window
                0x00003476       0x44 _build_lpc40xx_freertos\obj\ff.o
 *fill*         0x000034ba        0x2 ff
 .text.check_fs
                0x000034bc       0x74 _build_lpc40xx_freertos\obj\ff.o
 .text.find_volume
                0x00003530      0x2c0 _build_lpc40xx_freertos\obj\ff.o
 .text.unlock_fs
                0x000037f0       0x16 _build_lpc40xx_freertos\obj\ff.o
 *fill*         0x00003806        0x2 ff
 .text.f_mount  0x00003808       0x70 _build_lpc40xx_freertos\obj\ff.o
                0x00003808                f_mount
 .text.ff_cre_syncobj
                0x00003878       0x14 _build_lpc40xx_freertos\obj\ffsystem.o
                0x00003878                ff_cre_syncobj
 .text.ff_del_syncobj
                0x0000388c        0xa _build_lpc40xx_freertos\obj\ffsystem.o
                0x0000388c                ff_del_syncobj
 .text.ff_req_grant
                0x00003896       0x12 _build_lpc40xx_freertos\obj\ffsystem.o
                0x00003896                ff_req_grant
 .text.ff_rel_grant
                0x000038a8        0xa _build_lpc40xx_freertos\obj\ffsystem.o
                0x000038a8                ff_rel_grant
 .text.disk_initialize
                0x000038b2       0x1c _build_lpc40xx_freertos\obj\disk_glue_logic.o
                0x000038b2                disk_initialize
 .text.disk_status
                0x000038ce        0xa _build_lpc40xx_freertos\obj\disk_glue_logic.o
                0x000038ce                disk_status
 .text.disk_read
                0x000038d8       0x28 _build_lpc40xx_freertos\obj\disk_glue_logic.o
                0x000038d8                disk_read
 .text.disk_write
                0x00003900       0x28 _build_lpc40xx_freertos\obj\disk_glue_logic.o
                0x00003900                disk_write
 .text.sd_card__wait_for_ready
                0x00003928       0x28 _build_lpc40xx_freertos\obj\sd_card.o
 .text.sd_card__power_off
                0x00003950       0x20 _build_lpc40xx_freertos\obj\sd_card.o
 .text.sd_card__transmit_datablock
                0x00003970       0x5a _build_lpc40xx_freertos\obj\sd_card.o
 .text.sd_card__send_command
                0x000039ca       0x86 _build_lpc40xx_freertos\obj\sd_card.o
 .text.sd_card__read_datablock
                0x00003a50       0x42 _build_lpc40xx_freertos\obj\sd_card.o
 *fill*         0x00003a92        0x2 ff
 .text.sd_card__update_status
                0x00003a94       0x20 _build_lpc40xx_freertos\obj\sd_card.o
                0x00003a94                sd_card__update_status
 .text.sd_card__initialize
                0x00003ab4      0x13c _build_lpc40xx_freertos\obj\sd_card.o
                0x00003ab4                sd_card__initialize
 .text.sd_card__status
                0x00003bf0       0x10 _build_lpc40xx_freertos\obj\sd_card.o
                0x00003bf0                sd_card__status
 .text.sd_card__read
                0x00003c00       0x8c _build_lpc40xx_freertos\obj\sd_card.o
                0x00003c00                sd_card__read
 .text.sd_card__write
                0x00003c8c       0xa8 _build_lpc40xx_freertos\obj\sd_card.o
                0x00003c8c                sd_card__write
 .text.system_calls__print_and_halt
                0x00003d34       0x1e _build_lpc40xx_freertos\obj\system_calls.o
 *fill*         0x00003d52        0x2 ff
 .text._isatty  0x00003d54       0x28 _build_lpc40xx_freertos\obj\system_calls.o
                0x00003d54                _isatty
 .text._write   0x00003d7c       0x70 _build_lpc40xx_freertos\obj\system_calls.o
                0x00003d7c                _write
 .text._read    0x00003dec       0x1c _build_lpc40xx_freertos\obj\system_calls.o
                0x00003dec                _read
 .text.acceleration__init
                0x00003e08       0x22 _build_lpc40xx_freertos\obj\acceleration.o
                0x00003e08                acceleration__init
 .text.sensors__init
                0x00003e2a        0x4 _build_lpc40xx_freertos\obj\sensors.o
                0x00003e2a                sensors__init
 .text.delay__us
                0x00003e2e       0x40 _build_lpc40xx_freertos\obj\delay.o
                0x00003e2e                delay__us
 .text.delay__ms
                0x00003e6e        0xc _build_lpc40xx_freertos\obj\delay.o
                0x00003e6e                delay__ms
 *fill*         0x00003e7a        0x2 ff
 .text.peripherals_init
                0x00003e7c      0x110 _build_lpc40xx_freertos\obj\peripherals_init.o
                0x00003e7c                peripherals_init
 .text.spi2_mutex__acquire
                0x00003f8c       0x34 _build_lpc40xx_freertos\obj\ssp2_mutex.o
                0x00003f8c                spi2_mutex__acquire
 .text.spi2_mutex__release
                0x00003fc0       0x24 _build_lpc40xx_freertos\obj\ssp2_mutex.o
                0x00003fc0                spi2_mutex__release
 .text.sys_time__one_minute_isr
                0x00003fe4       0x24 _build_lpc40xx_freertos\obj\sys_time.o
 .text.sys_time__init
                0x00004008       0x2c _build_lpc40xx_freertos\obj\sys_time.o
                0x00004008                sys_time__init
 .text.sys_time__get_uptime_us
                0x00004034       0x2c _build_lpc40xx_freertos\obj\sys_time.o
                0x00004034                sys_time__get_uptime_us
 .text.sys_time__get_uptime_ms
                0x00004060       0x12 _build_lpc40xx_freertos\obj\sys_time.o
                0x00004060                sys_time__get_uptime_ms
 .text.uart_puts__polled
                0x00004072       0x2a _build_lpc40xx_freertos\obj\uart_printf.o
                0x00004072                uart_puts__polled
 .text.led_matrix__updateDisplay
                0x0000409c      0x180 _build_lpc40xx_freertos\obj\led_matrix.o
                0x0000409c                led_matrix__updateDisplay
 .text.led_matrix__init
                0x0000421c      0x220 _build_lpc40xx_freertos\obj\led_matrix.o
                0x0000421c                led_matrix__init
 .text.drawPixel
                0x0000443c       0x34 _build_lpc40xx_freertos\obj\led_matrix.o
                0x0000443c                drawPixel
 .text.led_matrix_task
                0x00004470       0x1c _build_lpc40xx_freertos\obj\main.o
 .text.blink_task
                0x0000448c       0x18 _build_lpc40xx_freertos\obj\main.o
 .text.startup.main
                0x000044a4       0x94 _build_lpc40xx_freertos\obj\main.o
                0x000044a4                main
 .text.vApplicationStackOverflowHook
                0x00004538       0x1c _build_lpc40xx_freertos\obj\rtos_hooks.o
                0x00004538                vApplicationStackOverflowHook
 .text.vApplicationMallocFailedHook
                0x00004554       0x10 _build_lpc40xx_freertos\obj\rtos_hooks.o
                0x00004554                vApplicationMallocFailedHook
 .text.vApplicationIdleHook
                0x00004564       0x10 _build_lpc40xx_freertos\obj\rtos_hooks.o
                0x00004564                vApplicationIdleHook
 .text.configASSERT_callback
                0x00004574       0x40 _build_lpc40xx_freertos\obj\rtos_hooks.o
                0x00004574                configASSERT_callback
 .text.vApplicationGetIdleTaskMemory
                0x000045b4       0x18 _build_lpc40xx_freertos\obj\rtos_hooks.o
                0x000045b4                vApplicationGetIdleTaskMemory
 .text.freertos_hooks__get_run_time_counter_value
                0x000045cc       0x14 _build_lpc40xx_freertos\obj\rtos_hooks.o
                0x000045cc                freertos_hooks__get_run_time_counter_value
 .text.freertos_hooks__reset_run_time_stats
                0x000045e0       0x14 _build_lpc40xx_freertos\obj\rtos_hooks.o
                0x000045e0                freertos_hooks__reset_run_time_stats
 .text          0x000045f4      0x378 c:/road_max_fury/compiler/windows/gcc-arm-none-eabi-8-2019-q3-update/bin/../lib/gcc/arm-none-eabi/8.3.1/thumb/v7e-m+fp/hard\libgcc.a(_arm_addsubdf3.o)
                0x000045f4                __aeabi_drsub
                0x000045fc                __aeabi_dsub
                0x000045fc                __subdf3
                0x00004600                __aeabi_dadd
                0x00004600                __adddf3
                0x00004878                __floatunsidf
                0x00004878                __aeabi_ui2d
                0x00004898                __floatsidf
                0x00004898                __aeabi_i2d
                0x000048bc                __aeabi_f2d
                0x000048bc                __extendsfdf2
                0x00004900                __floatundidf
                0x00004900                __aeabi_ul2d
                0x00004910                __floatdidf
                0x00004910                __aeabi_l2d
 .text          0x0000496c      0x424 c:/road_max_fury/compiler/windows/gcc-arm-none-eabi-8-2019-q3-update/bin/../lib/gcc/arm-none-eabi/8.3.1/thumb/v7e-m+fp/hard\libgcc.a(_arm_muldivdf3.o)
                0x0000496c                __aeabi_dmul
                0x0000496c                __muldf3
                0x00004bc0                __divdf3
                0x00004bc0                __aeabi_ddiv
 .text          0x00004d90       0x40 c:/road_max_fury/compiler/windows/gcc-arm-none-eabi-8-2019-q3-update/bin/../lib/gcc/arm-none-eabi/8.3.1/thumb/v7e-m+fp/hard\libgcc.a(_arm_fixunsdfsi.o)
                0x00004d90                __aeabi_d2uiz
                0x00004d90                __fixunsdfsi
 .text          0x00004dd0       0x30 c:/road_max_fury/compiler/windows/gcc-arm-none-eabi-8-2019-q3-update/bin/../lib/gcc/arm-none-eabi/8.3.1/thumb/v7e-m+fp/hard\libgcc.a(_aeabi_uldivmod.o)
                0x00004dd0                __aeabi_uldivmod
 .text          0x00004e00      0x2d0 c:/road_max_fury/compiler/windows/gcc-arm-none-eabi-8-2019-q3-update/bin/../lib/gcc/arm-none-eabi/8.3.1/thumb/v7e-m+fp/hard\libgcc.a(_udivmoddi4.o)
                0x00004e00                __udivmoddi4
 .text          0x000050d0        0x4 c:/road_max_fury/compiler/windows/gcc-arm-none-eabi-8-2019-q3-update/bin/../lib/gcc/arm-none-eabi/8.3.1/thumb/v7e-m+fp/hard\libgcc.a(_dvmd_tls.o)
                0x000050d0                __aeabi_idiv0
                0x000050d0                __aeabi_ldiv0
 .text.atoi     0x000050d4        0x8 c:/road_max_fury/compiler/windows/gcc-arm-none-eabi-8-2019-q3-update/bin/../lib/gcc/arm-none-eabi/8.3.1/../../../../arm-none-eabi/lib/thumb/v7e-m+fp/hard\libg_nano.a(lib_a-atoi.o)
                0x000050d4                atoi
 .text.fprintf  0x000050dc       0x24 c:/road_max_fury/compiler/windows/gcc-arm-none-eabi-8-2019-q3-update/bin/../lib/gcc/arm-none-eabi/8.3.1/../../../../arm-none-eabi/lib/thumb/v7e-m+fp/hard\libg_nano.a(lib_a-fprintf.o)
                0x000050dc                fiprintf
                0x000050dc                fprintf
 .text._fputs_r
                0x00005100       0xcc c:/road_max_fury/compiler/windows/gcc-arm-none-eabi-8-2019-q3-update/bin/../lib/gcc/arm-none-eabi/8.3.1/../../../../arm-none-eabi/lib/thumb/v7e-m+fp/hard\libg_nano.a(lib_a-fputs.o)
                0x00005100                _fputs_r
 .text.fputs    0x000051cc       0x10 c:/road_max_fury/compiler/windows/gcc-arm-none-eabi-8-2019-q3-update/bin/../lib/gcc/arm-none-eabi/8.3.1/../../../../arm-none-eabi/lib/thumb/v7e-m+fp/hard\libg_nano.a(lib_a-fputs.o)
                0x000051cc                fputs
 .text.getchar  0x000051dc       0x24 c:/road_max_fury/compiler/windows/gcc-arm-none-eabi-8-2019-q3-update/bin/../lib/gcc/arm-none-eabi/8.3.1/../../../../arm-none-eabi/lib/thumb/v7e-m+fp/hard\libg_nano.a(lib_a-getchar.o)
                0x000051dc                getchar
 .text.__retarget_lock_init_recursive
                0x00005200        0x2 c:/road_max_fury/compiler/windows/gcc-arm-none-eabi-8-2019-q3-update/bin/../lib/gcc/arm-none-eabi/8.3.1/../../../../arm-none-eabi/lib/thumb/v7e-m+fp/hard\libg_nano.a(lib_a-lock.o)
                0x00005200                __retarget_lock_init_recursive
 .text.__retarget_lock_acquire_recursive
                0x00005202        0x2 c:/road_max_fury/compiler/windows/gcc-arm-none-eabi-8-2019-q3-update/bin/../lib/gcc/arm-none-eabi/8.3.1/../../../../arm-none-eabi/lib/thumb/v7e-m+fp/hard\libg_nano.a(lib_a-lock.o)
                0x00005202                __retarget_lock_acquire_recursive
 .text.__retarget_lock_release_recursive
                0x00005204        0x2 c:/road_max_fury/compiler/windows/gcc-arm-none-eabi-8-2019-q3-update/bin/../lib/gcc/arm-none-eabi/8.3.1/../../../../arm-none-eabi/lib/thumb/v7e-m+fp/hard\libg_nano.a(lib_a-lock.o)
                0x00005204                __retarget_lock_release_recursive
 *fill*         0x00005206        0x2 ff
 .text.malloc   0x00005208       0x10 c:/road_max_fury/compiler/windows/gcc-arm-none-eabi-8-2019-q3-update/bin/../lib/gcc/arm-none-eabi/8.3.1/../../../../arm-none-eabi/lib/thumb/v7e-m+fp/hard\libg_nano.a(lib_a-malloc.o)
                0x00005208                malloc
 .text.free     0x00005218       0x10 c:/road_max_fury/compiler/windows/gcc-arm-none-eabi-8-2019-q3-update/bin/../lib/gcc/arm-none-eabi/8.3.1/../../../../arm-none-eabi/lib/thumb/v7e-m+fp/hard\libg_nano.a(lib_a-malloc.o)
                0x00005218                free
 .text.memcpy   0x00005228       0x1c c:/road_max_fury/compiler/windows/gcc-arm-none-eabi-8-2019-q3-update/bin/../lib/gcc/arm-none-eabi/8.3.1/../../../../arm-none-eabi/lib/thumb/v7e-m+fp/hard\libg_nano.a(lib_a-memcpy-stub.o)
                0x00005228                memcpy
 .text.memmove  0x00005244       0x34 c:/road_max_fury/compiler/windows/gcc-arm-none-eabi-8-2019-q3-update/bin/../lib/gcc/arm-none-eabi/8.3.1/../../../../arm-none-eabi/lib/thumb/v7e-m+fp/hard\libg_nano.a(lib_a-memmove.o)
                0x00005244                memmove
 .text.memset   0x00005278       0x10 c:/road_max_fury/compiler/windows/gcc-arm-none-eabi-8-2019-q3-update/bin/../lib/gcc/arm-none-eabi/8.3.1/../../../../arm-none-eabi/lib/thumb/v7e-m+fp/hard\libg_nano.a(lib_a-memset.o)
                0x00005278                memset
 .text._free_r  0x00005288       0x9c c:/road_max_fury/compiler/windows/gcc-arm-none-eabi-8-2019-q3-update/bin/../lib/gcc/arm-none-eabi/8.3.1/../../../../arm-none-eabi/lib/thumb/v7e-m+fp/hard\libg_nano.a(lib_a-nano-freer.o)
                0x00005288                _free_r
 .text._malloc_r
                0x00005324       0xb4 c:/road_max_fury/compiler/windows/gcc-arm-none-eabi-8-2019-q3-update/bin/../lib/gcc/arm-none-eabi/8.3.1/../../../../arm-none-eabi/lib/thumb/v7e-m+fp/hard\libg_nano.a(lib_a-nano-mallocr.o)
                0x00005324                _malloc_r
 .text.__sfputc_r
                0x000053d8       0x2e c:/road_max_fury/compiler/windows/gcc-arm-none-eabi-8-2019-q3-update/bin/../lib/gcc/arm-none-eabi/8.3.1/../../../../arm-none-eabi/lib/thumb/v7e-m+fp/hard\libg_nano.a(lib_a-nano-vfprintf.o)
 .text.__sfputs_r
                0x00005406       0x24 c:/road_max_fury/compiler/windows/gcc-arm-none-eabi-8-2019-q3-update/bin/../lib/gcc/arm-none-eabi/8.3.1/../../../../arm-none-eabi/lib/thumb/v7e-m+fp/hard\libg_nano.a(lib_a-nano-vfprintf.o)
                0x00005406                __sfputs_r
 *fill*         0x0000542a        0x2 ff
 .text._vfprintf_r
                0x0000542c      0x250 c:/road_max_fury/compiler/windows/gcc-arm-none-eabi-8-2019-q3-update/bin/../lib/gcc/arm-none-eabi/8.3.1/../../../../arm-none-eabi/lib/thumb/v7e-m+fp/hard\libg_nano.a(lib_a-nano-vfprintf.o)
                0x0000542c                _vfprintf_r
                0x0000542c                _vfiprintf_r
 .text.__cvt    0x0000567c       0xba c:/road_max_fury/compiler/windows/gcc-arm-none-eabi-8-2019-q3-update/bin/../lib/gcc/arm-none-eabi/8.3.1/../../../../arm-none-eabi/lib/thumb/v7e-m+fp/hard\libg_nano.a(lib_a-nano-vfprintf_float.o)
                0x0000567c                __cvt
 .text.__exponent
                0x00005736       0x64 c:/road_max_fury/compiler/windows/gcc-arm-none-eabi-8-2019-q3-update/bin/../lib/gcc/arm-none-eabi/8.3.1/../../../../arm-none-eabi/lib/thumb/v7e-m+fp/hard\libg_nano.a(lib_a-nano-vfprintf_float.o)
                0x00005736                __exponent
 *fill*         0x0000579a        0x2 ff
 .text._printf_float
                0x0000579c      0x454 c:/road_max_fury/compiler/windows/gcc-arm-none-eabi-8-2019-q3-update/bin/../lib/gcc/arm-none-eabi/8.3.1/../../../../arm-none-eabi/lib/thumb/v7e-m+fp/hard\libg_nano.a(lib_a-nano-vfprintf_float.o)
                0x0000579c                _printf_float
 .text._printf_common
                0x00005bf0       0xea c:/road_max_fury/compiler/windows/gcc-arm-none-eabi-8-2019-q3-update/bin/../lib/gcc/arm-none-eabi/8.3.1/../../../../arm-none-eabi/lib/thumb/v7e-m+fp/hard\libg_nano.a(lib_a-nano-vfprintf_i.o)
                0x00005bf0                _printf_common
 *fill*         0x00005cda        0x2 ff
 .text._printf_i
                0x00005cdc      0x228 c:/road_max_fury/compiler/windows/gcc-arm-none-eabi-8-2019-q3-update/bin/../lib/gcc/arm-none-eabi/8.3.1/../../../../arm-none-eabi/lib/thumb/v7e-m+fp/hard\libg_nano.a(lib_a-nano-vfprintf_i.o)
                0x00005cdc                _printf_i
 .text._scanf_float
                0x00005f04      0x3c0 c:/road_max_fury/compiler/windows/gcc-arm-none-eabi-8-2019-q3-update/bin/../lib/gcc/arm-none-eabi/8.3.1/../../../../arm-none-eabi/lib/thumb/v7e-m+fp/hard\libg_nano.a(lib_a-nano-vfscanf_float.o)
                0x00005f04                _scanf_float
 .text.printf   0x000062c4       0x30 c:/road_max_fury/compiler/windows/gcc-arm-none-eabi-8-2019-q3-update/bin/../lib/gcc/arm-none-eabi/8.3.1/../../../../arm-none-eabi/lib/thumb/v7e-m+fp/hard\libg_nano.a(lib_a-printf.o)
                0x000062c4                iprintf
                0x000062c4                printf
 .text.putchar  0x000062f4       0x28 c:/road_max_fury/compiler/windows/gcc-arm-none-eabi-8-2019-q3-update/bin/../lib/gcc/arm-none-eabi/8.3.1/../../../../arm-none-eabi/lib/thumb/v7e-m+fp/hard\libg_nano.a(lib_a-putchar.o)
                0x000062f4                putchar
 .text._puts_r  0x0000631c       0xdc c:/road_max_fury/compiler/windows/gcc-arm-none-eabi-8-2019-q3-update/bin/../lib/gcc/arm-none-eabi/8.3.1/../../../../arm-none-eabi/lib/thumb/v7e-m+fp/hard\libg_nano.a(lib_a-puts.o)
                0x0000631c                _puts_r
 .text.puts     0x000063f8       0x10 c:/road_max_fury/compiler/windows/gcc-arm-none-eabi-8-2019-q3-update/bin/../lib/gcc/arm-none-eabi/8.3.1/../../../../arm-none-eabi/lib/thumb/v7e-m+fp/hard\libg_nano.a(lib_a-puts.o)
                0x000063f8                puts
 .text._sbrk_r  0x00006408       0x20 c:/road_max_fury/compiler/windows/gcc-arm-none-eabi-8-2019-q3-update/bin/../lib/gcc/arm-none-eabi/8.3.1/../../../../arm-none-eabi/lib/thumb/v7e-m+fp/hard\libg_nano.a(lib_a-sbrkr.o)
                0x00006408                _sbrk_r
 .text.setvbuf  0x00006428      0x184 c:/road_max_fury/compiler/windows/gcc-arm-none-eabi-8-2019-q3-update/bin/../lib/gcc/arm-none-eabi/8.3.1/../../../../arm-none-eabi/lib/thumb/v7e-m+fp/hard\libg_nano.a(lib_a-setvbuf.o)
                0x00006428                setvbuf
 .text.nanf     0x000065ac        0xc c:/road_max_fury/compiler/windows/gcc-arm-none-eabi-8-2019-q3-update/bin/../lib/gcc/arm-none-eabi/8.3.1/../../../../arm-none-eabi/lib/thumb/v7e-m+fp/hard\libg_nano.a(lib_a-sf_nan.o)
                0x000065ac                nanf
 .text.sprintf  0x000065b8       0x40 c:/road_max_fury/compiler/windows/gcc-arm-none-eabi-8-2019-q3-update/bin/../lib/gcc/arm-none-eabi/8.3.1/../../../../arm-none-eabi/lib/thumb/v7e-m+fp/hard\libg_nano.a(lib_a-sprintf.o)
                0x000065b8                siprintf
                0x000065b8                sprintf
 .text.strcasecmp
                0x000065f8       0x38 c:/road_max_fury/compiler/windows/gcc-arm-none-eabi-8-2019-q3-update/bin/../lib/gcc/arm-none-eabi/8.3.1/../../../../arm-none-eabi/lib/thumb/v7e-m+fp/hard\libg_nano.a(lib_a-strcasecmp.o)
                0x000065f8                strcasecmp
 .text.strchr   0x00006630       0x1a c:/road_max_fury/compiler/windows/gcc-arm-none-eabi-8-2019-q3-update/bin/../lib/gcc/arm-none-eabi/8.3.1/../../../../arm-none-eabi/lib/thumb/v7e-m+fp/hard\libg_nano.a(lib_a-strchr.o)
                0x00006630                strchr
 .text          0x0000664a       0x10 c:/road_max_fury/compiler/windows/gcc-arm-none-eabi-8-2019-q3-update/bin/../lib/gcc/arm-none-eabi/8.3.1/../../../../arm-none-eabi/lib/thumb/v7e-m+fp/hard\libg_nano.a(lib_a-strlen.o)
                0x0000664a                strlen
 *fill*         0x0000665a        0x2 ff
 .text.strncasecmp
                0x0000665c       0x44 c:/road_max_fury/compiler/windows/gcc-arm-none-eabi-8-2019-q3-update/bin/../lib/gcc/arm-none-eabi/8.3.1/../../../../arm-none-eabi/lib/thumb/v7e-m+fp/hard\libg_nano.a(lib_a-strncasecmp.o)
                0x0000665c                strncasecmp
 .text.strncmp  0x000066a0       0x24 c:/road_max_fury/compiler/windows/gcc-arm-none-eabi-8-2019-q3-update/bin/../lib/gcc/arm-none-eabi/8.3.1/../../../../arm-none-eabi/lib/thumb/v7e-m+fp/hard\libg_nano.a(lib_a-strncmp.o)
                0x000066a0                strncmp
 .text.strncpy  0x000066c4       0x26 c:/road_max_fury/compiler/windows/gcc-arm-none-eabi-8-2019-q3-update/bin/../lib/gcc/arm-none-eabi/8.3.1/../../../../arm-none-eabi/lib/thumb/v7e-m+fp/hard\libg_nano.a(lib_a-strncpy.o)
                0x000066c4                strncpy
 .text.strstr   0x000066ea       0x2e c:/road_max_fury/compiler/windows/gcc-arm-none-eabi-8-2019-q3-update/bin/../lib/gcc/arm-none-eabi/8.3.1/../../../../arm-none-eabi/lib/thumb/v7e-m+fp/hard\libg_nano.a(lib_a-strstr.o)
                0x000066ea                strstr
 .text.sulp     0x00006718       0x38 c:/road_max_fury/compiler/windows/gcc-arm-none-eabi-8-2019-q3-update/bin/../lib/gcc/arm-none-eabi/8.3.1/../../../../arm-none-eabi/lib/thumb/v7e-m+fp/hard\libg_nano.a(lib_a-strtod.o)
 .text._strtod_l
                0x00006750      0xb98 c:/road_max_fury/compiler/windows/gcc-arm-none-eabi-8-2019-q3-update/bin/../lib/gcc/arm-none-eabi/8.3.1/../../../../arm-none-eabi/lib/thumb/v7e-m+fp/hard\libg_nano.a(lib_a-strtod.o)
                0x00006750                _strtod_l
 .text._strtod_r
                0x000072e8        0xc c:/road_max_fury/compiler/windows/gcc-arm-none-eabi-8-2019-q3-update/bin/../lib/gcc/arm-none-eabi/8.3.1/../../../../arm-none-eabi/lib/thumb/v7e-m+fp/hard\libg_nano.a(lib_a-strtod.o)
                0x000072e8                _strtod_r
 .text._strtol_l.isra.0
                0x000072f4       0xf0 c:/road_max_fury/compiler/windows/gcc-arm-none-eabi-8-2019-q3-update/bin/../lib/gcc/arm-none-eabi/8.3.1/../../../../arm-none-eabi/lib/thumb/v7e-m+fp/hard\libg_nano.a(lib_a-strtol.o)
 .text._strtol_r
                0x000073e4        0x4 c:/road_max_fury/compiler/windows/gcc-arm-none-eabi-8-2019-q3-update/bin/../lib/gcc/arm-none-eabi/8.3.1/../../../../arm-none-eabi/lib/thumb/v7e-m+fp/hard\libg_nano.a(lib_a-strtol.o)
                0x000073e4                _strtol_r
 .text.strtol   0x000073e8       0x14 c:/road_max_fury/compiler/windows/gcc-arm-none-eabi-8-2019-q3-update/bin/../lib/gcc/arm-none-eabi/8.3.1/../../../../arm-none-eabi/lib/thumb/v7e-m+fp/hard\libg_nano.a(lib_a-strtol.o)
                0x000073e8                strtol
 .text._vsnprintf_r
                0x000073fc       0x58 c:/road_max_fury/compiler/windows/gcc-arm-none-eabi-8-2019-q3-update/bin/../lib/gcc/arm-none-eabi/8.3.1/../../../../arm-none-eabi/lib/thumb/v7e-m+fp/hard\libg_nano.a(lib_a-vsnprintf.o)
                0x000073fc                _vsniprintf_r
                0x000073fc                _vsnprintf_r
 .text.vsnprintf
                0x00007454       0x1c c:/road_max_fury/compiler/windows/gcc-arm-none-eabi-8-2019-q3-update/bin/../lib/gcc/arm-none-eabi/8.3.1/../../../../arm-none-eabi/lib/thumb/v7e-m+fp/hard\libg_nano.a(lib_a-vsnprintf.o)
                0x00007454                vsniprintf
                0x00007454                vsnprintf
 .text._vsscanf_r
                0x00007470       0x48 c:/road_max_fury/compiler/windows/gcc-arm-none-eabi-8-2019-q3-update/bin/../lib/gcc/arm-none-eabi/8.3.1/../../../../arm-none-eabi/lib/thumb/v7e-m+fp/hard\libg_nano.a(lib_a-vsscanf.o)
                0x00007470                _vsscanf_r
                0x00007470                _vsiscanf_r
 .text.vsscanf  0x000074b8       0x14 c:/road_max_fury/compiler/windows/gcc-arm-none-eabi-8-2019-q3-update/bin/../lib/gcc/arm-none-eabi/8.3.1/../../../../arm-none-eabi/lib/thumb/v7e-m+fp/hard\libg_nano.a(lib_a-vsscanf.o)
                0x000074b8                vsiscanf
                0x000074b8                vsscanf
 .text.__swbuf_r
                0x000074cc       0xa4 c:/road_max_fury/compiler/windows/gcc-arm-none-eabi-8-2019-q3-update/bin/../lib/gcc/arm-none-eabi/8.3.1/../../../../arm-none-eabi/lib/thumb/v7e-m+fp/hard\libg_nano.a(lib_a-wbuf.o)
                0x000074cc                __swbuf_r
 .text.__swsetup_r
                0x00007570       0xdc c:/road_max_fury/compiler/windows/gcc-arm-none-eabi-8-2019-q3-update/bin/../lib/gcc/arm-none-eabi/8.3.1/../../../../arm-none-eabi/lib/thumb/v7e-m+fp/hard\libg_nano.a(lib_a-wsetup.o)
                0x00007570                __swsetup_r
 .text.quorem   0x0000764c      0x112 c:/road_max_fury/compiler/windows/gcc-arm-none-eabi-8-2019-q3-update/bin/../lib/gcc/arm-none-eabi/8.3.1/../../../../arm-none-eabi/lib/thumb/v7e-m+fp/hard\libg_nano.a(lib_a-dtoa.o)
 *fill*         0x0000775e        0x2 ff
 .text._dtoa_r  0x00007760      0xb74 c:/road_max_fury/compiler/windows/gcc-arm-none-eabi-8-2019-q3-update/bin/../lib/gcc/arm-none-eabi/8.3.1/../../../../arm-none-eabi/lib/thumb/v7e-m+fp/hard\libg_nano.a(lib_a-dtoa.o)
                0x00007760                _dtoa_r
 .text.__sflush_r
                0x000082d4      0x10c c:/road_max_fury/compiler/windows/gcc-arm-none-eabi-8-2019-q3-update/bin/../lib/gcc/arm-none-eabi/8.3.1/../../../../arm-none-eabi/lib/thumb/v7e-m+fp/hard\libg_nano.a(lib_a-fflush.o)
                0x000082d4                __sflush_r
 .text._fflush_r
                0x000083e0       0x78 c:/road_max_fury/compiler/windows/gcc-arm-none-eabi-8-2019-q3-update/bin/../lib/gcc/arm-none-eabi/8.3.1/../../../../arm-none-eabi/lib/thumb/v7e-m+fp/hard\libg_nano.a(lib_a-fflush.o)
                0x000083e0                _fflush_r
 .text.fflush   0x00008458       0x24 c:/road_max_fury/compiler/windows/gcc-arm-none-eabi-8-2019-q3-update/bin/../lib/gcc/arm-none-eabi/8.3.1/../../../../arm-none-eabi/lib/thumb/v7e-m+fp/hard\libg_nano.a(lib_a-fflush.o)
                0x00008458                fflush
 .text.std      0x0000847c       0x48 c:/road_max_fury/compiler/windows/gcc-arm-none-eabi-8-2019-q3-update/bin/../lib/gcc/arm-none-eabi/8.3.1/../../../../arm-none-eabi/lib/thumb/v7e-m+fp/hard\libg_nano.a(lib_a-findfp.o)
 .text._cleanup_r
                0x000084c4        0xc c:/road_max_fury/compiler/windows/gcc-arm-none-eabi-8-2019-q3-update/bin/../lib/gcc/arm-none-eabi/8.3.1/../../../../arm-none-eabi/lib/thumb/v7e-m+fp/hard\libg_nano.a(lib_a-findfp.o)
                0x000084c4                _cleanup_r
 .text.__sfmoreglue
                0x000084d0       0x2c c:/road_max_fury/compiler/windows/gcc-arm-none-eabi-8-2019-q3-update/bin/../lib/gcc/arm-none-eabi/8.3.1/../../../../arm-none-eabi/lib/thumb/v7e-m+fp/hard\libg_nano.a(lib_a-findfp.o)
                0x000084d0                __sfmoreglue
 .text.__sfp_lock_acquire
                0x000084fc        0xc c:/road_max_fury/compiler/windows/gcc-arm-none-eabi-8-2019-q3-update/bin/../lib/gcc/arm-none-eabi/8.3.1/../../../../arm-none-eabi/lib/thumb/v7e-m+fp/hard\libg_nano.a(lib_a-findfp.o)
                0x000084fc                __sfp_lock_acquire
 .text.__sfp_lock_release
                0x00008508        0xc c:/road_max_fury/compiler/windows/gcc-arm-none-eabi-8-2019-q3-update/bin/../lib/gcc/arm-none-eabi/8.3.1/../../../../arm-none-eabi/lib/thumb/v7e-m+fp/hard\libg_nano.a(lib_a-findfp.o)
                0x00008508                __sfp_lock_release
 .text.__sinit_lock_acquire
                0x00008514        0xc c:/road_max_fury/compiler/windows/gcc-arm-none-eabi-8-2019-q3-update/bin/../lib/gcc/arm-none-eabi/8.3.1/../../../../arm-none-eabi/lib/thumb/v7e-m+fp/hard\libg_nano.a(lib_a-findfp.o)
                0x00008514                __sinit_lock_acquire
 .text.__sinit_lock_release
                0x00008520        0xc c:/road_max_fury/compiler/windows/gcc-arm-none-eabi-8-2019-q3-update/bin/../lib/gcc/arm-none-eabi/8.3.1/../../../../arm-none-eabi/lib/thumb/v7e-m+fp/hard\libg_nano.a(lib_a-findfp.o)
                0x00008520                __sinit_lock_release
 .text.__sinit  0x0000852c       0x70 c:/road_max_fury/compiler/windows/gcc-arm-none-eabi-8-2019-q3-update/bin/../lib/gcc/arm-none-eabi/8.3.1/../../../../arm-none-eabi/lib/thumb/v7e-m+fp/hard\libg_nano.a(lib_a-findfp.o)
                0x0000852c                __sinit
 .text.__sfp    0x0000859c       0x8c c:/road_max_fury/compiler/windows/gcc-arm-none-eabi-8-2019-q3-update/bin/../lib/gcc/arm-none-eabi/8.3.1/../../../../arm-none-eabi/lib/thumb/v7e-m+fp/hard\libg_nano.a(lib_a-findfp.o)
                0x0000859c                __sfp
 .text._fwalk   0x00008628       0x38 c:/road_max_fury/compiler/windows/gcc-arm-none-eabi-8-2019-q3-update/bin/../lib/gcc/arm-none-eabi/8.3.1/../../../../arm-none-eabi/lib/thumb/v7e-m+fp/hard\libg_nano.a(lib_a-fwalk.o)
                0x00008628                _fwalk
 .text._fwalk_reent
                0x00008660       0x3c c:/road_max_fury/compiler/windows/gcc-arm-none-eabi-8-2019-q3-update/bin/../lib/gcc/arm-none-eabi/8.3.1/../../../../arm-none-eabi/lib/thumb/v7e-m+fp/hard\libg_nano.a(lib_a-fwalk.o)
                0x00008660                _fwalk_reent
 .text.rshift   0x0000869c       0x74 c:/road_max_fury/compiler/windows/gcc-arm-none-eabi-8-2019-q3-update/bin/../lib/gcc/arm-none-eabi/8.3.1/../../../../arm-none-eabi/lib/thumb/v7e-m+fp/hard\libg_nano.a(lib_a-gdtoa-gethex.o)
 .text.__hexdig_fun
                0x00008710       0x2a c:/road_max_fury/compiler/windows/gcc-arm-none-eabi-8-2019-q3-update/bin/../lib/gcc/arm-none-eabi/8.3.1/../../../../arm-none-eabi/lib/thumb/v7e-m+fp/hard\libg_nano.a(lib_a-gdtoa-gethex.o)
                0x00008710                __hexdig_fun
 *fill*         0x0000873a        0x2 ff
 .text.__gethex
                0x0000873c      0x448 c:/road_max_fury/compiler/windows/gcc-arm-none-eabi-8-2019-q3-update/bin/../lib/gcc/arm-none-eabi/8.3.1/../../../../arm-none-eabi/lib/thumb/v7e-m+fp/hard\libg_nano.a(lib_a-gdtoa-gethex.o)
                0x0000873c                __gethex
 .text.L_shift  0x00008b84       0x24 c:/road_max_fury/compiler/windows/gcc-arm-none-eabi-8-2019-q3-update/bin/../lib/gcc/arm-none-eabi/8.3.1/../../../../arm-none-eabi/lib/thumb/v7e-m+fp/hard\libg_nano.a(lib_a-gdtoa-hexnan.o)
 .text.__match  0x00008ba8       0x28 c:/road_max_fury/compiler/windows/gcc-arm-none-eabi-8-2019-q3-update/bin/../lib/gcc/arm-none-eabi/8.3.1/../../../../arm-none-eabi/lib/thumb/v7e-m+fp/hard\libg_nano.a(lib_a-gdtoa-hexnan.o)
                0x00008ba8                __match
 .text.__hexnan
                0x00008bd0      0x120 c:/road_max_fury/compiler/windows/gcc-arm-none-eabi-8-2019-q3-update/bin/../lib/gcc/arm-none-eabi/8.3.1/../../../../arm-none-eabi/lib/thumb/v7e-m+fp/hard\libg_nano.a(lib_a-gdtoa-hexnan.o)
                0x00008bd0                __hexnan
 .text._getc_r  0x00008cf0       0x80 c:/road_max_fury/compiler/windows/gcc-arm-none-eabi-8-2019-q3-update/bin/../lib/gcc/arm-none-eabi/8.3.1/../../../../arm-none-eabi/lib/thumb/v7e-m+fp/hard\libg_nano.a(lib_a-getc.o)
                0x00008cf0                _getc_r
 .text._localeconv_r
                0x00008d70        0x8 c:/road_max_fury/compiler/windows/gcc-arm-none-eabi-8-2019-q3-update/bin/../lib/gcc/arm-none-eabi/8.3.1/../../../../arm-none-eabi/lib/thumb/v7e-m+fp/hard\libg_nano.a(lib_a-localeconv.o)
                0x00008d70                _localeconv_r
 .text.__swhatbuf_r
                0x00008d78       0x48 c:/road_max_fury/compiler/windows/gcc-arm-none-eabi-8-2019-q3-update/bin/../lib/gcc/arm-none-eabi/8.3.1/../../../../arm-none-eabi/lib/thumb/v7e-m+fp/hard\libg_nano.a(lib_a-makebuf.o)
                0x00008d78                __swhatbuf_r
 .text.__smakebuf_r
                0x00008dc0       0x80 c:/road_max_fury/compiler/windows/gcc-arm-none-eabi-8-2019-q3-update/bin/../lib/gcc/arm-none-eabi/8.3.1/../../../../arm-none-eabi/lib/thumb/v7e-m+fp/hard\libg_nano.a(lib_a-makebuf.o)
                0x00008dc0                __smakebuf_r
 .text.__ascii_mbtowc
                0x00008e40       0x24 c:/road_max_fury/compiler/windows/gcc-arm-none-eabi-8-2019-q3-update/bin/../lib/gcc/arm-none-eabi/8.3.1/../../../../arm-none-eabi/lib/thumb/v7e-m+fp/hard\libg_nano.a(lib_a-mbtowc_r.o)
                0x00008e40                __ascii_mbtowc
 *fill*         0x00008e64        0xc ff
 .text          0x00008e70       0xa0 c:/road_max_fury/compiler/windows/gcc-arm-none-eabi-8-2019-q3-update/bin/../lib/gcc/arm-none-eabi/8.3.1/../../../../arm-none-eabi/lib/thumb/v7e-m+fp/hard\libg_nano.a(lib_a-memchr.o)
                0x00008e70                memchr
 .text.__malloc_lock
                0x00008f10        0xc c:/road_max_fury/compiler/windows/gcc-arm-none-eabi-8-2019-q3-update/bin/../lib/gcc/arm-none-eabi/8.3.1/../../../../arm-none-eabi/lib/thumb/v7e-m+fp/hard\libg_nano.a(lib_a-mlock.o)
                0x00008f10                __malloc_lock
 .text.__malloc_unlock
                0x00008f1c        0xc c:/road_max_fury/compiler/windows/gcc-arm-none-eabi-8-2019-q3-update/bin/../lib/gcc/arm-none-eabi/8.3.1/../../../../arm-none-eabi/lib/thumb/v7e-m+fp/hard\libg_nano.a(lib_a-mlock.o)
                0x00008f1c                __malloc_unlock
 .text._Balloc  0x00008f28       0x68 c:/road_max_fury/compiler/windows/gcc-arm-none-eabi-8-2019-q3-update/bin/../lib/gcc/arm-none-eabi/8.3.1/../../../../arm-none-eabi/lib/thumb/v7e-m+fp/hard\libg_nano.a(lib_a-mprec.o)
                0x00008f28                _Balloc
 .text._Bfree   0x00008f90       0x2e c:/road_max_fury/compiler/windows/gcc-arm-none-eabi-8-2019-q3-update/bin/../lib/gcc/arm-none-eabi/8.3.1/../../../../arm-none-eabi/lib/thumb/v7e-m+fp/hard\libg_nano.a(lib_a-mprec.o)
                0x00008f90                _Bfree
 .text.__multadd
                0x00008fbe       0x76 c:/road_max_fury/compiler/windows/gcc-arm-none-eabi-8-2019-q3-update/bin/../lib/gcc/arm-none-eabi/8.3.1/../../../../arm-none-eabi/lib/thumb/v7e-m+fp/hard\libg_nano.a(lib_a-mprec.o)
                0x00008fbe                __multadd
 .text.__s2b    0x00009034       0x7c c:/road_max_fury/compiler/windows/gcc-arm-none-eabi-8-2019-q3-update/bin/../lib/gcc/arm-none-eabi/8.3.1/../../../../arm-none-eabi/lib/thumb/v7e-m+fp/hard\libg_nano.a(lib_a-mprec.o)
                0x00009034                __s2b
 .text.__hi0bits
                0x000090b0       0x40 c:/road_max_fury/compiler/windows/gcc-arm-none-eabi-8-2019-q3-update/bin/../lib/gcc/arm-none-eabi/8.3.1/../../../../arm-none-eabi/lib/thumb/v7e-m+fp/hard\libg_nano.a(lib_a-mprec.o)
                0x000090b0                __hi0bits
 .text.__lo0bits
                0x000090f0       0x60 c:/road_max_fury/compiler/windows/gcc-arm-none-eabi-8-2019-q3-update/bin/../lib/gcc/arm-none-eabi/8.3.1/../../../../arm-none-eabi/lib/thumb/v7e-m+fp/hard\libg_nano.a(lib_a-mprec.o)
                0x000090f0                __lo0bits
 .text.__i2b    0x00009150       0x12 c:/road_max_fury/compiler/windows/gcc-arm-none-eabi-8-2019-q3-update/bin/../lib/gcc/arm-none-eabi/8.3.1/../../../../arm-none-eabi/lib/thumb/v7e-m+fp/hard\libg_nano.a(lib_a-mprec.o)
                0x00009150                __i2b
 .text.__multiply
                0x00009162      0x120 c:/road_max_fury/compiler/windows/gcc-arm-none-eabi-8-2019-q3-update/bin/../lib/gcc/arm-none-eabi/8.3.1/../../../../arm-none-eabi/lib/thumb/v7e-m+fp/hard\libg_nano.a(lib_a-mprec.o)
                0x00009162                __multiply
 *fill*         0x00009282        0x2 ff
 .text.__pow5mult
                0x00009284       0x9c c:/road_max_fury/compiler/windows/gcc-arm-none-eabi-8-2019-q3-update/bin/../lib/gcc/arm-none-eabi/8.3.1/../../../../arm-none-eabi/lib/thumb/v7e-m+fp/hard\libg_nano.a(lib_a-mprec.o)
                0x00009284                __pow5mult
 .text.__lshift
                0x00009320       0xa6 c:/road_max_fury/compiler/windows/gcc-arm-none-eabi-8-2019-q3-update/bin/../lib/gcc/arm-none-eabi/8.3.1/../../../../arm-none-eabi/lib/thumb/v7e-m+fp/hard\libg_nano.a(lib_a-mprec.o)
                0x00009320                __lshift
 .text.__mcmp   0x000093c6       0x34 c:/road_max_fury/compiler/windows/gcc-arm-none-eabi-8-2019-q3-update/bin/../lib/gcc/arm-none-eabi/8.3.1/../../../../arm-none-eabi/lib/thumb/v7e-m+fp/hard\libg_nano.a(lib_a-mprec.o)
                0x000093c6                __mcmp
 .text.__mdiff  0x000093fa       0xba c:/road_max_fury/compiler/windows/gcc-arm-none-eabi-8-2019-q3-update/bin/../lib/gcc/arm-none-eabi/8.3.1/../../../../arm-none-eabi/lib/thumb/v7e-m+fp/hard\libg_nano.a(lib_a-mprec.o)
                0x000093fa                __mdiff
 .text.__ulp    0x000094b4       0x4c c:/road_max_fury/compiler/windows/gcc-arm-none-eabi-8-2019-q3-update/bin/../lib/gcc/arm-none-eabi/8.3.1/../../../../arm-none-eabi/lib/thumb/v7e-m+fp/hard\libg_nano.a(lib_a-mprec.o)
                0x000094b4                __ulp
 .text.__b2d    0x00009500       0xa0 c:/road_max_fury/compiler/windows/gcc-arm-none-eabi-8-2019-q3-update/bin/../lib/gcc/arm-none-eabi/8.3.1/../../../../arm-none-eabi/lib/thumb/v7e-m+fp/hard\libg_nano.a(lib_a-mprec.o)
                0x00009500                __b2d
 .text.__d2b    0x000095a0       0x9c c:/road_max_fury/compiler/windows/gcc-arm-none-eabi-8-2019-q3-update/bin/../lib/gcc/arm-none-eabi/8.3.1/../../../../arm-none-eabi/lib/thumb/v7e-m+fp/hard\libg_nano.a(lib_a-mprec.o)
                0x000095a0                __d2b
 .text.__ratio  0x0000963c       0x66 c:/road_max_fury/compiler/windows/gcc-arm-none-eabi-8-2019-q3-update/bin/../lib/gcc/arm-none-eabi/8.3.1/../../../../arm-none-eabi/lib/thumb/v7e-m+fp/hard\libg_nano.a(lib_a-mprec.o)
                0x0000963c                __ratio
 .text.__copybits
                0x000096a2       0x34 c:/road_max_fury/compiler/windows/gcc-arm-none-eabi-8-2019-q3-update/bin/../lib/gcc/arm-none-eabi/8.3.1/../../../../arm-none-eabi/lib/thumb/v7e-m+fp/hard\libg_nano.a(lib_a-mprec.o)
                0x000096a2                __copybits
 .text.__any_on
                0x000096d6       0x42 c:/road_max_fury/compiler/windows/gcc-arm-none-eabi-8-2019-q3-update/bin/../lib/gcc/arm-none-eabi/8.3.1/../../../../arm-none-eabi/lib/thumb/v7e-m+fp/hard\libg_nano.a(lib_a-mprec.o)
                0x000096d6                __any_on
 .text._calloc_r
                0x00009718       0x1c c:/road_max_fury/compiler/windows/gcc-arm-none-eabi-8-2019-q3-update/bin/../lib/gcc/arm-none-eabi/8.3.1/../../../../arm-none-eabi/lib/thumb/v7e-m+fp/hard\libg_nano.a(lib_a-nano-callocr.o)
                0x00009718                _calloc_r
 .text._realloc_r
                0x00009734       0x4c c:/road_max_fury/compiler/windows/gcc-arm-none-eabi-8-2019-q3-update/bin/../lib/gcc/arm-none-eabi/8.3.1/../../../../arm-none-eabi/lib/thumb/v7e-m+fp/hard\libg_nano.a(lib_a-nano-reallocr.o)
                0x00009734                _realloc_r
 .text.__ssputs_r
                0x00009780       0xb6 c:/road_max_fury/compiler/windows/gcc-arm-none-eabi-8-2019-q3-update/bin/../lib/gcc/arm-none-eabi/8.3.1/../../../../arm-none-eabi/lib/thumb/v7e-m+fp/hard\libg_nano.a(lib_a-nano-svfprintf.o)
                0x00009780                __ssputs_r
 *fill*         0x00009836        0x2 ff
 .text._svfprintf_r
                0x00009838      0x1f0 c:/road_max_fury/compiler/windows/gcc-arm-none-eabi-8-2019-q3-update/bin/../lib/gcc/arm-none-eabi/8.3.1/../../../../arm-none-eabi/lib/thumb/v7e-m+fp/hard\libg_nano.a(lib_a-nano-svfprintf.o)
                0x00009838                _svfiprintf_r
                0x00009838                _svfprintf_r
 .text._sungetc_r
                0x00009a28       0x7a c:/road_max_fury/compiler/windows/gcc-arm-none-eabi-8-2019-q3-update/bin/../lib/gcc/arm-none-eabi/8.3.1/../../../../arm-none-eabi/lib/thumb/v7e-m+fp/hard\libg_nano.a(lib_a-nano-svfscanf.o)
                0x00009a28                _sungetc_r
 .text.__ssrefill_r
                0x00009aa2       0x3a c:/road_max_fury/compiler/windows/gcc-arm-none-eabi-8-2019-q3-update/bin/../lib/gcc/arm-none-eabi/8.3.1/../../../../arm-none-eabi/lib/thumb/v7e-m+fp/hard\libg_nano.a(lib_a-nano-svfscanf.o)
                0x00009aa2                __ssrefill_r
 .text.__ssvfscanf_r
                0x00009adc      0x290 c:/road_max_fury/compiler/windows/gcc-arm-none-eabi-8-2019-q3-update/bin/../lib/gcc/arm-none-eabi/8.3.1/../../../../arm-none-eabi/lib/thumb/v7e-m+fp/hard\libg_nano.a(lib_a-nano-svfscanf.o)
                0x00009adc                __ssvfiscanf_r
                0x00009adc                __ssvfscanf_r
 .text._scanf_chars
                0x00009d6c       0xb0 c:/road_max_fury/compiler/windows/gcc-arm-none-eabi-8-2019-q3-update/bin/../lib/gcc/arm-none-eabi/8.3.1/../../../../arm-none-eabi/lib/thumb/v7e-m+fp/hard\libg_nano.a(lib_a-nano-vfscanf_i.o)
                0x00009d6c                _scanf_chars
 .text._scanf_i
                0x00009e1c      0x1e8 c:/road_max_fury/compiler/windows/gcc-arm-none-eabi-8-2019-q3-update/bin/../lib/gcc/arm-none-eabi/8.3.1/../../../../arm-none-eabi/lib/thumb/v7e-m+fp/hard\libg_nano.a(lib_a-nano-vfscanf_i.o)
                0x00009e1c                _scanf_i
 .text._putc_r  0x0000a004       0x90 c:/road_max_fury/compiler/windows/gcc-arm-none-eabi-8-2019-q3-update/bin/../lib/gcc/arm-none-eabi/8.3.1/../../../../arm-none-eabi/lib/thumb/v7e-m+fp/hard\libg_nano.a(lib_a-putc.o)
                0x0000a004                _putc_r
 .text.__srget_r
                0x0000a094       0x58 c:/road_max_fury/compiler/windows/gcc-arm-none-eabi-8-2019-q3-update/bin/../lib/gcc/arm-none-eabi/8.3.1/../../../../arm-none-eabi/lib/thumb/v7e-m+fp/hard\libg_nano.a(lib_a-rget.o)
                0x0000a094                __srget_r
 *fill*         0x0000a0ec        0x4 ff
 .text.nan      0x0000a0f0       0x10 c:/road_max_fury/compiler/windows/gcc-arm-none-eabi-8-2019-q3-update/bin/../lib/gcc/arm-none-eabi/8.3.1/../../../../arm-none-eabi/lib/thumb/v7e-m+fp/hard\libg_nano.a(lib_a-s_nan.o)
                0x0000a0f0                nan
 .text.__sccl   0x0000a100       0x64 c:/road_max_fury/compiler/windows/gcc-arm-none-eabi-8-2019-q3-update/bin/../lib/gcc/arm-none-eabi/8.3.1/../../../../arm-none-eabi/lib/thumb/v7e-m+fp/hard\libg_nano.a(lib_a-sccl.o)
                0x0000a100                __sccl
 .text.__sread  0x0000a164       0x22 c:/road_max_fury/compiler/windows/gcc-arm-none-eabi-8-2019-q3-update/bin/../lib/gcc/arm-none-eabi/8.3.1/../../../../arm-none-eabi/lib/thumb/v7e-m+fp/hard\libg_nano.a(lib_a-stdio.o)
                0x0000a164                __sread
 .text.__seofread
                0x0000a186        0x4 c:/road_max_fury/compiler/windows/gcc-arm-none-eabi-8-2019-q3-update/bin/../lib/gcc/arm-none-eabi/8.3.1/../../../../arm-none-eabi/lib/thumb/v7e-m+fp/hard\libg_nano.a(lib_a-stdio.o)
                0x0000a186                __seofread
 .text.__swrite
                0x0000a18a       0x38 c:/road_max_fury/compiler/windows/gcc-arm-none-eabi-8-2019-q3-update/bin/../lib/gcc/arm-none-eabi/8.3.1/../../../../arm-none-eabi/lib/thumb/v7e-m+fp/hard\libg_nano.a(lib_a-stdio.o)
                0x0000a18a                __swrite
 .text.__sseek  0x0000a1c2       0x24 c:/road_max_fury/compiler/windows/gcc-arm-none-eabi-8-2019-q3-update/bin/../lib/gcc/arm-none-eabi/8.3.1/../../../../arm-none-eabi/lib/thumb/v7e-m+fp/hard\libg_nano.a(lib_a-stdio.o)
                0x0000a1c2                __sseek
 .text.__sclose
                0x0000a1e6        0x8 c:/road_max_fury/compiler/windows/gcc-arm-none-eabi-8-2019-q3-update/bin/../lib/gcc/arm-none-eabi/8.3.1/../../../../arm-none-eabi/lib/thumb/v7e-m+fp/hard\libg_nano.a(lib_a-stdio.o)
                0x0000a1e6                __sclose
 *fill*         0x0000a1ee        0x2 ff
 .text._strtoul_l.isra.0
                0x0000a1f0       0xec c:/road_max_fury/compiler/windows/gcc-arm-none-eabi-8-2019-q3-update/bin/../lib/gcc/arm-none-eabi/8.3.1/../../../../arm-none-eabi/lib/thumb/v7e-m+fp/hard\libg_nano.a(lib_a-strtoul.o)
 .text._strtoul_r
                0x0000a2dc        0x4 c:/road_max_fury/compiler/windows/gcc-arm-none-eabi-8-2019-q3-update/bin/../lib/gcc/arm-none-eabi/8.3.1/../../../../arm-none-eabi/lib/thumb/v7e-m+fp/hard\libg_nano.a(lib_a-strtoul.o)
                0x0000a2dc                _strtoul_r
 .text.__submore
                0x0000a2e0       0x74 c:/road_max_fury/compiler/windows/gcc-arm-none-eabi-8-2019-q3-update/bin/../lib/gcc/arm-none-eabi/8.3.1/../../../../arm-none-eabi/lib/thumb/v7e-m+fp/hard\libg_nano.a(lib_a-ungetc.o)
                0x0000a2e0                __submore
 .text.__ascii_wctomb
                0x0000a354       0x1a c:/road_max_fury/compiler/windows/gcc-arm-none-eabi-8-2019-q3-update/bin/../lib/gcc/arm-none-eabi/8.3.1/../../../../arm-none-eabi/lib/thumb/v7e-m+fp/hard\libg_nano.a(lib_a-wctomb_r.o)
                0x0000a354                __ascii_wctomb
 *fill*         0x0000a36e        0x2 ff
 .text._write_r
                0x0000a370       0x24 c:/road_max_fury/compiler/windows/gcc-arm-none-eabi-8-2019-q3-update/bin/../lib/gcc/arm-none-eabi/8.3.1/../../../../arm-none-eabi/lib/thumb/v7e-m+fp/hard\libg_nano.a(lib_a-writer.o)
                0x0000a370                _write_r
 .text._close_r
                0x0000a394       0x20 c:/road_max_fury/compiler/windows/gcc-arm-none-eabi-8-2019-q3-update/bin/../lib/gcc/arm-none-eabi/8.3.1/../../../../arm-none-eabi/lib/thumb/v7e-m+fp/hard\libg_nano.a(lib_a-closer.o)
                0x0000a394                _close_r
 .text._fstat_r
                0x0000a3b4       0x24 c:/road_max_fury/compiler/windows/gcc-arm-none-eabi-8-2019-q3-update/bin/../lib/gcc/arm-none-eabi/8.3.1/../../../../arm-none-eabi/lib/thumb/v7e-m+fp/hard\libg_nano.a(lib_a-fstatr.o)
                0x0000a3b4                _fstat_r
 .text._isatty_r
                0x0000a3d8       0x20 c:/road_max_fury/compiler/windows/gcc-arm-none-eabi-8-2019-q3-update/bin/../lib/gcc/arm-none-eabi/8.3.1/../../../../arm-none-eabi/lib/thumb/v7e-m+fp/hard\libg_nano.a(lib_a-isattyr.o)
                0x0000a3d8                _isatty_r
 .text._lseek_r
                0x0000a3f8       0x24 c:/road_max_fury/compiler/windows/gcc-arm-none-eabi-8-2019-q3-update/bin/../lib/gcc/arm-none-eabi/8.3.1/../../../../arm-none-eabi/lib/thumb/v7e-m+fp/hard\libg_nano.a(lib_a-lseekr.o)
                0x0000a3f8                _lseek_r
 .text._malloc_usable_size_r
                0x0000a41c       0x10 c:/road_max_fury/compiler/windows/gcc-arm-none-eabi-8-2019-q3-update/bin/../lib/gcc/arm-none-eabi/8.3.1/../../../../arm-none-eabi/lib/thumb/v7e-m+fp/hard\libg_nano.a(lib_a-nano-msizer.o)
                0x0000a41c                _malloc_usable_size_r
 .text._read_r  0x0000a42c       0x24 c:/road_max_fury/compiler/windows/gcc-arm-none-eabi-8-2019-q3-update/bin/../lib/gcc/arm-none-eabi/8.3.1/../../../../arm-none-eabi/lib/thumb/v7e-m+fp/hard\libg_nano.a(lib_a-readr.o)
                0x0000a42c                _read_r
 .text.lflush   0x0000a450       0x12 c:/road_max_fury/compiler/windows/gcc-arm-none-eabi-8-2019-q3-update/bin/../lib/gcc/arm-none-eabi/8.3.1/../../../../arm-none-eabi/lib/thumb/v7e-m+fp/hard\libg_nano.a(lib_a-refill.o)
 *fill*         0x0000a462        0x2 ff
 .text.__srefill_r
                0x0000a464      0x118 c:/road_max_fury/compiler/windows/gcc-arm-none-eabi-8-2019-q3-update/bin/../lib/gcc/arm-none-eabi/8.3.1/../../../../arm-none-eabi/lib/thumb/v7e-m+fp/hard\libg_nano.a(lib_a-refill.o)
                0x0000a464                __srefill_r
 .text          0x0000a57c      0x110 c:/road_max_fury/compiler/windows/gcc-arm-none-eabi-8-2019-q3-update/bin/../lib/gcc/arm-none-eabi/8.3.1/thumb/v7e-m+fp/hard\libgcc.a(_arm_cmpdf2.o)
                0x0000a57c                __gtdf2
                0x0000a57c                __gedf2
                0x0000a584                __ltdf2
                0x0000a584                __ledf2
                0x0000a58c                __nedf2
                0x0000a58c                __eqdf2
                0x0000a58c                __cmpdf2
                0x0000a608                __aeabi_cdrcmple
                0x0000a618                __aeabi_cdcmpeq
                0x0000a618                __aeabi_cdcmple
                0x0000a628                __aeabi_dcmpeq
                0x0000a63c                __aeabi_dcmplt
                0x0000a650                __aeabi_dcmple
                0x0000a664                __aeabi_dcmpge
                0x0000a678                __aeabi_dcmpgt
 .text          0x0000a68c       0x2c c:/road_max_fury/compiler/windows/gcc-arm-none-eabi-8-2019-q3-update/bin/../lib/gcc/arm-none-eabi/8.3.1/thumb/v7e-m+fp/hard\libgcc.a(_arm_unorddf2.o)
                0x0000a68c                __unorddf2
                0x0000a68c                __aeabi_dcmpun
 .text          0x0000a6b8       0x50 c:/road_max_fury/compiler/windows/gcc-arm-none-eabi-8-2019-q3-update/bin/../lib/gcc/arm-none-eabi/8.3.1/thumb/v7e-m+fp/hard\libgcc.a(_arm_fixdfsi.o)
                0x0000a6b8                __aeabi_d2iz
                0x0000a6b8                __fixdfsi
 .text          0x0000a708       0xa0 c:/road_max_fury/compiler/windows/gcc-arm-none-eabi-8-2019-q3-update/bin/../lib/gcc/arm-none-eabi/8.3.1/thumb/v7e-m+fp/hard\libgcc.a(_arm_truncdfsf2.o)
                0x0000a708                __truncdfsf2
                0x0000a708                __aeabi_d2f
 .text          0x0000a7a8       0x30 c:/road_max_fury/compiler/windows/gcc-arm-none-eabi-8-2019-q3-update/bin/../lib/gcc/arm-none-eabi/8.3.1/thumb/v7e-m+fp/hard\libgcc.a(_fixdfdi.o)
                0x0000a7a8                __fixdfdi
                0x0000a7a8                __aeabi_d2lz
 .text          0x0000a7d8       0x3c c:/road_max_fury/compiler/windows/gcc-arm-none-eabi-8-2019-q3-update/bin/../lib/gcc/arm-none-eabi/8.3.1/thumb/v7e-m+fp/hard\libgcc.a(_fixunsdfdi.o)
                0x0000a7d8                __fixunsdfdi
                0x0000a7d8                __aeabi_d2ulz
 .text._close   0x0000a814       0x10 c:/road_max_fury/compiler/windows/gcc-arm-none-eabi-8-2019-q3-update/bin/../lib/gcc/arm-none-eabi/8.3.1/../../../../arm-none-eabi/lib/thumb/v7e-m+fp/hard\libnosys.a(close.o)
                0x0000a814                _close
 .text._fstat   0x0000a824       0x10 c:/road_max_fury/compiler/windows/gcc-arm-none-eabi-8-2019-q3-update/bin/../lib/gcc/arm-none-eabi/8.3.1/../../../../arm-none-eabi/lib/thumb/v7e-m+fp/hard\libnosys.a(fstat.o)
                0x0000a824                _fstat
 .text._lseek   0x0000a834       0x10 c:/road_max_fury/compiler/windows/gcc-arm-none-eabi-8-2019-q3-update/bin/../lib/gcc/arm-none-eabi/8.3.1/../../../../arm-none-eabi/lib/thumb/v7e-m+fp/hard\libnosys.a(lseek.o)
                0x0000a834                _lseek
 *(.rodata .rodata.* .constdata .constdata.*)
 .rodata.__FUNCTION__.6167
                0x0000a844        0xc _build_lpc40xx_freertos\obj\entry_point.o
 .rodata.entry_point.str1.1
                0x0000a850       0x80 _build_lpc40xx_freertos\obj\entry_point.o
 .rodata.halt.str1.1
                0x0000a8d0       0xb8 _build_lpc40xx_freertos\obj\interrupt_vector_table.o
 .rodata.str1.1
                0x0000a988       0x53 _build_lpc40xx_freertos\obj\interrupt_vector_table.o
 *fill*         0x0000a9db        0x1 ff
 .rodata.table.8042
                0x0000a9dc       0x40 _build_lpc40xx_freertos\obj\interrupt_vector_table.o
 .rodata.crash__report_if_occurred.str1.1
                0x0000aa1c      0x190 _build_lpc40xx_freertos\obj\crash.o
 .rodata.prvTaskExitError.str1.1
                0x0000abac       0x1a _build_lpc40xx_freertos\obj\port.o
 .rodata.vPortEnterCritical.str1.1
                0x0000abc6       0x35 _build_lpc40xx_freertos\obj\port.o
 .rodata.vPortExitCritical.str1.1
                0x0000abfb       0x12 _build_lpc40xx_freertos\obj\port.o
 .rodata.vPortValidateInterruptPriority.str1.1
                0x0000ac0d       0x6c _build_lpc40xx_freertos\obj\port.o
 .rodata.xPortStartScheduler.str1.1
                0x0000ac79       0x89 _build_lpc40xx_freertos\obj\port.o
 .rodata.xQueueGenericCreateStatic.str1.1
                0x0000ad02       0xc3 _build_lpc40xx_freertos\obj\queue.o
 .rodata.xQueueGenericReset.str1.1
                0x0000adc5        0x8 _build_lpc40xx_freertos\obj\queue.o
 .rodata.xQueueGenericSend.str1.1
                0x0000adcd       0xed _build_lpc40xx_freertos\obj\queue.o
 .rodata.xQueueGiveFromISR.str1.1
                0x0000aeba       0x80 _build_lpc40xx_freertos\obj\queue.o
 .rodata.xQueueReceive.str1.1
                0x0000af3a       0x5f _build_lpc40xx_freertos\obj\queue.o
 .rodata.xQueueReceiveFromISR.str1.1
                0x0000af99       0x4b _build_lpc40xx_freertos\obj\queue.o
 .rodata.xQueueSemaphoreTake.str1.1
                0x0000afe4       0x20 _build_lpc40xx_freertos\obj\queue.o
 .rodata.eTaskGetState.str1.1
                0x0000b004        0x6 _build_lpc40xx_freertos\obj\tasks.o
 .rodata.vTaskDelayUntil.str1.1
                0x0000b00a       0x45 _build_lpc40xx_freertos\obj\tasks.o
 .rodata.vTaskPlaceOnEventList.str1.1
                0x0000b04f        0xc _build_lpc40xx_freertos\obj\tasks.o
 .rodata.vTaskPriorityDisinheritAfterTimeout.str1.1
                0x0000b05b       0x16 _build_lpc40xx_freertos\obj\tasks.o
 .rodata.vTaskSetTimeOutState.str1.1
                0x0000b071        0xa _build_lpc40xx_freertos\obj\tasks.o
 .rodata.vTaskStartScheduler.str1.1
                0x0000b07b        0x5 _build_lpc40xx_freertos\obj\tasks.o
 .rodata.vTaskSwitchContext.str1.1
                0x0000b080       0x47 _build_lpc40xx_freertos\obj\tasks.o
 .rodata.xTaskCheckForTimeOut.str1.1
                0x0000b0c7        0xe _build_lpc40xx_freertos\obj\tasks.o
 .rodata.xTaskCreateStatic.str1.1
                0x0000b0d5       0x45 _build_lpc40xx_freertos\obj\tasks.o
 .rodata.xTaskIncrementTick.str1.1
                0x0000b11a       0x2b _build_lpc40xx_freertos\obj\tasks.o
 .rodata.xTaskPriorityDisinherit.str1.1
                0x0000b145       0x2b _build_lpc40xx_freertos\obj\tasks.o
 .rodata.xTaskRemoveFromEventList.str1.1
                0x0000b170        0xf _build_lpc40xx_freertos\obj\tasks.o
 .rodata.xTaskResumeAll.str1.1
                0x0000b17f       0x15 _build_lpc40xx_freertos\obj\tasks.o
 .rodata.gpio_memory_map
                0x0000b194       0x18 _build_lpc40xx_freertos\obj\gpio.o
 .rodata.hw_timers
                0x0000b1ac       0x20 _build_lpc40xx_freertos\obj\hw_timer.o
 .rodata        0x0000b1cc        0xc _build_lpc40xx_freertos\obj\i2c.o
 .rodata.lpc_peripheral_pconp_bit_map
                0x0000b1d8       0x25 _build_lpc40xx_freertos\obj\lpc_peripherals.o
 *fill*         0x0000b1fd        0x3 ff
 .rodata.uart__isrs
                0x0000b200       0x10 _build_lpc40xx_freertos\obj\uart.o
 .rodata.uart_peripheral_ids
                0x0000b210        0x4 _build_lpc40xx_freertos\obj\uart.o
 .rodata.app_cli__private_print_list_of_all_commands.str1.1
                0x0000b214       0x6a _build_lpc40xx_freertos\obj\app_cli.o
                                 0x73 (size before relaxing)
 .rodata.app_cli__process_input.str1.1
                0x0000b27e       0x8d _build_lpc40xx_freertos\obj\app_cli.o
                                 0x8f (size before relaxing)
 .rodata.sj2_cli__init.str1.1
                0x0000b30b       0x57 _build_lpc40xx_freertos\obj\sj2_cli.o
 .rodata.sj2_cli__task.str1.1
                0x0000b362        0x5 _build_lpc40xx_freertos\obj\sj2_cli.o
 .rodata.str1.1
                0x0000b362      0x108 _build_lpc40xx_freertos\obj\sj2_cli.o
                                0x10e (size before relaxing)
 .rodata.cli__i2c.str1.1
                0x0000b46a        0xb _build_lpc40xx_freertos\obj\handler_i2c.o
 .rodata.cli__i2c_read.str1.1
                0x0000b475       0xa7 _build_lpc40xx_freertos\obj\handler_i2c.o
 .rodata.cli__i2c_write.str1.1
                0x0000b51c       0xbd _build_lpc40xx_freertos\obj\handler_i2c.o
 .rodata.cli__task_list.str1.1
                0x0000b5d9       0x5e _build_lpc40xx_freertos\obj\handlers_general.o
 .rodata.str1.1
                0x0000b637       0x28 _build_lpc40xx_freertos\obj\handlers_general.o
 *fill*         0x0000b65f        0x1 ff
 .rodata.task_status_table.7877
                0x0000b660       0x14 _build_lpc40xx_freertos\obj\handlers_general.o
 .rodata.check_fs.str1.1
                0x0000b674        0xa _build_lpc40xx_freertos\obj\ff.o
 .rodata._read.str1.1
                0x0000b67e       0x32 _build_lpc40xx_freertos\obj\system_calls.o
 .rodata._write.str1.1
                0x0000b6b0       0x33 _build_lpc40xx_freertos\obj\system_calls.o
 .rodata.__FUNCTION__.9166
                0x0000b6e3       0x11 _build_lpc40xx_freertos\obj\peripherals_init.o
 .rodata.peripherals_init.str1.1
                0x0000b6f4       0x95 _build_lpc40xx_freertos\obj\peripherals_init.o
                                 0x96 (size before relaxing)
 .rodata.main.str1.1
                0x0000b789       0x23 _build_lpc40xx_freertos\obj\main.o
 .rodata.configASSERT_callback.str1.1
                0x0000b7ac       0xf8 _build_lpc40xx_freertos\obj\rtos_hooks.o
 .rodata.vApplicationMallocFailedHook.str1.1
                0x0000b8a4       0x3a _build_lpc40xx_freertos\obj\rtos_hooks.o
 .rodata.vApplicationStackOverflowHook.str1.1
                0x0000b8de       0x1d _build_lpc40xx_freertos\obj\rtos_hooks.o
 .rodata._ctype_
                0x0000b8fb      0x101 c:/road_max_fury/compiler/windows/gcc-arm-none-eabi-8-2019-q3-update/bin/../lib/gcc/arm-none-eabi/8.3.1/../../../../arm-none-eabi/lib/thumb/v7e-m+fp/hard\libg_nano.a(lib_a-ctype_.o)
                0x0000b8fb                _ctype_
 .rodata._global_impure_ptr
                0x0000b9fc        0x4 c:/road_max_fury/compiler/windows/gcc-arm-none-eabi-8-2019-q3-update/bin/../lib/gcc/arm-none-eabi/8.3.1/../../../../arm-none-eabi/lib/thumb/v7e-m+fp/hard\libg_nano.a(lib_a-impure.o)
                0x0000b9fc                _global_impure_ptr
 .rodata._vfprintf_r.str1.1
                0x0000ba00       0x11 c:/road_max_fury/compiler/windows/gcc-arm-none-eabi-8-2019-q3-update/bin/../lib/gcc/arm-none-eabi/8.3.1/../../../../arm-none-eabi/lib/thumb/v7e-m+fp/hard\libg_nano.a(lib_a-nano-vfprintf.o)
 .rodata._printf_float.str1.1
                0x0000ba11       0x10 c:/road_max_fury/compiler/windows/gcc-arm-none-eabi-8-2019-q3-update/bin/../lib/gcc/arm-none-eabi/8.3.1/../../../../arm-none-eabi/lib/thumb/v7e-m+fp/hard\libg_nano.a(lib_a-nano-vfprintf_float.o)
                                 0x12 (size before relaxing)
 .rodata._printf_i.str1.1
                0x0000ba21       0x22 c:/road_max_fury/compiler/windows/gcc-arm-none-eabi-8-2019-q3-update/bin/../lib/gcc/arm-none-eabi/8.3.1/../../../../arm-none-eabi/lib/thumb/v7e-m+fp/hard\libg_nano.a(lib_a-nano-vfprintf_i.o)
 .rodata._scanf_float.str1.1
                0x0000ba43        0x5 c:/road_max_fury/compiler/windows/gcc-arm-none-eabi-8-2019-q3-update/bin/../lib/gcc/arm-none-eabi/8.3.1/../../../../arm-none-eabi/lib/thumb/v7e-m+fp/hard\libg_nano.a(lib_a-nano-vfscanf_float.o)
                                  0x6 (size before relaxing)
 .rodata._strtod_l.str1.1
                0x0000ba48        0x5 c:/road_max_fury/compiler/windows/gcc-arm-none-eabi-8-2019-q3-update/bin/../lib/gcc/arm-none-eabi/8.3.1/../../../../arm-none-eabi/lib/thumb/v7e-m+fp/hard\libg_nano.a(lib_a-strtod.o)
                                  0xd (size before relaxing)
 .rodata.fpi.7522
                0x0000ba48       0x14 c:/road_max_fury/compiler/windows/gcc-arm-none-eabi-8-2019-q3-update/bin/../lib/gcc/arm-none-eabi/8.3.1/../../../../arm-none-eabi/lib/thumb/v7e-m+fp/hard\libg_nano.a(lib_a-strtod.o)
 .rodata.fpinan.7558