Archive member included to satisfy reference by file (symbol)

/home/rutuja/sjtwo-c/compiler/linux/gcc-arm-none-eabi-8-2019-q3-update/bin/../lib/gcc/arm-none-eabi/8.3.1/thumb/v7e-m+fp/hard/libgcc.a(_aeabi_uldivmod.o)
                              _build/obj/delay.o (__aeabi_uldivmod)
/home/rutuja/sjtwo-c/compiler/linux/gcc-arm-none-eabi-8-2019-q3-update/bin/../lib/gcc/arm-none-eabi/8.3.1/thumb/v7e-m+fp/hard/libgcc.a(_udivmoddi4.o)
                              /home/rutuja/sjtwo-c/compiler/linux/gcc-arm-none-eabi-8-2019-q3-update/bin/../lib/gcc/arm-none-eabi/8.3.1/thumb/v7e-m+fp/hard/libgcc.a(_aeabi_uldivmod.o) (__udivmoddi4)
/home/rutuja/sjtwo-c/compiler/linux/gcc-arm-none-eabi-8-2019-q3-update/bin/../lib/gcc/arm-none-eabi/8.3.1/thumb/v7e-m+fp/hard/libgcc.a(_dvmd_tls.o)
                              /home/rutuja/sjtwo-c/compiler/linux/gcc-arm-none-eabi-8-2019-q3-update/bin/../lib/gcc/arm-none-eabi/8.3.1/thumb/v7e-m+fp/hard/libgcc.a(_aeabi_uldivmod.o) (__aeabi_ldiv0)
/home/rutuja/sjtwo-c/compiler/linux/gcc-arm-none-eabi-8-2019-q3-update/bin/../lib/gcc/arm-none-eabi/8.3.1/../../../../arm-none-eabi/lib/thumb/v7e-m+fp/hard/libg_nano.a(lib_a-malloc.o)
                              _build/obj/heap_3.o (malloc)
/home/rutuja/sjtwo-c/compiler/linux/gcc-arm-none-eabi-8-2019-q3-update/bin/../lib/gcc/arm-none-eabi/8.3.1/../../../../arm-none-eabi/lib/thumb/v7e-m+fp/hard/libg_nano.a(lib_a-memcpy-stub.o)
                              _build/obj/queue.o (memcpy)
/home/rutuja/sjtwo-c/compiler/linux/gcc-arm-none-eabi-8-2019-q3-update/bin/../lib/gcc/arm-none-eabi/8.3.1/../../../../arm-none-eabi/lib/thumb/v7e-m+fp/hard/libg_nano.a(lib_a-memset.o)
                              _build/obj/stream_buffer.o (memset)
/home/rutuja/sjtwo-c/compiler/linux/gcc-arm-none-eabi-8-2019-q3-update/bin/../lib/gcc/arm-none-eabi/8.3.1/../../../../arm-none-eabi/lib/thumb/v7e-m+fp/hard/libg_nano.a(lib_a-nano-freer.o)
                              /home/rutuja/sjtwo-c/compiler/linux/gcc-arm-none-eabi-8-2019-q3-update/bin/../lib/gcc/arm-none-eabi/8.3.1/../../../../arm-none-eabi/lib/thumb/v7e-m+fp/hard/libg_nano.a(lib_a-malloc.o) (_free_r)
/home/rutuja/sjtwo-c/compiler/linux/gcc-arm-none-eabi-8-2019-q3-update/bin/../lib/gcc/arm-none-eabi/8.3.1/../../../../arm-none-eabi/lib/thumb/v7e-m+fp/hard/libg_nano.a(lib_a-nano-mallocr.o)
                              /home/rutuja/sjtwo-c/compiler/linux/gcc-arm-none-eabi-8-2019-q3-update/bin/../lib/gcc/arm-none-eabi/8.3.1/../../../../arm-none-eabi/lib/thumb/v7e-m+fp/hard/libg_nano.a(lib_a-malloc.o) (_malloc_r)
/home/rutuja/sjtwo-c/compiler/linux/gcc-arm-none-eabi-8-2019-q3-update/bin/../lib/gcc/arm-none-eabi/8.3.1/../../../../arm-none-eabi/lib/thumb/v7e-m+fp/hard/libg_nano.a(lib_a-sbrkr.o)
                              /home/rutuja/sjtwo-c/compiler/linux/gcc-arm-none-eabi-8-2019-q3-update/bin/../lib/gcc/arm-none-eabi/8.3.1/../../../../arm-none-eabi/lib/thumb/v7e-m+fp/hard/libg_nano.a(lib_a-nano-mallocr.o) (_sbrk_r)
/home/rutuja/sjtwo-c/compiler/linux/gcc-arm-none-eabi-8-2019-q3-update/bin/../lib/gcc/arm-none-eabi/8.3.1/../../../../arm-none-eabi/lib/thumb/v7e-m+fp/hard/libg_nano.a(lib_a-strlen.o)
                              _build/obj/tasks.o (strlen)
/home/rutuja/sjtwo-c/compiler/linux/gcc-arm-none-eabi-8-2019-q3-update/bin/../lib/gcc/arm-none-eabi/8.3.1/../../../../arm-none-eabi/lib/thumb/v7e-m+fp/hard/libg_nano.a(lib_a-vsnprintf.o)
                              _build/obj/uart_printf.o (vsnprintf)
/home/rutuja/sjtwo-c/compiler/linux/gcc-arm-none-eabi-8-2019-q3-update/bin/../lib/gcc/arm-none-eabi/8.3.1/../../../../arm-none-eabi/lib/thumb/v7e-m+fp/hard/libg_nano.a(lib_a-impure.o)
                              /home/rutuja/sjtwo-c/compiler/linux/gcc-arm-none-eabi-8-2019-q3-update/bin/../lib/gcc/arm-none-eabi/8.3.1/../../../../arm-none-eabi/lib/thumb/v7e-m+fp/hard/libg_nano.a(lib_a-malloc.o) (_impure_ptr)
/home/rutuja/sjtwo-c/compiler/linux/gcc-arm-none-eabi-8-2019-q3-update/bin/../lib/gcc/arm-none-eabi/8.3.1/../../../../arm-none-eabi/lib/thumb/v7e-m+fp/hard/libg_nano.a(lib_a-mlock.o)
                              /home/rutuja/sjtwo-c/compiler/linux/gcc-arm-none-eabi-8-2019-q3-update/bin/../lib/gcc/arm-none-eabi/8.3.1/../../../../arm-none-eabi/lib/thumb/v7e-m+fp/hard/libg_nano.a(lib_a-nano-freer.o) (__malloc_lock)
/home/rutuja/sjtwo-c/compiler/linux/gcc-arm-none-eabi-8-2019-q3-update/bin/../lib/gcc/arm-none-eabi/8.3.1/../../../../arm-none-eabi/lib/thumb/v7e-m+fp/hard/libg_nano.a(lib_a-nano-svfprintf.o)
                              /home/rutuja/sjtwo-c/compiler/linux/gcc-arm-none-eabi-8-2019-q3-update/bin/../lib/gcc/arm-none-eabi/8.3.1/../../../../arm-none-eabi/lib/thumb/v7e-m+fp/hard/libg_nano.a(lib_a-vsnprintf.o) (_svfprintf_r)
/home/rutuja/sjtwo-c/compiler/linux/gcc-arm-none-eabi-8-2019-q3-update/bin/../lib/gcc/arm-none-eabi/8.3.1/../../../../arm-none-eabi/lib/thumb/v7e-m+fp/hard/libg_nano.a(lib_a-nano-vfprintf_i.o)
[...]
Memory Configuration

Name             Origin             Length             Attributes
MFlash512        0x0000000000000000 0x0000000000080000 xr
RamLoc64         0x0000000010000000 0x0000000000010000 xrw
RamPeriph32      0x0000000020000000 0x0000000000008000 xrw
*default*        0x0000000000000000 0xffffffffffffffff

Linker script and memory map

LOAD _build/obj/entry_point.o
LOAD _build/obj/interrupt_vector_table.o
LOAD _build/obj/main.o
LOAD _build/obj/rtos_hooks.o
LOAD _build/obj/croutine.o
LOAD _build/obj/event_groups.o
LOAD _build/obj/list.o
LOAD _build/obj/queue.o
LOAD _build/obj/stream_buffer.o
LOAD _build/obj/tasks.o
LOAD _build/obj/timers.o
LOAD _build/obj/heap_3.o
LOAD _build/obj/port.o
LOAD _build/obj/clock.o
LOAD _build/obj/ram.o
LOAD _build/obj/startup.o
LOAD _build/obj/syscall.o
LOAD _build/obj/gpio.o
LOAD _build/obj/gpio_lab.o
LOAD _build/obj/hw_timer.o
LOAD _build/obj/lpc_peripherals.o
LOAD _build/obj/uart.o
LOAD _build/obj/delay.o
LOAD _build/obj/sys_time.o
LOAD _build/obj/uart_printf.o
START GROUP
LOAD /home/rutuja/sjtwo-c/compiler/linux/gcc-arm-none-eabi-8-2019-q3-update/bin/../lib/gcc/arm-none-eabi/8.3.1/thumb/v7e-m+fp/hard/libgcc.a
LOAD /home/rutuja/sjtwo-c/compiler/linux/gcc-arm-none-eabi-8-2019-q3-update/bin/../lib/gcc/arm-none-eabi/8.3.1/../../../../arm-none-eabi/lib/thumb/v7e-m+fp/hard/libg_nano.a
LOAD /home/rutuja/sjtwo-c/compiler/linux/gcc-arm-none-eabi-8-2019-q3-update/bin/../lib/gcc/arm-none-eabi/8.3.1/../../../../arm-none-eabi/lib/thumb/v7e-m+fp/hard/libc_nano.a
END GROUP
START GROUP
LOAD /home/rutuja/sjtwo-c/compiler/linux/gcc-arm-none-eabi-8-2019-q3-update/bin/../lib/gcc/arm-none-eabi/8.3.1/thumb/v7e-m+fp/hard/libgcc.a
LOAD /home/rutuja/sjtwo-c/compiler/linux/gcc-arm-none-eabi-8-2019-q3-update/bin/../lib/gcc/arm-none-eabi/8.3.1/../../../../arm-none-eabi/lib/thumb/v7e-m+fp/hard/libc_nano.a
LOAD /home/rutuja/sjtwo-c/compiler/linux/gcc-arm-none-eabi-8-2019-q3-update/bin/../lib/gcc/arm-none-eabi/8.3.1/../../../../arm-none-eabi/lib/thumb/v7e-m+fp/hard/libnosys.a
END GROUP
START GROUP
LOAD /home/rutuja/sjtwo-c/compiler/linux/gcc-arm-none-eabi-8-2019-q3-update/bin/../lib/gcc/arm-none-eabi/8.3.1/thumb/v7e-m+fp/hard/libgcc.a
LOAD /home/rutuja/sjtwo-c/compiler/linux/gcc-arm-none-eabi-8-2019-q3-update/bin/../lib/gcc/arm-none-eabi/8.3.1/../../../../arm-none-eabi/lib/thumb/v7e-m+fp/hard/libc_nano.a
LOAD /home/rutuja/sjtwo-c/compiler/linux/gcc-arm-none-eabi-8-2019-q3-update/bin/../lib/gcc/arm-none-eabi/8.3.1/../../../../arm-none-eabi/lib/thumb/v7e-m+fp/hard/libnosys.a
END GROUP
                0x0000000000000000                __base_MFlash512 = 0x0
                0x0000000000000000                __base_Flash = 0x0
                0x0000000000080000                __top_MFlash512 = 0x80000
                0x0000000000080000                __top_Flash = 0x80000
                0x0000000010000000                __base_RamLoc64 = 0x10000000
                0x0000000010000000                __base_RAM = 0x10000000
                0x0000000010010000                __top_RamLoc64 = 0x10010000
                0x0000000010010000                __top_RAM = 0x10010000
                0x0000000020000000                __base_RamPeriph32 = 0x20000000
                0x0000000020000000                __base_RAM2 = 0x20000000
                0x0000000020008000                __top_RamPeriph32 = 0x20008000
                0x0000000020008000                __top_RAM2 = 0x20008000
                0x0000000020000000                __user_heap_base = __base_RAM2

.text           0x0000000000000000     0x18a0
 FILL mask 0xff
                0x0000000000000000                __vectors_start__ = ABSOLUTE (.)
 *(.interrupt_vector_table)
 .interrupt_vector_table
                0x0000000000000000       0xe4 _build/obj/interrupt_vector_table.o
                0x0000000000000000                interrupt_vector_table
                0x00000000000000e4                . = ALIGN (0x4)
                0x00000000000000e4                section_table_start = .
                0x00000000000000e4                data_section_table = .
                0x00000000000000e4        0x4 LONG 0x18a0 LOADADDR (.data)
                0x00000000000000e8        0x4 LONG 0x10000000 ADDR (.data)
                0x00000000000000ec        0x4 LONG 0x16c SIZEOF (.data)
                0x00000000000000f0        0x4 LONG 0x18a0 LOADADDR (.data_RAM2)
                0x00000000000000f4        0x4 LONG 0x20000000 ADDR (.data_RAM2)
                0x00000000000000f8        0x4 LONG 0x0 SIZEOF (.data_RAM2)
                0x00000000000000fc                data_section_table_end = .
                0x00000000000000fc                bss_section_table = .
                0x00000000000000fc        0x4 LONG 0x1000016c ADDR (.bss)
                0x0000000000000100        0x4 LONG 0x114 SIZEOF (.bss)
                0x0000000000000104        0x4 LONG 0x20000000 ADDR (.bss_RAM2)
                0x0000000000000108        0x4 LONG 0x0 SIZEOF (.bss_RAM2)
                0x000000000000010c                bss_section_table_end = .
                0x000000000000010c                section_table_end = .
 *(.after_vectors*)
                0x000000000000010c                . = ALIGN (0x4)
 *(.init)
                0x000000000000010c                . = ALIGN (0x4)
                0x000000000000010c                __preinit_array_start = .
 *(.preinit_array)
                0x000000000000010c                __preinit_array_end = .
                0x000000000000010c                . = ALIGN (0x4)
                0x000000000000010c                __init_array_start = .
 *(SORT_BY_NAME(.init_array.*))
 *(.init_array)
                0x000000000000010c                __init_array_end = .
 *(.fini)
                0x000000000000010c                . = ALIGN (0x4)
 *crtbegin.o(.ctors)
 *(EXCLUDE_FILE(*crtend.o) .ctors)
 *(SORT_BY_NAME(.ctors.*))
 *crtend.o(.ctors)
                0x000000000000010c                . = ALIGN (0x4)
 *crtbegin.o(.dtors)
 *(EXCLUDE_FILE(*crtend.o) .dtors)
 *(SORT_BY_NAME(.dtors.*))
 *crtend.o(.dtors)
 *(.text*)
 .text.entry_point
                0x000000000000010c       0x1c _build/obj/entry_point.o
                0x000000000000010c                entry_point
 .text.halt     0x0000000000000128        0x2 _build/obj/interrupt_vector_table.o
 *fill*         0x000000000000012a        0x2 ff
 .text.led_task
                0x000000000000012c       0x28 _build/obj/main.o
 .text.startup.main
                0x0000000000000154       0x70 _build/obj/main.o
                0x0000000000000154                main
 .text.vApplicationStackOverflowHook
                0x00000000000001c4        0xa _build/obj/rtos_hooks.o
                0x00000000000001c4                vApplicationStackOverflowHook
 *fill*         0x00000000000001ce        0x2 ff
 .text.vApplicationMallocFailedHook
                0x00000000000001d0       0x10 _build/obj/rtos_hooks.o
                0x00000000000001d0                vApplicationMallocFailedHook
 .text.vApplicationIdleHook
                0x00000000000001e0        0x2 _build/obj/rtos_hooks.o
                0x00000000000001e0                vApplicationIdleHook
 .text.vListInitialise
                0x00000000000001e2       0x16 _build/obj/list.o
                0x00000000000001e2                vListInitialise
 .text.vListInitialiseItem
                0x00000000000001f8        0x6 _build/obj/list.o
                0x00000000000001f8                vListInitialiseItem
 .text.vListInsertEnd
                0x00000000000001fe       0x18 _build/obj/list.o
                0x00000000000001fe                vListInsertEnd
 .text.vListInsert
                0x0000000000000216       0x2e _build/obj/list.o
                0x0000000000000216                vListInsert
 .text.uxListRemove
                0x0000000000000244       0x20 _build/obj/list.o
                0x0000000000000244                uxListRemove
 .text.prvCopyDataToQueue
                0x0000000000000264       0x6a _build/obj/queue.o
 .text.prvNotifyQueueSetContainer
                0x00000000000002ce       0x56 _build/obj/queue.o
 .text.prvCopyDataFromQueue
                0x0000000000000324       0x2a _build/obj/queue.o
 .text.prvUnlockQueue
                0x000000000000034e       0x7e _build/obj/queue.o
 .text.xQueueGenericReset
                0x00000000000003cc       0x70 _build/obj/queue.o
                0x00000000000003cc                xQueueGenericReset
 .text.xQueueGenericCreate
                0x000000000000043c       0x36 _build/obj/queue.o
                0x000000000000043c                xQueueGenericCreate
 *fill*         0x0000000000000472        0x2 ff
 .text.xQueueGenericSend
                0x0000000000000474      0x140 _build/obj/queue.o
                0x0000000000000474                xQueueGenericSend
 .text.xQueueGenericSendFromISR
                0x00000000000005b4       0xa0 _build/obj/queue.o
                0x00000000000005b4                xQueueGenericSendFromISR
 .text.xQueueReceiveFromISR
                0x0000000000000654       0x7e _build/obj/queue.o
                0x0000000000000654                xQueueReceiveFromISR
 *fill*         0x00000000000006d2        0x2 ff
 .text.prvIdleTask
                0x00000000000006d4       0x28 _build/obj/tasks.o
 .text.prvResetNextTaskUnblockTime
                0x00000000000006fc       0x24 _build/obj/tasks.o
 .text.prvAddCurrentTaskToDelayedList
                0x0000000000000720       0x8c _build/obj/tasks.o
 .text.xTaskCreate
                0x00000000000007ac      0x1c0 _build/obj/tasks.o
                0x00000000000007ac                xTaskCreate
 .text.vTaskStartScheduler
                0x000000000000096c       0x68 _build/obj/tasks.o
                0x000000000000096c                vTaskStartScheduler
 .text.vTaskSuspendAll
                0x00000000000009d4       0x10 _build/obj/tasks.o
                0x00000000000009d4                vTaskSuspendAll
 .text.xTaskIncrementTick
                0x00000000000009e4      0x114 _build/obj/tasks.o
                0x00000000000009e4                xTaskIncrementTick
 .text.xTaskResumeAll
                0x0000000000000af8       0xdc _build/obj/tasks.o
                0x0000000000000af8                xTaskResumeAll
 .text.vTaskDelay
                0x0000000000000bd4       0x38 _build/obj/tasks.o
                0x0000000000000bd4                vTaskDelay
 .text.vTaskSwitchContext
                0x0000000000000c0c       0x94 _build/obj/tasks.o
                0x0000000000000c0c                vTaskSwitchContext
 .text.vTaskPlaceOnEventList
                0x0000000000000ca0       0x24 _build/obj/tasks.o
                0x0000000000000ca0                vTaskPlaceOnEventList
 .text.xTaskRemoveFromEventList
                0x0000000000000cc4       0x74 _build/obj/tasks.o
                0x0000000000000cc4                xTaskRemoveFromEventList
 .text.vTaskInternalSetTimeOutState
                0x0000000000000d38       0x18 _build/obj/tasks.o
                0x0000000000000d38                vTaskInternalSetTimeOutState
 .text.xTaskCheckForTimeOut
                0x0000000000000d50       0x58 _build/obj/tasks.o
                0x0000000000000d50                xTaskCheckForTimeOut
 .text.vTaskMissedYield
                0x0000000000000da8        0xc _build/obj/tasks.o
                0x0000000000000da8                vTaskMissedYield
 .text.xTaskGetSchedulerState
                0x0000000000000db4       0x20 _build/obj/tasks.o
                0x0000000000000db4                xTaskGetSchedulerState
 .text.xTaskPriorityDisinherit
                0x0000000000000dd4       0x80 _build/obj/tasks.o
                0x0000000000000dd4                xTaskPriorityDisinherit
 .text.pvPortMalloc
                0x0000000000000e54       0x1e _build/obj/heap_3.o
                0x0000000000000e54                pvPortMalloc
 .text.vPortFree
                0x0000000000000e72       0x1a _build/obj/heap_3.o
                0x0000000000000e72                vPortFree
 .text.prvTaskExitError
                0x0000000000000e8c       0x30 _build/obj/port.o
 .text.prvPortStartFirstTask
                0x0000000000000ebc       0x28 _build/obj/port.o
 .text.vPortEnableVFP
                0x0000000000000ee4       0x14 _build/obj/port.o
 .text.pxPortInitialiseStack
                0x0000000000000ef8       0x2c _build/obj/port.o
                0x0000000000000ef8                pxPortInitialiseStack
 *fill*         0x0000000000000f24        0xc ff
 .text.vPortSVCHandler
                0x0000000000000f30       0x24 _build/obj/port.o
                0x0000000000000f30                vPortSVCHandler
 .text.vPortEnterCritical
                0x0000000000000f54       0x34 _build/obj/port.o
                0x0000000000000f54                vPortEnterCritical
 .text.vPortExitCritical
                0x0000000000000f88       0x18 _build/obj/port.o
                0x0000000000000f88                vPortExitCritical
 .text.xPortPendSVHandler
                0x0000000000000fa0       0x64 _build/obj/port.o
                0x0000000000000fa0                xPortPendSVHandler
 .text.xPortSysTickHandler
                0x0000000000001004       0x2c _build/obj/port.o
                0x0000000000001004                xPortSysTickHandler
 .text.vPortSetupTimerInterrupt
                0x0000000000001030       0x30 _build/obj/port.o
                0x0000000000001030                vPortSetupTimerInterrupt
 .text.xPortStartScheduler
                0x0000000000001060       0xd0 _build/obj/port.o
                0x0000000000001060                xPortStartScheduler
 .text.vPortValidateInterruptPriority
                0x0000000000001130       0x3c _build/obj/port.o
                0x0000000000001130                vPortValidateInterruptPriority
 .text.clock__get_core_clock_hz
                0x000000000000116c        0x8 _build/obj/clock.o
                0x000000000000116c                clock__get_core_clock_hz
 .text.clock__initialize_system_clock_96mhz
                0x0000000000001174       0x40 _build/obj/clock.o
                0x0000000000001174                clock__initialize_system_clock_96mhz
 .text.ram__init_data
                0x00000000000011b4       0x44 _build/obj/ram.o
                0x00000000000011b4                ram__init_data
 .text.ram__init_bss
                0x00000000000011f8       0x34 _build/obj/ram.o
                0x00000000000011f8                ram__init_bss
 .text.startup__initialize_ram
                0x000000000000122c        0xe _build/obj/startup.o
                0x000000000000122c                startup__initialize_ram
 *fill*         0x000000000000123a        0x2 ff
 .text.startup__initialize_fpu
                0x000000000000123c       0x14 _build/obj/startup.o
                0x000000000000123c                startup__initialize_fpu
 .text._sbrk    0x0000000000001250       0x28 _build/obj/syscall.o
                0x0000000000001250                _sbrk
 .text.gpio__set_function
                0x0000000000001278       0x30 _build/obj/gpio.o
                0x0000000000001278                gpio__set_function
 .text.gpio__construct_with_function
                0x00000000000012a8       0x1e _build/obj/gpio.o
                0x00000000000012a8                gpio__construct_with_function
 *fill*         0x00000000000012c6        0x2 ff
 .text.hw_timer__enable
                0x00000000000012c8       0x38 _build/obj/hw_timer.o
                0x00000000000012c8                hw_timer__enable
 .text.hw_timer__enable_match_isr_and_reset
                0x0000000000001300       0x2c _build/obj/hw_timer.o
                0x0000000000001300                hw_timer__enable_match_isr_and_reset
 .text.hw_timer__acknowledge_interrupt
                0x000000000000132c       0x14 _build/obj/hw_timer.o
                0x000000000000132c                hw_timer__acknowledge_interrupt
 .text.lpc_peripheral__halt_handler
                0x0000000000001340        0x2 _build/obj/lpc_peripherals.o
 *fill*         0x0000000000001342        0x2 ff
 .text.lpc_peripheral__interrupt_dispatcher
                0x0000000000001344       0x18 _build/obj/lpc_peripherals.o
                0x0000000000001344                lpc_peripheral__interrupt_dispatcher
 .text.lpc_peripheral__turn_on_power_to
                0x000000000000135c       0x24 _build/obj/lpc_peripherals.o
                0x000000000000135c                lpc_peripheral__turn_on_power_to
 .text.lpc_peripheral__enable_interrupt
                0x0000000000001380       0x28 _build/obj/lpc_peripherals.o
                0x0000000000001380                lpc_peripheral__enable_interrupt
 .text.uart__isr_common
                0x00000000000013a8       0x94 _build/obj/uart.o
 .text.uart3_isr
                0x000000000000143c        0xc _build/obj/uart.o
 .text.uart2_isr
                0x0000000000001448        0xc _build/obj/uart.o
 .text.uart1_isr
                0x0000000000001454        0xc _build/obj/uart.o
 .text.uart0_isr
                0x0000000000001460        0xc _build/obj/uart.o
 .text.uart__enable_receive_and_transmit_interrupts
                0x000000000000146c       0x1c _build/obj/uart.o
                0x000000000000146c                uart__enable_receive_and_transmit_interrupts
 .text.uart__init
                0x0000000000001488       0x64 _build/obj/uart.o
                0x0000000000001488                uart__init
 .text.uart__enable_queues
                0x00000000000014ec       0x48 _build/obj/uart.o
                0x00000000000014ec                uart__enable_queues
 .text.uart__put
                0x0000000000001534       0x68 _build/obj/uart.o
                0x0000000000001534                uart__put
 .text.uart__polled_put
                0x000000000000159c       0x48 _build/obj/uart.o
                0x000000000000159c                uart__polled_put
 .text.sys_time__1sec_isr
                0x00000000000015e4       0x14 _build/obj/sys_time.o
 .text.sys_time__init
                0x00000000000015f8       0x28 _build/obj/sys_time.o
                0x00000000000015f8                sys_time__init
 .text.uart_puts__polled
                0x0000000000001620       0x2a _build/obj/uart_printf.o
                0x0000000000001620                uart_puts__polled
 *fill*         0x000000000000164a        0x2 ff
 .text.malloc   0x000000000000164c       0x10 /home/rutuja/sjtwo-c/compiler/linux/gcc-arm-none-eabi-8-2019-q3-update/bin/../lib/gcc/arm-none-eabi/8.3.1/../../../../arm-none-eabi/lib/thumb/v7e-m+fp/hard/libg_nano.a(lib_a-malloc.o)
                0x000000000000164c                malloc
 .text.free     0x000000000000165c       0x10 /home/rutuja/sjtwo-c/compiler/linux/gcc-arm-none-eabi-8-2019-q3-update/bin/../lib/gcc/arm-none-eabi/8.3.1/../../../../arm-none-eabi/lib/thumb/v7e-m+fp/hard/libg_nano.a(lib_a-malloc.o)
                0x000000000000165c                free
 .text.memcpy   0x000000000000166c       0x1c /home/rutuja/sjtwo-c/compiler/linux/gcc-arm-none-eabi-8-2019-q3-update/bin/../lib/gcc/arm-none-eabi/8.3.1/../../../../arm-none-eabi/lib/thumb/v7e-m+fp/hard/libg_nano.a(lib_a-memcpy-stub.o)
                0x000000000000166c                memcpy
 .text.memset   0x0000000000001688       0x10 /home/rutuja/sjtwo-c/compiler/linux/gcc-arm-none-eabi-8-2019-q3-update/bin/../lib/gcc/arm-none-eabi/8.3.1/../../../../arm-none-eabi/lib/thumb/v7e-m+fp/hard/libg_nano.a(lib_a-memset.o)
                0x0000000000001688                memset
 .text._free_r  0x0000000000001698       0x9c /home/rutuja/sjtwo-c/compiler/linux/gcc-arm-none-eabi-8-2019-q3-update/bin/../lib/gcc/arm-none-eabi/8.3.1/../../../../arm-none-eabi/lib/thumb/v7e-m+fp/hard/libg_nano.a(lib_a-nano-freer.o)
                0x0000000000001698                _free_r
 .text._malloc_r
                0x0000000000001734       0xb4 /home/rutuja/sjtwo-c/compiler/linux/gcc-arm-none-eabi-8-2019-q3-update/bin/../lib/gcc/arm-none-eabi/8.3.1/../../../../arm-none-eabi/lib/thumb/v7e-m+fp/hard/libg_nano.a(lib_a-nano-mallocr.o)
                0x0000000000001734                _malloc_r
 .text._sbrk_r  0x00000000000017e8       0x20 /home/rutuja/sjtwo-c/compiler/linux/gcc-arm-none-eabi-8-2019-q3-update/bin/../lib/gcc/arm-none-eabi/8.3.1/../../../../arm-none-eabi/lib/thumb/v7e-m+fp/hard/libg_nano.a(lib_a-sbrkr.o)
                0x00000000000017e8                _sbrk_r
 .text          0x0000000000001808       0x10 /home/rutuja/sjtwo-c/compiler/linux/gcc-arm-none-eabi-8-2019-q3-update/bin/../lib/gcc/arm-none-eabi/8.3.1/../../../../arm-none-eabi/lib/thumb/v7e-m+fp/hard/libg_nano.a(lib_a-strlen.o)
                0x0000000000001808                strlen
 .text.__malloc_lock
                0x0000000000001818        0xc /home/rutuja/sjtwo-c/compiler/linux/gcc-arm-none-eabi-8-2019-q3-update/bin/../lib/gcc/arm-none-eabi/8.3.1/../../../../arm-none-eabi/lib/thumb/v7e-m+fp/hard/libg_nano.a(lib_a-mlock.o)
                0x0000000000001818                __malloc_lock
 .text.__malloc_unlock
                0x0000000000001824        0xc /home/rutuja/sjtwo-c/compiler/linux/gcc-arm-none-eabi-8-2019-q3-update/bin/../lib/gcc/arm-none-eabi/8.3.1/../../../../arm-none-eabi/lib/thumb/v7e-m+fp/hard/libg_nano.a(lib_a-mlock.o)
                0x0000000000001824                __malloc_unlock
 .text.__retarget_lock_acquire_recursive
                0x0000000000001830        0x2 /home/rutuja/sjtwo-c/compiler/linux/gcc-arm-none-eabi-8-2019-q3-update/bin/../lib/gcc/arm-none-eabi/8.3.1/../../../../arm-none-eabi/lib/thumb/v7e-m+fp/hard/libg_nano.a(lib_a-lock.o)
                0x0000000000001830                __retarget_lock_acquire_recursive
 .text.__retarget_lock_release_recursive
                0x0000000000001832        0x2 /home/rutuja/sjtwo-c/compiler/linux/gcc-arm-none-eabi-8-2019-q3-update/bin/../lib/gcc/arm-none-eabi/8.3.1/../../../../arm-none-eabi/lib/thumb/v7e-m+fp/hard/libg_nano.a(lib_a-lock.o)
                0x0000000000001832                __retarget_lock_release_recursive
 *(.rodata .rodata.* .constdata .constdata.*)
 .rodata.main.str1.1
                0x0000000000001834        0x4 _build/obj/main.o
 .rodata.vApplicationMallocFailedHook.str1.1
                0x0000000000001838       0x36 _build/obj/rtos_hooks.o
 .rodata.vTaskStartScheduler.str1.1
                0x000000000000186e        0x5 _build/obj/tasks.o
 *fill*         0x0000000000001873        0x1 ff
 .rodata.hw_timers
                0x0000000000001874       0x20 _build/obj/hw_timer.o
 .rodata.lpc_peripheral_pconp_bit_map
                0x0000000000001894        0x9 _build/obj/lpc_peripherals.o
                0x00000000000018a0                . = ALIGN (0x4)
 *fill*         0x000000000000189d        0x3 ff

.glue_7         0x00000000000018a0        0x0
 .glue_7        0x00000000000018a0        0x0 linker stubs

.glue_7t        0x00000000000018a0        0x0
 .glue_7t       0x00000000000018a0        0x0 linker stubs

.vfp11_veneer   0x00000000000018a0        0x0
 .vfp11_veneer  0x00000000000018a0        0x0 linker stubs

.v4_bx          0x00000000000018a0        0x0
 .v4_bx         0x00000000000018a0        0x0 linker stubs

.iplt           0x00000000000018a0        0x0
 .iplt          0x00000000000018a0        0x0 _build/obj/entry_point.o

.rel.dyn        0x00000000000018a0        0x0
 .rel.iplt      0x00000000000018a0        0x0 _build/obj/entry_point.o

.ARM.extab
 *(.ARM.extab* .gnu.linkonce.armextab.*)
                0x00000000000018a0                __exidx_start = .

.ARM.exidx
 *(.ARM.exidx* .gnu.linkonce.armexidx.*)
                0x00000000000018a0                __exidx_end = .
                0x00000000000018a0                _etext = .

.data_RAM2      0x0000000020000000        0x0 load address 0x00000000000018a0
 FILL mask 0xff
                [!provide]                        PROVIDE (__start_data_RAM2 = .)
 *(.ramfunc.$RAM2)
 *(.ramfunc.$RamPeriph32)
 *(.data.$RAM2*)
 *(.data.$RamPeriph32*)
                0x0000000020000000                . = ALIGN (0x4)
                0x0000000020000000                PROVIDE (__end_data_RAM2 = .)

.uninit_RESERVED
                0x0000000010000000        0x0
 *(.bss.$RESERVED*)
                0x0000000010000000                . = ALIGN (0x4)
                0x0000000010000000                _end_uninit_RESERVED = .

.data           0x0000000010000000      0x16c load address 0x00000000000018a0
 FILL mask 0xff
                0x0000000010000000                _data = .
 *(vtable)
 *(.ramfunc*)
 *(.data*)
 .data.uxCriticalNesting
                0x0000000010000000        0x4 _build/obj/port.o
 .data.lpc_peripheral__isr_registrations
                0x0000000010000004       0xa4 _build/obj/lpc_peripherals.o
 .data.uarts    0x00000000100000a8       0x60 _build/obj/uart.o
 .data._impure_ptr
                0x0000000010000108        0x4 /home/rutuja/sjtwo-c/compiler/linux/gcc-arm-none-eabi-8-2019-q3-update/bin/../lib/gcc/arm-none-eabi/8.3.1/../../../../arm-none-eabi/lib/thumb/v7e-m+fp/hard/libg_nano.a(lib_a-impure.o)
                0x0000000010000108                _impure_ptr
 .data.impure_data
                0x000000001000010c       0x60 /home/rutuja/sjtwo-c/compiler/linux/gcc-arm-none-eabi-8-2019-q3-update/bin/../lib/gcc/arm-none-eabi/8.3.1/../../../../arm-none-eabi/lib/thumb/v7e-m+fp/hard/libg_nano.a(lib_a-impure.o)
                0x000000001000016c                . = ALIGN (0x4)
                0x000000001000016c                PROVIDE (_edata = .)

.igot.plt       0x000000001000016c        0x0 load address 0x0000000000001a0c
 .igot.plt      0x000000001000016c        0x0 _build/obj/entry_point.o

.bss_RAM2       0x0000000020000000        0x0
                0x0000000020000000                PROVIDE (__start_bss_RAM2 = .)
 *(.bss.$RAM2*)
 *(.bss.$RamPeriph32*)
                0x0000000020000000                . = ALIGN ((. != 0x0)?0x4:0x1)
                0x0000000020000000                PROVIDE (__end_bss_RAM2 = .)

.bss            0x000000001000016c      0x114
                0x000000001000016c                _bss = .
 *(.bss*)
 .bss.pxCurrentTCB
                0x000000001000016c        0x4 _build/obj/tasks.o
                0x000000001000016c                pxCurrentTCB
 .bss.pxDelayedTaskList
                0x0000000010000170        0x4 _build/obj/tasks.o
 .bss.pxOverflowDelayedTaskList
                0x0000000010000174        0x4 _build/obj/tasks.o
 .bss.pxReadyTasksLists
                0x0000000010000178       0x64 _build/obj/tasks.o
 .bss.uxCurrentNumberOfTasks
                0x00000000100001dc        0x4 _build/obj/tasks.o
 .bss.uxPendedTicks
                0x00000000100001e0        0x4 _build/obj/tasks.o
 .bss.uxSchedulerSuspended
                0x00000000100001e4        0x4 _build/obj/tasks.o
 .bss.uxTaskNumber
                0x00000000100001e8        0x4 _build/obj/tasks.o
 .bss.uxTopReadyPriority
                0x00000000100001ec        0x4 _build/obj/tasks.o
 .bss.xDelayedTaskList1
                0x00000000100001f0       0x14 _build/obj/tasks.o
 .bss.xDelayedTaskList2
                0x0000000010000204       0x14 _build/obj/tasks.o
 .bss.xIdleTaskHandle
                0x0000000010000218        0x4 _build/obj/tasks.o
 .bss.xNextTaskUnblockTime
                0x000000001000021c        0x4 _build/obj/tasks.o
 .bss.xNumOfOverflows
                0x0000000010000220        0x4 _build/obj/tasks.o
 .bss.xPendingReadyList
                0x0000000010000224       0x14 _build/obj/tasks.o
 .bss.xSchedulerRunning
                0x0000000010000238        0x4 _build/obj/tasks.o
 .bss.xSuspendedTaskList
                0x000000001000023c       0x14 _build/obj/tasks.o
 .bss.xTickCount
                0x0000000010000250        0x4 _build/obj/tasks.o
 .bss.xYieldPending
                0x0000000010000254        0x4 _build/obj/tasks.o
 .bss.ucMaxSysCallPriority
                0x0000000010000258        0x1 _build/obj/port.o
 *fill*         0x0000000010000259        0x3 
 .bss.ulMaxPRIGROUPValue
                0x000000001000025c        0x4 _build/obj/port.o
 .bss.current_heap_base_ptr.5383
                0x0000000010000260        0x4 _build/obj/syscall.o
 .bss.sys_time__sec_counter
                0x0000000010000264        0x4 _build/obj/sys_time.o
 .bss.__malloc_free_list
                0x0000000010000268        0x4 /home/rutuja/sjtwo-c/compiler/linux/gcc-arm-none-eabi-8-2019-q3-update/bin/../lib/gcc/arm-none-eabi/8.3.1/../../../../arm-none-eabi/lib/thumb/v7e-m+fp/hard/libg_nano.a(lib_a-nano-mallocr.o)
                0x0000000010000268                __malloc_free_list
 .bss.__malloc_sbrk_start
                0x000000001000026c        0x4 /home/rutuja/sjtwo-c/compiler/linux/gcc-arm-none-eabi-8-2019-q3-update/bin/../lib/gcc/arm-none-eabi/8.3.1/../../../../arm-none-eabi/lib/thumb/v7e-m+fp/hard/libg_nano.a(lib_a-nano-mallocr.o)
                0x000000001000026c                __malloc_sbrk_start
 *(COMMON)
 COMMON         0x0000000010000270        0x4 /home/rutuja/sjtwo-c/compiler/linux/gcc-arm-none-eabi-8-2019-q3-update/bin/../lib/gcc/arm-none-eabi/8.3.1/../../../../arm-none-eabi/lib/thumb/v7e-m+fp/hard/libg_nano.a(lib_a-reent.o)
                0x0000000010000270                errno
 COMMON         0x0000000010000274        0x9 /home/rutuja/sjtwo-c/compiler/linux/gcc-arm-none-eabi-8-2019-q3-update/bin/../lib/gcc/arm-none-eabi/8.3.1/../../../../arm-none-eabi/lib/thumb/v7e-m+fp/hard/libg_nano.a(lib_a-lock.o)
                0x0000000010000274                __lock___atexit_recursive_mutex
                0x0000000010000275                __lock___arc4random_mutex
                0x0000000010000276                __lock___env_recursive_mutex
                0x0000000010000277                __lock___sinit_recursive_mutex
                0x0000000010000278                __lock___malloc_recursive_mutex
                0x0000000010000279                __lock___at_quick_exit_mutex
                0x000000001000027a                __lock___dd_hash_mutex
                0x000000001000027b                __lock___tz_mutex
                0x000000001000027c                __lock___sfp_recursive_mutex
                0x0000000010000280                . = ALIGN (0x4)
 *fill*         0x000000001000027d        0x3 
                0x0000000010000280                PROVIDE (_ebss = .)
                [!provide]                        PROVIDE (end = .)

.noinit_RAM2    0x0000000020000000        0x0
 *(.noinit.$RAM2*)
 *(.noinit.$RamPeriph32*)
                0x0000000020000000                . = ALIGN (0x4)

.noinit         0x0000000010000280        0x0
                0x0000000010000280                _noinit = .
 *(.noinit*)
                0x0000000010000280                . = ALIGN (0x4)
                0x0000000010000280                _end_noinit = .
                0x0000000020000000                PROVIDE (heap = DEFINED (__user_heap_base)?__user_heap_base:.)
                0x0000000020008000                PROVIDE (heap_end = __top_RAM2)
                0x0000000010010000                PROVIDE (StackTop = DEFINED (__user_stack_top)?__user_stack_top:(__top_RamLoc64 - 0x0))
                0x0000000020000000                PROVIDE (_bheap = heap)
                0x0000000020008000                PROVIDE (_eheap = heap_end)
                0x0000000010010000                PROVIDE (_estack = StackTop)
                0x00000000000018a0                PROVIDE (_bdata_lma = LOADADDR (.data))
                0x0000000010000000                PROVIDE (_bdata_vma = ADDR (.data))
                0x00000000000018a0                PROVIDE (_bdata_lma_peripheral = LOADADDR (.data_RAM2))
                0x0000000020000000                PROVIDE (_bdata_vma_peripheral = ADDR (.data_RAM2))
                0x0000000020000000                PROVIDE (_edata_peripheral = __end_data_RAM2)
                0x000000001000016c                PROVIDE (_bbss = _bss)
                0x0000000020000000                PROVIDE (_bbss_peripheral = __start_bss_RAM2)
                0x0000000020000000                PROVIDE (_ebss_peripheral = __end_bss_RAM2)
OUTPUT(_build/sjtwo-c.elf elf32-littlearm)

.debug_info     0x0000000000000000     0xc135
 .debug_info    0x0000000000000000      0x101 _build/obj/entry_point.o
 .debug_info    0x0000000000000101       0xc1 _build/obj/interrupt_vector_table.o
 .debug_info    0x00000000000001c2      0x466 _build/obj/main.o
 .debug_info    0x0000000000000628      0x1bb _build/obj/rtos_hooks.o
 .debug_info    0x00000000000007e3      0xb72 _build/obj/list.o
 .debug_info    0x0000000000001355     0x28f9 _build/obj/queue.o
 .debug_info    0x0000000000003c4e     0x2d1a _build/obj/tasks.o
 .debug_info    0x0000000000006968      0xa30 _build/obj/heap_3.o
 .debug_info    0x0000000000007398      0x489 _build/obj/port.o
 .debug_info    0x0000000000007821      0x442 _build/obj/clock.o
 .debug_info    0x0000000000007c63      0x27c _build/obj/ram.o
 .debug_info    0x0000000000007edf      0x2d9 _build/obj/startup.o
 .debug_info    0x00000000000081b8      0x13e _build/obj/syscall.o
 .debug_info    0x00000000000082f6      0xf83 _build/obj/gpio.o
 .debug_info    0x0000000000009279      0x49f _build/obj/hw_timer.o
 .debug_info    0x0000000000009718      0x815 _build/obj/lpc_peripherals.o
 .debug_info    0x0000000000009f2d     0x1253 _build/obj/uart.o
 .debug_info    0x000000000000b180      0x2c2 _build/obj/sys_time.o
 .debug_info    0x000000000000b442      0xcf3 _build/obj/uart_printf.o

.debug_abbrev   0x0000000000000000     0x279e
 .debug_abbrev  0x0000000000000000       0x64 _build/obj/entry_point.o
 .debug_abbrev  0x0000000000000064       0xa0 _build/obj/interrupt_vector_table.o
 .debug_abbrev  0x0000000000000104      0x1e6 _build/obj/main.o
 .debug_abbrev  0x00000000000002ea      0x12d _build/obj/rtos_hooks.o
 .debug_abbrev  0x0000000000000417      0x236 _build/obj/list.o
 .debug_abbrev  0x000000000000064d      0x485 _build/obj/queue.o
 .debug_abbrev  0x0000000000000ad2      0x55a _build/obj/tasks.o
 .debug_abbrev  0x000000000000102c      0x28e _build/obj/heap_3.o
 .debug_abbrev  0x00000000000012ba      0x28a _build/obj/port.o
 .debug_abbrev  0x0000000000001544      0x11c _build/obj/clock.o
 .debug_abbrev  0x0000000000001660      0x10b _build/obj/ram.o
 .debug_abbrev  0x000000000000176b      0x10e _build/obj/startup.o
 .debug_abbrev  0x0000000000001879       0xc7 _build/obj/syscall.o
 .debug_abbrev  0x0000000000001940      0x287 _build/obj/gpio.o
 .debug_abbrev  0x0000000000001bc7      0x1b3 _build/obj/hw_timer.o
 .debug_abbrev  0x0000000000001d7a      0x234 _build/obj/lpc_peripherals.o
 .debug_abbrev  0x0000000000001fae      0x3dc _build/obj/uart.o
 .debug_abbrev  0x000000000000238a      0x150 _build/obj/sys_time.o
 .debug_abbrev  0x00000000000024da      0x2c4 _build/obj/uart_printf.o

.debug_aranges  0x0000000000000000      0x658
 .debug_aranges
                0x0000000000000000       0x20 _build/obj/entry_point.o
 .debug_aranges
                0x0000000000000020       0x20 _build/obj/interrupt_vector_table.o
 .debug_aranges
                0x0000000000000040       0x28 _build/obj/main.o
 .debug_aranges
                0x0000000000000068       0x30 _build/obj/rtos_hooks.o
 .debug_aranges
                0x0000000000000098       0x40 _build/obj/list.o
 .debug_aranges
                0x00000000000000d8       0xf8 _build/obj/queue.o
 .debug_aranges
                0x00000000000001d0      0x180 _build/obj/tasks.o
 .debug_aranges
                0x0000000000000350       0x28 _build/obj/heap_3.o
 .debug_aranges
                0x0000000000000378       0x80 _build/obj/port.o
 .debug_aranges
                0x00000000000003f8       0x28 _build/obj/clock.o
 .debug_aranges
                0x0000000000000420       0x28 _build/obj/ram.o
 .debug_aranges
                0x0000000000000448       0x28 _build/obj/startup.o
 .debug_aranges
                0x0000000000000470       0x20 _build/obj/syscall.o
 .debug_aranges
                0x0000000000000490       0x70 _build/obj/gpio.o
 .debug_aranges
                0x0000000000000500       0x38 _build/obj/hw_timer.o
 .debug_aranges
                0x0000000000000538       0x38 _build/obj/lpc_peripherals.o
 .debug_aranges
                0x0000000000000570       0x80 _build/obj/uart.o
 .debug_aranges
                0x00000000000005f0       0x30 _build/obj/sys_time.o
 .debug_aranges
                0x0000000000000620       0x38 _build/obj/uart_printf.o

.debug_ranges   0x0000000000000000      0xb28
 .debug_ranges  0x0000000000000000       0x10 _build/obj/entry_point.o
 .debug_ranges  0x0000000000000010       0x10 _build/obj/interrupt_vector_table.o
 .debug_ranges  0x0000000000000020       0x30 _build/obj/main.o
 .debug_ranges  0x0000000000000050       0x50 _build/obj/rtos_hooks.o
 .debug_ranges  0x00000000000000a0       0x30 _build/obj/list.o
 .debug_ranges  0x00000000000000d0      0x2b0 _build/obj/queue.o
 .debug_ranges  0x0000000000000380      0x290 _build/obj/tasks.o
 .debug_ranges  0x0000000000000610       0x18 _build/obj/heap_3.o
 .debug_ranges  0x0000000000000628       0xa0 _build/obj/port.o
 .debug_ranges  0x00000000000006c8       0x18 _build/obj/clock.o
 .debug_ranges  0x00000000000006e0       0x78 _build/obj/ram.o
 .debug_ranges  0x0000000000000758       0x18 _build/obj/startup.o
 .debug_ranges  0x0000000000000770       0x10 _build/obj/syscall.o
 .debug_ranges  0x0000000000000780      0x198 _build/obj/gpio.o
 .debug_ranges  0x0000000000000918       0x28 _build/obj/hw_timer.o
 .debug_ranges  0x0000000000000940       0x28 _build/obj/lpc_peripherals.o
 .debug_ranges  0x0000000000000968      0x108 _build/obj/uart.o
 .debug_ranges  0x0000000000000a70       0x20 _build/obj/sys_time.o
 .debug_ranges  0x0000000000000a90       0x98 _build/obj/uart_printf.o

.debug_line     0x0000000000000000     0x6038
 .debug_line    0x0000000000000000       0xe6 _build/obj/entry_point.o
 .debug_line    0x00000000000000e6       0xa0 _build/obj/interrupt_vector_table.o
 .debug_line    0x0000000000000186      0x2d4 _build/obj/main.o
 .debug_line    0x000000000000045a      0x131 _build/obj/rtos_hooks.o
 .debug_line    0x000000000000058b      0x3ed _build/obj/list.o
 .debug_line    0x0000000000000978     0x1424 _build/obj/queue.o
 .debug_line    0x0000000000001d9c     0x1bc2 _build/obj/tasks.o
 .debug_line    0x000000000000395e      0x260 _build/obj/heap_3.o
 .debug_line    0x0000000000003bbe      0x541 _build/obj/port.o
 .debug_line    0x00000000000040ff      0x229 _build/obj/clock.o
 .debug_line    0x0000000000004328      0x1ee _build/obj/ram.o
 .debug_line    0x0000000000004516      0x1bf _build/obj/startup.o
 .debug_line    0x00000000000046d5      0x202 _build/obj/syscall.o
 .debug_line    0x00000000000048d7      0x441 _build/obj/gpio.o
 .debug_line    0x0000000000004d18      0x2cb _build/obj/hw_timer.o
 .debug_line    0x0000000000004fe3      0x2a8 _build/obj/lpc_peripherals.o
 .debug_line    0x000000000000528b      0x82a _build/obj/uart.o
 .debug_line    0x0000000000005ab5      0x20f _build/obj/sys_time.o
 .debug_line    0x0000000000005cc4      0x374 _build/obj/uart_printf.o

.debug_str      0x0000000000000000     0x336d
 .debug_str     0x0000000000000000      0x1db _build/obj/entry_point.o
                                        0x214 (size before relaxing)
 .debug_str     0x00000000000001db       0x5f _build/obj/interrupt_vector_table.o
                                        0x1c6 (size before relaxing)
 .debug_str     0x000000000000023a      0x265 _build/obj/main.o
                                        0x408 (size before relaxing)
 .debug_str     0x000000000000049f       0xce _build/obj/rtos_hooks.o
                                        0x25f (size before relaxing)
 .debug_str     0x000000000000056d      0x502 _build/obj/list.o
                                        0x6c6 (size before relaxing)
 .debug_str     0x0000000000000a6f      0x7c0 _build/obj/queue.o
                                        0xea3 (size before relaxing)
 .debug_str     0x000000000000122f      0xa0f _build/obj/tasks.o
                                       0x1390 (size before relaxing)
 .debug_str     0x0000000000001c3e       0x51 _build/obj/heap_3.o
                                        0x5fa (size before relaxing)
 .debug_str     0x0000000000001c8f      0x18e _build/obj/port.o
                                        0x474 (size before relaxing)
 .debug_str     0x0000000000001e1d      0x1e4 _build/obj/clock.o
                                        0x3e0 (size before relaxing)
 .debug_str     0x0000000000002001      0x144 _build/obj/ram.o
                                        0x2bd (size before relaxing)
 .debug_str     0x0000000000002145       0x83 _build/obj/startup.o
                                        0x286 (size before relaxing)
 .debug_str     0x00000000000021c8       0x95 _build/obj/syscall.o
                                        0x229 (size before relaxing)
 .debug_str     0x000000000000225d      0x529 _build/obj/gpio.o
                                        0x817 (size before relaxing)
 .debug_str     0x0000000000002786      0x2c4 _build/obj/hw_timer.o
                                        0x489 (size before relaxing)
 .debug_str     0x0000000000002a4a      0x365 _build/obj/lpc_peripherals.o
                                        0x7df (size before relaxing)
 .debug_str     0x0000000000002daf      0x41f _build/obj/uart.o
                                        0x8c2 (size before relaxing)
 .debug_str     0x00000000000031ce       0xe6 _build/obj/sys_time.o
                                        0x371 (size before relaxing)
 .debug_str     0x00000000000032b4       0xb9 _build/obj/uart_printf.o
                                        0x682 (size before relaxing)

.comment        0x0000000000000000       0x76
 .comment       0x0000000000000000       0x76 _build/obj/entry_point.o
                                         0x77 (size before relaxing)
 .comment       0x0000000000000076       0x77 _build/obj/interrupt_vector_table.o
 .comment       0x0000000000000076       0x77 _build/obj/main.o
 .comment       0x0000000000000076       0x77 _build/obj/rtos_hooks.o
 .comment       0x0000000000000076       0x77 _build/obj/list.o
 .comment       0x0000000000000076       0x77 _build/obj/queue.o
 .comment       0x0000000000000076       0x77 _build/obj/tasks.o
 .comment       0x0000000000000076       0x77 _build/obj/heap_3.o
 .comment       0x0000000000000076       0x77 _build/obj/port.o
 .comment       0x0000000000000076       0x77 _build/obj/clock.o
 .comment       0x0000000000000076       0x77 _build/obj/ram.o
 .comment       0x0000000000000076       0x77 _build/obj/startup.o
 .comment       0x0000000000000076       0x77 _build/obj/syscall.o
 .comment       0x0000000000000076       0x77 _build/obj/gpio.o
 .comment       0x0000000000000076       0x77 _build/obj/hw_timer.o
 .comment       0x0000000000000076       0x77 _build/obj/lpc_peripherals.o
 .comment       0x0000000000000076       0x77 _build/obj/uart.o
 .comment       0x0000000000000076       0x77 _build/obj/sys_time.o
 .comment       0x0000000000000076       0x77 _build/obj/uart_printf.o

.ARM.attributes
                0x0000000000000000       0x32
 .ARM.attributes
                0x0000000000000000       0x34 _build/obj/entry_point.o
 .ARM.attributes
                0x0000000000000034       0x34 _build/obj/interrupt_vector_table.o
 .ARM.attributes
                0x0000000000000068       0x34 _build/obj/main.o
 .ARM.attributes
                0x000000000000009c       0x34 _build/obj/rtos_hooks.o
 .ARM.attributes
                0x00000000000000d0       0x34 _build/obj/list.o
 .ARM.attributes
                0x0000000000000104       0x34 _build/obj/queue.o
 .ARM.attributes
                0x0000000000000138       0x34 _build/obj/tasks.o
 .ARM.attributes
                0x000000000000016c       0x34 _build/obj/heap_3.o
 .ARM.attributes
                0x00000000000001a0       0x34 _build/obj/port.o
 .ARM.attributes
                0x00000000000001d4       0x34 _build/obj/clock.o
 .ARM.attributes
                0x0000000000000208       0x34 _build/obj/ram.o
 .ARM.attributes
                0x000000000000023c       0x34 _build/obj/startup.o
 .ARM.attributes
                0x0000000000000270       0x34 _build/obj/syscall.o
 .ARM.attributes
                0x00000000000002a4       0x34 _build/obj/gpio.o
 .ARM.attributes
                0x00000000000002d8       0x34 _build/obj/hw_timer.o
 .ARM.attributes
                0x000000000000030c       0x34 _build/obj/lpc_peripherals.o
 .ARM.attributes
                0x0000000000000340       0x34 _build/obj/uart.o
 .ARM.attributes
                0x0000000000000374       0x34 _build/obj/sys_time.o
 .ARM.attributes
                0x00000000000003a8       0x34 _build/obj/uart_printf.o
 .ARM.attributes
                0x00000000000003dc       0x34 /home/rutuja/sjtwo-c/compiler/linux/gcc-arm-none-eabi-8-2019-q3-update/bin/../lib/gcc/arm-none-eabi/8.3.1/../../../../arm-none-eabi/lib/thumb/v7e-m+fp/hard/libg_nano.a(lib_a-malloc.o)
 .ARM.attributes
                0x0000000000000410       0x34 /home/rutuja/sjtwo-c/compiler/linux/gcc-arm-none-eabi-8-2019-q3-update/bin/../lib/gcc/arm-none-eabi/8.3.1/../../../../arm-none-eabi/lib/thumb/v7e-m+fp/hard/libg_nano.a(lib_a-memcpy-stub.o)
 .ARM.attributes
                0x0000000000000444       0x34 /home/rutuja/sjtwo-c/compiler/linux/gcc-arm-none-eabi-8-2019-q3-update/bin/../lib/gcc/arm-none-eabi/8.3.1/../../../../arm-none-eabi/lib/thumb/v7e-m+fp/hard/libg_nano.a(lib_a-memset.o)
 .ARM.attributes
                0x0000000000000478       0x34 /home/rutuja/sjtwo-c/compiler/linux/gcc-arm-none-eabi-8-2019-q3-update/bin/../lib/gcc/arm-none-eabi/8.3.1/../../../../arm-none-eabi/lib/thumb/v7e-m+fp/hard/libg_nano.a(lib_a-nano-freer.o)
 .ARM.attributes
                0x00000000000004ac       0x34 /home/rutuja/sjtwo-c/compiler/linux/gcc-arm-none-eabi-8-2019-q3-update/bin/../lib/gcc/arm-none-eabi/8.3.1/../../../../arm-none-eabi/lib/thumb/v7e-m+fp/hard/libg_nano.a(lib_a-nano-mallocr.o)
 .ARM.attributes
                0x00000000000004e0       0x34 /home/rutuja/sjtwo-c/compiler/linux/gcc-arm-none-eabi-8-2019-q3-update/bin/../lib/gcc/arm-none-eabi/8.3.1/../../../../arm-none-eabi/lib/thumb/v7e-m+fp/hard/libg_nano.a(lib_a-sbrkr.o)
 .ARM.attributes
                0x0000000000000514       0x17 /home/rutuja/sjtwo-c/compiler/linux/gcc-arm-none-eabi-8-2019-q3-update/bin/../lib/gcc/arm-none-eabi/8.3.1/../../../../arm-none-eabi/lib/thumb/v7e-m+fp/hard/libg_nano.a(lib_a-strlen.o)
 .ARM.attributes
                0x000000000000052b       0x32 /home/rutuja/sjtwo-c/compiler/linux/gcc-arm-none-eabi-8-2019-q3-update/bin/../lib/gcc/arm-none-eabi/8.3.1/../../../../arm-none-eabi/lib/thumb/v7e-m+fp/hard/libg_nano.a(lib_a-impure.o)
 .ARM.attributes
                0x000000000000055d       0x34 /home/rutuja/sjtwo-c/compiler/linux/gcc-arm-none-eabi-8-2019-q3-update/bin/../lib/gcc/arm-none-eabi/8.3.1/../../../../arm-none-eabi/lib/thumb/v7e-m+fp/hard/libg_nano.a(lib_a-mlock.o)
 .ARM.attributes
                0x0000000000000591       0x34 /home/rutuja/sjtwo-c/compiler/linux/gcc-arm-none-eabi-8-2019-q3-update/bin/../lib/gcc/arm-none-eabi/8.3.1/../../../../arm-none-eabi/lib/thumb/v7e-m+fp/hard/libg_nano.a(lib_a-reent.o)
 .ARM.attributes
                0x00000000000005c5       0x34 /home/rutuja/sjtwo-c/compiler/linux/gcc-arm-none-eabi-8-2019-q3-update/bin/../lib/gcc/arm-none-eabi/8.3.1/../../../../arm-none-eabi/lib/thumb/v7e-m+fp/hard/libg_nano.a(lib_a-lock.o)

.debug_frame    0x0000000000000000     0x1244
 .debug_frame   0x0000000000000000       0x28 _build/obj/entry_point.o
 .debug_frame   0x0000000000000028       0x20 _build/obj/interrupt_vector_table.o
 .debug_frame   0x0000000000000048       0x44 _build/obj/main.o
 .debug_frame   0x000000000000008c       0x50 _build/obj/rtos_hooks.o
 .debug_frame   0x00000000000000dc       0x6c _build/obj/list.o
 .debug_frame   0x0000000000000148      0x33c _build/obj/queue.o
 .debug_frame   0x0000000000000484      0x4dc _build/obj/tasks.o
 .debug_frame   0x0000000000000960       0x48 _build/obj/heap_3.o
 .debug_frame   0x00000000000009a8      0x108 _build/obj/port.o
 .debug_frame   0x0000000000000ab0       0x30 _build/obj/clock.o
 .debug_frame   0x0000000000000ae0       0x30 _build/obj/ram.o
 .debug_frame   0x0000000000000b10       0x3c _build/obj/startup.o
 .debug_frame   0x0000000000000b4c       0x20 _build/obj/syscall.o
 .debug_frame   0x0000000000000b6c      0x134 _build/obj/gpio.o
 .debug_frame   0x0000000000000ca0       0x6c _build/obj/hw_timer.o
 .debug_frame   0x0000000000000d0c       0x50 _build/obj/lpc_peripherals.o
 .debug_frame   0x0000000000000d5c      0x160 _build/obj/uart.o
 .debug_frame   0x0000000000000ebc       0x58 _build/obj/sys_time.o
 .debug_frame   0x0000000000000f14       0xe8 _build/obj/uart_printf.o
 .debug_frame   0x0000000000000ffc       0x30 /home/rutuja/sjtwo-c/compiler/linux/gcc-arm-none-eabi-8-2019-q3-update/bin/../lib/gcc/arm-none-eabi/8.3.1/../../../../arm-none-eabi/lib/thumb/v7e-m+fp/hard/libg_nano.a(lib_a-malloc.o)
 .debug_frame   0x000000000000102c       0x28 /home/rutuja/sjtwo-c/compiler/linux/gcc-arm-none-eabi-8-2019-q3-update/bin/../lib/gcc/arm-none-eabi/8.3.1/../../../../arm-none-eabi/lib/thumb/v7e-m+fp/hard/libg_nano.a(lib_a-memcpy-stub.o)
 .debug_frame   0x0000000000001054       0x20 /home/rutuja/sjtwo-c/compiler/linux/gcc-arm-none-eabi-8-2019-q3-update/bin/../lib/gcc/arm-none-eabi/8.3.1/../../../../arm-none-eabi/lib/thumb/v7e-m+fp/hard/libg_nano.a(lib_a-memset.o)
 .debug_frame   0x0000000000001074       0x38 /home/rutuja/sjtwo-c/compiler/linux/gcc-arm-none-eabi-8-2019-q3-update/bin/../lib/gcc/arm-none-eabi/8.3.1/../../../../arm-none-eabi/lib/thumb/v7e-m+fp/hard/libg_nano.a(lib_a-nano-freer.o)
 .debug_frame   0x00000000000010ac       0x30 /home/rutuja/sjtwo-c/compiler/linux/gcc-arm-none-eabi-8-2019-q3-update/bin/../lib/gcc/arm-none-eabi/8.3.1/../../../../arm-none-eabi/lib/thumb/v7e-m+fp/hard/libg_nano.a(lib_a-nano-mallocr.o)
 .debug_frame   0x00000000000010dc       0x2c /home/rutuja/sjtwo-c/compiler/linux/gcc-arm-none-eabi-8-2019-q3-update/bin/../lib/gcc/arm-none-eabi/8.3.1/../../../../arm-none-eabi/lib/thumb/v7e-m+fp/hard/libg_nano.a(lib_a-sbrkr.o)
 .debug_frame   0x0000000000001108       0x30 /home/rutuja/sjtwo-c/compiler/linux/gcc-arm-none-eabi-8-2019-q3-update/bin/../lib/gcc/arm-none-eabi/8.3.1/../../../../arm-none-eabi/lib/thumb/v7e-m+fp/hard/libg_nano.a(lib_a-mlock.o)
 .debug_frame   0x0000000000001138       0x5c /home/rutuja/sjtwo-c/compiler/linux/gcc-arm-none-eabi-8-2019-q3-update/bin/../lib/gcc/arm-none-eabi/8.3.1/../../../../arm-none-eabi/lib/thumb/v7e-m+fp/hard/libg_nano.a(lib_a-reent.o)
 .debug_frame   0x0000000000001194       0xb0 /home/rutuja/sjtwo-c/compiler/linux/gcc-arm-none-eabi-8-2019-q3-update/bin/../lib/gcc/arm-none-eabi/8.3.1/../../../../arm-none-eabi/lib/thumb/v7e-m+fp/hard/libg_nano.a(lib_a-lock.o)

.debug_loc      0x0000000000000000     0x4b3d
 .debug_loc     0x0000000000000000       0x69 _build/obj/main.o
 .debug_loc     0x0000000000000069       0x6f _build/obj/rtos_hooks.o
 .debug_loc     0x00000000000000d8       0xbd _build/obj/list.o
 .debug_loc     0x0000000000000195     0x1825 _build/obj/queue.o
 .debug_loc     0x00000000000019ba     0x1b2e _build/obj/tasks.o
 .debug_loc     0x00000000000034e8       0x93 _build/obj/heap_3.o
 .debug_loc     0x000000000000357b       0xf8 _build/obj/port.o
 .debug_loc     0x0000000000003673       0x23 _build/obj/clock.o
 .debug_loc     0x0000000000003696       0xf8 _build/obj/ram.o
 .debug_loc     0x000000000000378e       0x78 _build/obj/syscall.o
 .debug_loc     0x0000000000003806      0x25c _build/obj/gpio.o
 .debug_loc     0x0000000000003a62      0x1aa _build/obj/hw_timer.o
 .debug_loc     0x0000000000003c0c      0x16f _build/obj/lpc_peripherals.o
 .debug_loc     0x0000000000003d7b      0x97a _build/obj/uart.o
 .debug_loc     0x00000000000046f5      0x146 _build/obj/sys_time.o
 .debug_loc     0x000000000000483b      0x302 _build/obj/uart_printf.o
